INSERT 0 5
 id | dna  
----+------
  1 | AT
  2 | ATG
  3 | ATGC
  4 | CGTA
  5 | TAGC
  6 | AT
  7 | ATG
  8 | ATGC
  9 | CGTA
 10 | TAGC
(10 rows)

 dna  | length 
------+--------
 AT   |      2
 ATG  |      3
 ATGC |      4
 CGTA |      4
 TAGC |      4
 AT   |      2
 ATG  |      3
 ATGC |      4
 CGTA |      4
 TAGC |      4
(10 rows)

  kmer  
--------
 ACGTAC
 CGTACG
 GTACGT
(3 rows)

INSERT 0 5
 id |               kmer               
----+----------------------------------
  1 | ACGTA
  2 | GATTC
  3 | ACGT
  4 | GAT
  5 | ACGGTTA
  6 | ACGTACGTACGTACGTACGTACGTACGTACGT
  7 | ACGTA
  8 | GATTC
  9 | ACGT
 10 | GAT
 11 | ACGGTTA
(11 rows)

INSERT 0 1
               kmer               | length 
----------------------------------+--------
 ACGTA                            |      5
 GATTC                            |      5
 ACGT                             |      4
 GAT                              |      3
 ACGGTTA                          |      7
 ACGTACGTACGTACGTACGTACGTACGTACGT |     32
 ACGTA                            |      5
 GATTC                            |      5
 ACGT                             |      4
 GAT                              |      3
 ACGGTTA                          |      7
 ACGTACGTACGTACGTACGTACGTACGTACGT |     32
(12 rows)

 id | kmer  
----+-------
  1 | ACGTA
  7 | ACGTA
(2 rows)

 id | kmer  
----+-------
  1 | ACGTA
  7 | ACGTA
(2 rows)

 id | kmer 
----+------
  3 | ACGT
  9 | ACGT
(2 rows)

 id | kmer 
----+------
  3 | ACGT
  9 | ACGT
(2 rows)

 id |               kmer               
----+----------------------------------
  1 | ACGTA
  3 | ACGT
  5 | ACGGTTA
  6 | ACGTACGTACGTACGTACGTACGTACGTACGT
  7 | ACGTA
  9 | ACGT
 11 | ACGGTTA
 12 | ACGTACGTACGTACGTACGTACGTACGTACGT
(8 rows)

 id |               kmer               
----+----------------------------------
  1 | ACGTA
  3 | ACGT
  5 | ACGGTTA
  6 | ACGTACGTACGTACGTACGTACGTACGTACGT
  7 | ACGTA
  9 | ACGT
 11 | ACGGTTA
 12 | ACGTACGTACGTACGTACGTACGTACGTACGT
(8 rows)

 id | kmer  
----+-------
  2 | GATTC
  4 | GAT
  8 | GATTC
 10 | GAT
(4 rows)

 id | kmer  
----+-------
  2 | GATTC
  4 | GAT
  8 | GATTC
 10 | GAT
(4 rows)

INSERT 0 6
 id |            qkmer             
----+------------------------------
  1 | AATGC
  2 | AANNN
  3 | WGTCA
  4 | RACGTT
  5 | NTGACGT
  6 | ATCGCATCG
  7 | AATGCGTATGCTAGTACGRYSWKMACGT
  8 | AATGC
  9 | AANNN
 10 | WGTCA
 11 | RACGTT
 12 | NTGACGT
 13 | ATCGCATCG
(13 rows)

INSERT 0 1
            qkmer             | length 
------------------------------+--------
 AATGC                        |      5
 AANNN                        |      5
 WGTCA                        |      5
 RACGTT                       |      6
 NTGACGT                      |      7
 ATCGCATCG                    |      9
 AATGCGTATGCTAGTACGRYSWKMACGT |     32
 AATGC                        |      5
 AANNN                        |      5
 WGTCA                        |      5
 RACGTT                       |      6
 NTGACGT                      |      7
 ATCGCATCG                    |      9
 AATGCGTATGCTAGTACGRYSWKMACGT |     32
(14 rows)

 id | kmer  
----+-------
  1 | ACGTA
  7 | ACGTA
(2 rows)

 id | kmer  
----+-------
  1 | ACGTA
  2 | GATTC
  7 | ACGTA
  8 | GATTC
(4 rows)

 id | kmer 
----+------
  4 | GAT
 10 | GAT
(2 rows)

 kmer  | count 
-------+-------
 TACGT |     2
 CGTAC |     2
 GTACG |     2
 ACGTA |     2
 ATTCA |     1
 TCACG |     1
 CACGT |     1
 CGTGA |     1
 ACGTG |     1
 TTCAC |     1
 GTGAT |     1
 TGATT |     1
 GATTC |     1
(13 rows)

 total_count | distinct_count | unique_count 
-------------+----------------+--------------
          17 |             13 |            9
(1 row)

COPY 1
 kmer  
-------
 AAAGA
 AAGAG
 AGAGG
 GAGGC
 AGGCT
 GGCTA
 GCTAA
 CTAAC
 TAACA
 AACAG
 ACAGG
 CAGGC
 AGGCT
 GGCTT
 GCTTT
 CTTTT
 TTTTG
 TTTGA
 TTGAA
 TGAAA
 GAAAA
 AAAAG
 AAAGT
 AAGTT
 AGTTA
 GTTAT
 TTATT
 TATTC
 ATTCT
 TTCTA
 TCTAG
 CTAGG
 TAGGG
 AGGGA
 GGGAT
 GGATT
 GATTT
 ATTTG
 TTTGT
 TTGTA
 TGTAT
 GTATG
 TATGG
 ATGGC
 TGGCT
 GGCTT
 GCTTA
 CTTAG
 TTAGC
 TAGCT
 AGCTC
 GCTCA
 CTCAG
 TCAGG
 CAGGG
 AGGGC
 GGGCG
 GGCGG
 GCGGC
 CGGCA
 GGCAC
 GCACA
 CACAC
 ACACA
 CACAC
 ACACC
 CACCA
 ACCAG
 CCAGC
 CAGCC
 AGCCT
 GCCTG
 CCTGA
 CTGAG
 TGAGG
 GAGGA
 AGGAC
 GGACA
 GACAC
 ACACA
 CACAG
 ACAGC
 CAGCT
 AGCTG
 GCTGT
 CTGTG
 TGTGA
 GTGAC
 TGACA
 GACAT
 ACATA
 CATAG
 ATAGC
 TAGCC
 AGCCC
 GCCCC
 CCCCT
 CCCTA
 CCTAA
 CTAAC
 TAACT
 AACTT
 ACTTC
 CTTCA
 TTCAA
 TCAAC
 CAACT
 AACTA
 ACTAA
 CTAAA
 TAAAC
 AAACT
 AACTC
 ACTCT
 CTCTA
 TCTAT
 CTATT
 TATTC
 ATTCC
 TTCCG
 TCCGC
 CCGCC
 CGCCT
 GCCTG
 CCTGG
 CTGGA
 TGGAG
 GGAGG
 GAGGG
 AGGGA
 GGGAA
 GGAAA
 GAAAT
 AAATC
 AATCA
 ATCAA
 TCAAA
 CAAAA
 AAAAC
 AAACT
 AACTA
 ACTAC
 CTACT
 TACTG
 ACTGT
 CTGTA
 TGTAA
 GTAAT
 TAATC
 AATCA
 ATCAT
 TCATA
 CATAA
 ATAAT
 TAATT
 AATTG
 ATTGA
 TTGAT
 TGATT
 GATTG
 ATTGA
 TTGAA
 TGAAG
 GAAGG
 AAGGC
 AGGCT
 GGCTT
 GCTTC
 CTTCA
 TTCAC
 TCACT
 CACTT
 ACTTT
 CTTTG
 TTTGT
 TTGTG
 TGTGC
 GTGCC
 TGCCA
 GCCAG
 CCAGA
 CAGAT
 AGATC
 GATCC
 ATCCT
 TCCTG
 CCTGT
 CTGTG
 TGTGC
 GTGCC
 TGCCA
 GCCAA
 CCAAC
 CAACT
 AACTG
 ACTGC
 CTGCT
 TGCTT
 GCTTT
 CTTTG
 TTTGC
 TTGCA
 TGCAC
 GCACC
 CACCA
 ACCAA
 CCAAC
 CAACT
 AACTG
 ACTGT
 CTGTC
 TGTCT
 GTCTC
 TCTCA
 CTCAT
 TCATT
 CATTT
 ATTTA
 TTTAA
 TTAAT
 TAATC
 AATCC
 ATCCT
 TCCTC
 CCTCA
 CTCAC
 TCACA
 CACAT
 ACATC
 CATCC
 ATCCA
 TCCAA
 CCAAA
 CAAAA
 AAAAG
 AAAGG
 AAGGC
 AGGCA
 GGCAG
 GCAGG
 CAGGT
 AGGTT
 GGTTA
 GTTAC
 TTACC
 TACCG
 ACCGT
 CCGTT
 CGTTA
 GTTAT
 TTATT
 TATTC
 ATTCT
 TTCTC
 TCTCC
 CTCCC
 TCCCC
 CCCCA
 CCCAT
 CCATT
 CATTT
 ATTTT
 TTTTC
 TTTCA
 TTCAA
 TCAAG
 CAAGG
 AAGGT
 AGGTG
 GGTGA
 GTGAG
 TGAGG
 GAGGA
 AGGAG
 GGAGG
 GAGGC
 AGGCG
 GGCGG
 GCGGA
 CGGAA
 GGAAG
 GAAGC
 AAGCA
 AGCAG
 GCAGA
 CAGAA
 AGAAA
 GAAAG
 AAAGA
 AAGAT
 AGATG
 GATGG
 ATGGC
 TGGCC
 GGCCA
 GCCAT
 CCATC
 CATCT
 ATCTG
 TCTGC
 CTGCC
 TGCCT
 GCCTG
 CCTGG
 CTGGA
 TGGAA
 GGAAT
 GAATT
 AATTC
 ATTCA
 TTCAC
 TCACA
 CACAC
 ACACA
 CACAA
 ACAAG
 CAAGG
 AAGGC
 AGGCT
 GGCTT
 GCTTC
 CTTCT
 TTCTC
 TCTCT
 CTCTA
 TCTAG
 CTAGG
 TAGGT
 AGGTA
 GGTAA
 GTAAT
 TAATG
 AATGA
 ATGAC
 TGACA
 GACAT
 ACATG
 CATGA
 ATGAC
 TGACT
 GACTT
 ACTTT
 CTTTT
 TTTTG
 TTTGG
 TTGGA
 TGGAC
 GGACA
 GACAA
 ACAAG
 CAAGA
 AAGAT
 AGATT
 GATTT
 ATTTA
 TTTAA
 TTAAA
 TAAAG
 AAAGG
 AAGGT
 AGGTT
 GGTTT
 GTTTA
 TTTAA
 TTAAC
 TAACA
 AACAC
 ACACA
 CACAT
 ACATT
 CATTC
 ATTCC
 TTCCA
 TCCAG
 CCAGT
 CAGTG
 AGTGA
 GTGAA
 TGAAG
 GAAGA
 AAGAC
 AGACG
 GACGC
 ACGCA
 CGCAG
 GCAGA
 CAGAT
 AGATC
 GATCC
 ATCCC
 TCCCA
 CCCAG
 CCAGT
 CAGTA
 AGTAT
 GTATC
 TATCA
 ATCAC
 TCACA
 CACAG
 ACAGA
 CAGAA
 AGAAC
 GAACG
 AACGT
 ACGTG
 CGTGA
 GTGAA
 TGAAA
 GAAAA
 AAAAA
 AAAAC
 AAACA
 AACAC
 ACACT
 CACTG
 ACTGA
 CTGAG
 TGAGT
 GAGTC
 AGTCC
 GTCCT
 TCCTG
 CCTGC
 CTGCC
 TGCCA
 GCCAC
 CCACA
 CACAT
 ACATG
 CATGT
 ATGTA
 TGTAT
 GTATT
 TATTA
 ATTAA
 TTAAA
 TAAAA
 AAAAC
 AAACA
 AACAC
 ACACT
 CACTA
 ACTAA
 CTAAC
 TAACT
 AACTA
 ACTAT
 CTATG
 TATGG
 ATGGA
 TGGAT
 GGATC
 GATCC
 ATCCT
 TCCTC
 CCTCA
 CTCAC
 TCACA
 CACAA
 ACAAT
 CAATC
 AATCT
 ATCTC
 TCTCT
 CTCTT
 TCTTG
 CTTGG
 TTGGC
 TGGCC
 GGCCT
 GCCTG
 CCTGT
 CTGTT
 TGTTT
 GTTTT
 TTTTT
 TTTTT
 TTTTC
 TTTCA
 TTCAG
 TCAGA
 CAGAG
 AGAGG
 GAGGA
 AGGAG
 GGAGG
 GAGGG
 AGGGA
 GGGAA
 GGAAA
 GAAAA
 AAAAC
 AAACC
 AACCC
 ACCCA
 CCCAG
 CCAGG
 CAGGG
 AGGGT
 GGGTG
 GGTGA
 GTGAA
 TGAAA
 GAAAA
 AAAAC
 AAACC
 AACCC
 ACCCG
 CCCGT
 CCGTT
 CGTTG
 GTTGA
 TTGAG
 TGAGG
 GAGGA
 AGGAG
 GGAGA
 GAGAT
 AGATG
 GATGT
 ATGTC
 TGTCT
 GTCTG
 TCTGC
 CTGCA
 TGCAG
 GCAGA
 CAGAT
 AGATG
 GATGA
 ATGAG
 TGAGG
 GAGGA
 AGGAC
 GGACT
 GACTA
 ACTAG
 CTAGG
 TAGGT
 AGGTC
 GGTCT
 GTCTG
 TCTGG
 CTGGT
 TGGTC
 GGTCT
 GTCTT
 TCTTT
 CTTTA
 TTTAA
 TTAAA
 TAAAG
 AAAGC
 AAGCC
 AGCCG
 GCCGG
 CCGGG
 CGGGA
 GGGAA
 GGAAC
 GAACT
 AACTA
 ACTAT
 CTATC
 TATCC
 ATCCC
 TCCCA
 CCCAG
 CCAGT
 CAGTA
 AGTAG
 GTAGA
 TAGAT
 AGATT
 GATTC
 ATTCT
 TTCTG
 TCTGA
 CTGAG
 TGAGT
 GAGTC
 AGTCA
 GTCAG
 TCAGT
 CAGTG
 AGTGG
 GTGGG
 TGGGT
 GGGTC
 GGTCC
 GTCCA
 TCCAG
 CCAGA
 CAGAG
 AGAGT
 GAGTA
 AGTAG
 GTAGG
 TAGGC
 AGGCG
 GGCGT
 GCGTC
 CGTCG
 GTCGA
 TCGAG
 CGAGC
 GAGCG
 AGCGT
 GCGTC
 CGTCT
 GTCTC
 TCTCC
 CTCCG
 TCCGT
 CCGTT
 CGTTC
 GTTCT
 TTCTT
 TCTTT
 CTTTG
 TTTGA
 TTGAA
 TGAAA
 GAAAA
 AAAAA
 AAAAG
 AAAGC
 AAGCC
 AGCCC
 GCCCC
 CCCCA
 CCCAC
 CCACA
 CACAG
 ACAGG
 CAGGC
 AGGCT
 GGCTA
 GCTAC
 CTACA
 TACAC
 ACACT
 CACTT
 ACTTT
 CTTTC
 TTTCC
 TTCCG
 TCCGT
 CCGTG
 CGTGC
 GTGCC
 TGCCC
 GCCCT
 CCCTT
 CCTTG
 CTTGG
 TTGGA
 TGGAG
 GGAGT
 GAGTT
 AGTTG
 GTTGG
 TTGGG
 TGGGA
 GGGAA
 GGAAG
 GAAGC
 AAGCA
 AGCAC
 GCACA
 CACAG
 ACAGT
 CAGTC
 AGTCA
 GTCAG
 TCAGG
 CAGGC
 AGGCC
 GGCCC
 GCCCT
 CCCTA
 CCTAC
 CTACA
 TACAT
 ACATC
 CATCG
 ATCGG
 TCGGG
 CGGGA
 GGGAC
 GGACG
 GACGT
 ACGTT
 CGTTT
 GTTTC
 TTTCA
 TTCAG
 TCAGT
 CAGTC
 AGTCA
 GTCAA
 TCAAC
 CAACA
 AACAA
 ACAAC
 CAACG
 AACGG
 ACGGG
 CGGGG
 GGGGG
 GGGGT
 GGGTC
 GGTCC
 GTCCC
 TCCCA
 CCCAT
 CCATA
 CATAA
 ATAAG
 TAAGA
 AAGAT
 AGATT
 GATTA
 ATTAG
 TTAGT
 TAGTC
 AGTCC
 GTCCC
 TCCCA
 CCCAT
 CCATA
 CATAG
 ATAGA
 TAGAG
 AGAGC
 GAGCC
 AGCCT
 GCCTA
 CCTAG
 CTAGG
 TAGGT
 AGGTG
 GGTGT
 GTGTG
 TGTGT
 GTGTA
 TGTAG
 GTAGG
 TAGGA
 AGGAG
 GGAGG
 GAGGC
 AGGCT
 GGCTC
 GCTCT
 CTCTG
 TCTGC
 CTGCC
 TGCCG
 GCCGT
 CCGTG
 CGTGT
 GTGTA
 TGTAG
 GTAGG
 TAGGT
 AGGTT
 GGTTT
 GTTTA
 TTTAT
 TTATG
 TATGA
 ATGAA
 TGAAC
 GAACC
 AACCT
 ACCTC
 CCTCC
 CTCCG
 TCCGT
 CCGTG
 CGTGG
 GTGGT
 TGGTG
 GGTGC
 GTGCT
 TGCTT
 GCTTG
 CTTGC
 TTGCA
 TGCAC
 GCACG
 CACGA
 ACGAT
 CGATC
 GATCA
 ATCAC
 TCACG
 CACGC
 ACGCG
 CGCGA
 GCGAT
 CGATT
 GATTG
 ATTGC
 TTGCC
 TGCCT
 GCCTG
 CCTGA
 CTGAC
 TGACC
 GACCG
 ACCGT
 CCGTG
 CGTGA
 GTGAC
 TGACG
 GACGC
 ACGCA
 CGCAC
 GCACT
 CACTC
 ACTCC
 CTCCT
 TCCTC
 CCTCA
 CTCAC
 TCACA
 CACAG
 ACAGC
 CAGCT
 AGCTT
 GCTTA
 CTTAG
 TTAGC
 TAGCC
 AGCCC
 GCCCC
 CCCCA
 CCCAC
 CCACT
 CACTG
 ACTGT
 CTGTT
 TGTTA
 GTTAA
 TTAAG
 TAAGC
 AAGCA
 AGCAA
 GCAAA
 CAAAG
 AAAGC
 AAGCC
 AGCCA
 GCCAT
 CCATG
 CATGA
 ATGAC
 TGACT
 GACTG
 ACTGC
 CTGCA
 TGCAC
 GCACT
 CACTG
 ACTGC
 CTGCC
 TGCCT
 GCCTT
 CCTTA
 CTTAG
 TTAGA
 TAGAT
 AGATT
 GATTC
 ATTCT
 TTCTC
 TCTCC
 CTCCA
 TCCAC
 CCACG
 CACGG
 ACGGT
 CGGTT
 GGTTC
 GTTCC
 TTCCA
 TCCAG
 CCAGA
 CAGAC
 AGACC
 GACCC
 ACCCT
 CCCTG
 CCTGC
 CTGCG
 TGCGC
 GCGCT
 CGCTG
 GCTGT
 CTGTT
 TGTTT
 GTTTA
 TTTAG
 TTAGA
 TAGAT
 AGATG
 GATGA
 ATGAC
 TGACT
 GACTG
 ACTGC
 CTGCA
 TGCAC
 GCACA
 CACAC
 ACACG
 CACGC
 ACGCA
 CGCAG
 GCAGA
 CAGAG
 AGAGG
 GAGGG
 AGGGC
 GGGCA
 GGCAC
 GCACC
 CACCG
 ACCGT
 CCGTG
 CGTGT
 GTGTC
 TGTCT
 GTCTG
 TCTGA
 CTGAG
 TGAGG
 GAGGC
 AGGCA
 GGCAG
 GCAGA
 CAGAG
 AGAGA
 GAGAG
 AGAGC
 GAGCG
 AGCGG
 GCGGC
 CGGCT
 GGCTG
 GCTGG
 CTGGA
 TGGAA
 GGAAT
 GAATC
 AATCA
 ATCAC
 TCACA
 CACAA
 ACAAC
 CAACA
 AACAG
 ACAGC
 CAGCT
 AGCTC
 GCTCT
 CTCTC
 TCTCG
 CTCGA
 TCGAC
 CGACG
 GACGG
 ACGGA
 CGGAG
 GGAGA
 GAGAG
 AGAGT
 GAGTC
 AGTCA
 GTCAA
 TCAAG
 CAAGG
 AAGGA
 AGGAA
 GGAAA
 GAAAG
 AAAGG
 AAGGC
 AGGCG
 GGCGT
 GCGTG
 CGTGC
 GTGCT
 TGCTC
 GCTCT
 CTCTG
 TCTGC
 CTGCT
 TGCTT
 GCTTA
 CTTAC
 TTACA
 TACAC
 ACACG
 CACGA
 ACGAC
 CGACT
 GACTC
 ACTCT
 CTCTC
 TCTCT
 CTCTA
 TCTAC
 CTACT
 TACTT
 ACTTT
 CTTTT
 TTTTC
 TTTCT
 TTCTC
 TCTCT
 CTCTG
 TCTGT
 CTGTG
 TGTGT
 GTGTC
 TGTCT
 GTCTG
 TCTGA
 CTGAA
 TGAAC
 GAACT
 AACTA
 ACTAT
 CTATT
 TATTT
 ATTTT
 TTTTA
 TTTAC
 TTACA
 TACAG
 ACAGC
 CAGCT
 AGCTA
 GCTAA
 CTAAT
 TAATC
 AATCT
 ATCTA
 TCTAC
 CTACT
 TACTT
 ACTTT
 CTTTT
 TTTTT
 TTTTT
 TTTTT
 TTTTA
 TTTAA
 TTAAC
 TAACC
 AACCA
 ACCAA
 CCAAG
 CAAGC
 AAGCA
 AGCAG
 GCAGC
 CAGCT
 AGCTG
 GCTGT
 CTGTG
 TGTGC
 GTGCC
 TGCCA
 GCCAA
 CCAAA
 CAAAA
 AAAAG
 AAAGA
 AAGAA
 AGAAT
 GAATG
 AATGT
 ATGTT
 TGTTA
 GTTAC
 TTACC
 TACCA
 ACCAA
 CCAAG
 CAAGC
 AAGCA
 AGCAA
 GCAAT
 CAATA
 AATAC
 ATACT
 TACTA
 ACTAA
 CTAAA
 TAAAC
 AAACA
 AACAA
 ACAAA
 CAAAC
 AAACC
 AACCA
 ACCAA
 CCAAT
 CAATA
 AATAT
 ATATC
 TATCA
 ATCAA
 TCAAC
 CAACC
 AACCA
 ACCAT
 CCATA
 CATAC
 ATACA
 TACAT
 ACATA
 CATAT
 ATATT
 TATTA
 ATTAA
 TTAAA
 TAAAT
 AAATA
 AATAA
 ATAAG
 TAAGC
 AAGCC
 AGCCT
 GCCTA
 CCTAA
 CTAAC
 TAACC
 AACCC
 ACCCT
 CCCTA
 CCTAC
 CTACT
 TACTA
 ACTAG
 CTAGG
 TAGGC
 AGGCT
 GGCTA
 GCTAC
 CTACG
 TACGG
 ACGGA
 CGGAA
 GGAAA
 GAAAA
 AAAAG
 AAAGG
 AAGGC
 AGGCT
 GGCTT
 GCTTT
 CTTTT
 TTTTC
 TTTCT
 TTCTT
 TCTTT
 CTTTC
 TTTCC
 TTCCC
 TCCCT
 CCCTG
 CCTGG
 CTGGG
 TGGGA
 GGGAT
 GGATA
 GATAA
 ATAAT
 TAATT
 AATTT
 ATTTG
 TTTGG
 TTGGA
 TGGAC
 GGACA
 GACAG
 ACAGC
 CAGCA
 AGCAT
 GCATT
 CATTA
 ATTAG
 TTAGA
 TAGAT
 AGATT
 GATTC
 ATTCT
 TTCTT
 TCTTT
 CTTTT
 TTTTA
 TTTAC
 TTACC
 TACCA
 ACCAA
 CCAAG
 CAAGA
 AAGAG
 AGAGC
 GAGCA
 AGCAG
 GCAGC
 CAGCC
 AGCCA
 GCCAA
 CCAAG
 CAAGT
 AAGTC
 AGTCG
 GTCGA
 TCGAG
 CGAGG
 GAGGG
 AGGGA
 GGGAG
 GGAGA
 GAGAT
 AGATT
 GATTA
 ATTAT
 TTATT
 TATTT
 ATTTC
 TTTCT
 TTCTA
 TCTAA
 CTAAG
 TAAGT
 AAGTC
 AGTCC
 GTCCA
 TCCAC
 CCACA
 CACAG
 ACAGT
 CAGTG
 AGTGC
 GTGCT
 TGCTG
 GCTGC
 CTGCA
 TGCAG
 GCAGA
 CAGAT
 AGATG
 GATGC
 ATGCG
 TGCGG
 GCGGT
 CGGTC
 GGTCA
 GTCAG
 TCAGT
 CAGTA
 AGTAG
 GTAGC
 TAGCA
 AGCAA
 GCAAC
 CAACC
 AACCG
 ACCGC
 CCGCA
 CGCAA
 GCAAG
 CAAGC
 AAGCT
 AGCTG
 GCTGG
 CTGGA
 TGGAA
 GGAAA
 GAAAG
 AAAGG
 AAGGA
 AGGAA
 GGAAA
 GAAAC
 AAACA
 AACAA
 ACAAA
 CAAAG
 AAAGT
 AAGTT
 AGTTG
 GTTGG
 TTGGG
 TGGGT
 GGGTG
 GGTGT
 GTGTA
 TGTAA
 GTAAT
 TAATC
 AATCC
 ATCCA
 TCCAT
 CCATT
 CATTC
 ATTCC
 TTCCA
 TCCAG
 CCAGT
 CAGTT
 AGTTC
 GTTCA
 TTCAC
 TCACA
 CACAC
 ACACG
 CACGT
 ACGTT
 CGTTT
 GTTTC
 TTTCA
 TTCAC
 TCACC
 CACCA
 ACCAG
 CCAGG
 CAGGG
 AGGGA
 GGGAC
 GGACA
 GACAG
 ACAGC
 CAGCC
 AGCCT
 GCCTC
 CCTCC
 CTCCA
 TCCAA
 CCAAG
 CAAGC
 AAGCC
 AGCCT
 GCCTT
 CCTTG
 CTTGA
 TTGAA
 TGAAT
 GAATA
 AATAC
 ATACT
 TACTT
 ACTTA
 CTTAT
 TTATG
 TATGT
 ATGTA
 TGTAC
 GTACG
 TACGC
 ACGCA
 CGCAT
 GCATT
 CATTT
 ATTTA
 TTTAT
 TTATC
 TATCC
 ATCCA
 TCCAT
 CCATT
 CATTT
 ATTTC
 TTTCT
 TTCTT
 TCTTT
 CTTTA
 TTTAA
 TTAAC
 TAACC
 AACCA
 ACCAA
 CCAAC
 CAACC
 AACCA
 ACCAC
 CCACT
 CACTA
 ACTAC
 CTACT
 TACTA
 ACTAA
 CTAAC
 TAACG
 AACGC
 ACGCC
 CGCCT
 GCCTA
 CCTAC
 CTACC
 TACCA
 ACCAA
 CCAAA
 CAAAG
 AAAGG
 AAGGC
 AGGCC
 GGCCA
 GCCAG
 CCAGA
 CAGAC
 AGACA
 GACAC
 ACACT
 CACTG
 ACTGC
 CTGCT
 TGCTC
 GCTCG
 CTCGA
 TCGAA
 CGAAG
 GAAGT
 AAGTA
 AGTAC
 GTACT
 TACTT
 ACTTT
 CTTTA
 TTTAC
 TTACG
 TACGG
 ACGGA
 CGGAT
 GGATG
 GATGT
 ATGTG
 TGTGA
 GTGAA
 TGAAA
 GAAAT
 AAATA
 AATAT
 ATATC
 TATCC
 ATCCT
 TCCTC
 CCTCT
 CTCTA
 TCTAA
 CTAAC
 TAACC
 AACCT
 ACCTT
 CCTTT
 CTTTA
 TTTAC
 TTACG
 TACGC
 ACGCT
 CGCTC
 GCTCG
 CTCGC
 TCGCC
 CGCCT
 GCCTA
 CCTAC
 CTACG
 TACGG
 ACGGA
 CGGAG
 GGAGT
 GAGTG
 AGTGT
 GTGTG
 TGTGT
 GTGTA
 TGTAT
 GTATG
 TATGA
 ATGAT
 TGATA
 GATAA
 ATAAT
 TAATC
 AATCA
 ATCAT
 TCATC
 CATCC
 ATCCC
 TCCCC
 CCCCG
 CCCGT
 CCGTT
 CGTTC
 GTTCT
 TTCTA
 TCTAC
 CTACA
 TACAG
 ACAGA
 CAGAT
 AGATC
 GATCA
 ATCAG
 TCAGG
 CAGGA
 AGGAA
 GGAAA
 GAAAC
 AAACT
 AACTG
 ACTGA
 CTGAC
 TGACA
 GACAC
 ACACG
 CACGC
 ACGCA
 CGCAG
 GCAGA
 CAGAA
 AGAAT
 GAATG
 AATGG
 ATGGT
 TGGTA
 GGTAC
 GTACA
 TACAG
 ACAGT
 CAGTA
 AGTAA
 GTAAC
 TAACT
 AACTT
 ACTTG
 CTTGC
 TTGCC
 TGCCC
 GCCCA
 CCCAA
 CCAAG
 CAAGT
 AAGTT
 AGTTC
 GTTCA
 TTCAC
 TCACA
 CACAC
 ACACA
 CACAG
 ACAGC
 CAGCC
 AGCCC
 GCCCG
 CCCGT
 CCGTA
 CGTAG
 GTAGG
 TAGGC
 AGGCG
 GGCGG
 GCGGC
 CGGCA
 GGCAG
 GCAGA
 CAGAG
 AGAGC
 GAGCC
 AGCCA
 GCCAG
 CCAGG
 CAGGA
 AGGAC
 GGACC
 GACCC
 ACCCA
 CCCAT
 CCATT
 CATTT
 ATTTG
 TTTGA
 TTGAC
 TGACA
 GACAG
 ACAGA
 CAGAG
 AGAGT
 GAGTC
 AGTCT
 GTCTG
 TCTGG
 CTGGC
 TGGCC
 GGCCC
 GCCCC
 CCCCA
 CCCAG
 CCAGA
 CAGAG
 AGAGT
 GAGTC
 AGTCC
 GTCCA
 TCCAC
 CCACG
 CACGT
 ACGTG
 CGTGC
 GTGCT
 TGCTG
 GCTGA
 CTGAA
 TGAAT
 GAATC
 AATCA
 ATCAC
 TCACC
 CACCA
 ACCAC
 CCACG
 CACGC
 ACGCT
 CGCTT
 GCTTA
 CTTAG
 TTAGT
 TAGTC
 AGTCT
 GTCTC
 TCTCC
 CTCCA
 TCCAA
 CCAAA
 CAAAA
 AAAAA
 AAAAC
 AAACC
 AACCT
 ACCTG
 CCTGT
 CTGTA
 TGTAG
 GTAGA
 TAGAA
 AGAAA
 GAAAG
 AAAGC
 AAGCG
 AGCGC
 GCGCC
 CGCCA
 GCCAG
 CCAGG
 CAGGC
 AGGCT
 GGCTT
 GCTTA
 CTTAA
 TTAAT
 TAATC
 AATCG
 ATCGA
 TCGAA
 CGAAA
 GAAAA
 AAAAG
 AAAGT
 AAGTT
 AGTTT
 GTTTT
 TTTTG
 TTTGT
 TTGTT
 TGTTT
 GTTTT
 TTTTC
 TTTCC
 TTCCC
 TCCCC
 CCCCA
 CCCAC
 CCACC
 CACCC
 ACCCC
 CCCCA
 CCCAG
 CCAGC
 CAGCC
 AGCCT
 GCCTA
 CCTAC
 CTACA
 TACAG
 ACAGT
 CAGTC
 AGTCC
 GTCCC
 TCCCT
 CCCTA
 CCTAC
 CTACG
 TACGC
 ACGCG
 CGCGG
 GCGGC
 CGGCC
 GGCCC
 GCCCC
 CCCCA
 CCCAG
 CCAGT
 CAGTC
 AGTCT
 GTCTC
 TCTCC
 CTCCA
 TCCAG
 CCAGG
 CAGGG
 AGGGC
 GGGCA
 GGCAT
 GCATT
 CATTC
 ATTCT
 TTCTT
 TCTTT
 CTTTC
 TTTCA
 TTCAG
 TCAGC
 CAGCT
 AGCTC
 GCTCC
 CTCCT
 TCCTC
 CCTCT
 CTCTG
 TCTGA
 CTGAC
 TGACA
 GACAG
 ACAGG
 CAGGC
 AGGCC
 GGCCA
 GCCAT
 CCATG
 CATGC
 ATGCT
 TGCTC
 GCTCC
 CTCCT
 TCCTC
 CCTCC
 CTCCC
 TCCCT
 CCCTT
 CCTTG
 CTTGC
 TTGCC
 TGCCC
 GCCCT
 CCCTG
 CCTGT
 CTGTC
 TGTCC
 GTCCC
 TCCCA
 CCCAA
 CCAAC
 CAACA
 AACAC
 ACACT
 CACTC
 ACTCT
 CTCTC
 TCTCC
 CTCCC
 TCCCG
 CCCGC
 CCGCA
 CGCAC
 GCACA
 CACAA
 ACAAG
 CAAGT
 AAGTC
 AGTCC
 GTCCT
 TCCTC
 CCTCC
 CTCCT
 TCCTT
 CCTTT
 CTTTT
 TTTTC
 TTTCT
 TTCTT
 TCTTT
 CTTTT
 TTTTA
 TTTAG
 TTAGG
 TAGGC
 AGGCA
 GGCAT
 GCATC
 CATCC
 ATCCG
 TCCGC
 CCGCT
 CGCTC
 GCTCT
 CTCTC
 TCTCG
 CTCGG
 TCGGC
 CGGCT
 GGCTT
 GCTTC
 CTTCC
 TTCCA
 TCCAC
 CCACA
 CACAT
 ACATC
 CATCA
 ATCAC
 TCACT
 CACTG
 ACTGC
 CTGCC
 TGCCT
 GCCTA
 CCTAA
 CTAAG
 TAAGT
 AAGTC
 AGTCA
 GTCAC
 TCACA
 CACAA
 ACAAG
 CAAGG
 AAGGT
 AGGTC
 GGTCT
 GTCTA
 TCTAA
 CTAAC
 TAACA
 AACAG
 ACAGT
 CAGTA
 AGTAA
 GTAAA
 TAAAT
 AAATG
 AATGC
 ATGCT
 TGCTG
 GCTGC
 CTGCA
 TGCAT
 GCATT
 CATTT
 ATTTC
 TTTCT
 TTCTC
 TCTCA
 CTCAG
 TCAGC
 CAGCA
 AGCAC
 GCACT
 CACTC
 ACTCA
 CTCAA
 TCAAC
 CAACA
 AACAC
 ACACA
 CACAA
 ACAAA
 CAAAA
 AAAAT
 AAATT
 AATTG
 ATTGC
 TTGCT
 TGCTT
 GCTTT
 CTTTT
 TTTTA
 TTTAC
 TTACG
 TACGT
 ACGTA
 CGTAC
 GTACC
 TACCT
 ACCTC
 CCTCC
 CTCCT
 TCCTA
 CCTAG
 CTAGG
 TAGGT
 AGGTA
 GGTAA
 GTAAT
 TAATT
 AATTA
 ATTAG
 TTAGT
 TAGTT
 AGTTG
 GTTGC
 TTGCT
 TGCTG
 GCTGC
 CTGCC
 TGCCT
 GCCTG
 CCTGT
 CTGTC
 TGTCT
 GTCTG
 TCTGT
 CTGTC
 TGTCC
 GTCCT
 TCCTT
 CCTTT
 CTTTC
 TTTCC
 TTCCA
 TCCAA
 CCAAC
 CAACT
 AACTA
 ACTAG
 CTAGG
 TAGGC
 AGGCT
 GGCTG
 GCTGT
 CTGTG
 TGTGA
 GTGAG
 TGAGG
 GAGGT
 AGGTC
 GGTCC
 GTCCC
 TCCCG
 CCCGT
 CCGTA
 CGTAC
 GTACG
 TACGT
 ACGTC
 CGTCA
 GTCAA
 TCAAA
 CAAAC
 AAACA
 AACAG
 ACAGC
 CAGCC
 AGCCT
 GCCTG
 CCTGT
 CTGTC
 TGTCA
 GTCAG
 TCAGT
 CAGTC
 AGTCT
 GTCTT
 TCTTG
 CTTGC
 TTGCT
 TGCTC
 GCTCA
 CTCAC
 TCACC
 CACCA
 ACCAA
 CCAAG
 CAAGT
 AAGTG
 AGTGT
 GTGTC
 TGTCC
 GTCCA
 TCCAG
 CCAGA
 CAGAC
 AGACC
 GACCA
 ACCAC
 CCACT
 CACTG
 ACTGG
 CTGGA
 TGGAC
 GGACA
 GACAC
 ACACG
 CACGC
 ACGCA
 CGCAC
 GCACC
 CACCG
 ACCGA
 CCGAC
 CGACC
 GACCA
 ACCAG
 CCAGA
 CAGAG
 AGAGG
 GAGGA
 AGGAA
 GGAAA
 GAAAG
 AAAGG
 AAGGA
 AGGAA
 GGAAG
 GAAGG
 AAGGA
 AGGAC
 GGACC
 GACCG
 ACCGG
 CCGGT
 CGGTC
 GGTCC
 GTCCC
 TCCCC
 CCCCA
 CCCAA
 CCAAG
 CAAGT
 AAGTC
 AGTCA
 GTCAA
 TCAAC
 CAACT
 AACTC
 ACTCT
 CTCTC
 TCTCC
 CTCCA
 TCCAG
 CCAGA
 CAGAC
 AGACT
 GACTT
 ACTTT
 CTTTC
 TTTCT
 TTCTG
 TCTGT
 CTGTG
 TGTGG
 GTGGA
 TGGAA
 GGAAG
 GAAGG
 AAGGA
 AGGAG
 GGAGG
 GAGGG
 AGGGA
 GGGAA
 GGAAC
 GAACG
 AACGA
 ACGAA
 CGAAC
 GAACG
 AACGG
 ACGGA
 CGGAG
 GGAGC
 GAGCA
 AGCAC
 GCACC
 CACCC
 ACCCT
 CCCTC
 CCTCG
 CTCGA
 TCGAG
 CGAGC
 GAGCC
 AGCCT
 GCCTC
 CCTCA
 CTCAC
 TCACG
 CACGC
 ACGCT
 CGCTT
 GCTTT
 CTTTC
 TTTCT
 TTCTT
 TCTTT
 CTTTG
 TTTGC
 TTGCC
 TGCCA
 GCCAG
 CCAGA
 CAGAC
 AGACT
 GACTT
 ACTTT
 CTTTC
 TTTCA
 TTCAA
 TCAAG
 CAAGT
 AAGTG
 AGTGT
 GTGTG
 TGTGG
 GTGGG
 TGGGA
 GGGAC
 GGACA
 GACAC
 ACACA
 CACAT
 ACATA
 CATAC
 ATACC
 TACCT
 ACCTG
 CCTGT
 CTGTG
 TGTGC
 GTGCT
 TGCTC
 GCTCA
 CTCAC
 TCACA
 CACAA
 ACAAT
 CAATG
 AATGC
 ATGCT
 TGCTC
 GCTCC
 CTCCC
 TCCCC
 CCCCG
 CCCGG
 CCGGA
 CGGAC
 GGACA
 GACAG
 ACAGA
 CAGAC
 AGACC
 GACCC
 ACCCC
 CCCCA
 CCCAC
 CCACT
 CACTG
 ACTGC
 CTGCA
 TGCAC
 GCACC
 CACCC
 ACCCC
 CCCCT
 CCCTA
 CCTAT
 CTATC
 TATCA
 ATCAG
 TCAGG
 CAGGT
 AGGTA
 GGTAG
 GTAGA
 TAGAC
 AGACC
 GACCT
 ACCTC
 CCTCT
 CTCTG
 TCTGC
 CTGCA
 TGCAC
 GCACA
 CACAG
 ACAGG
 CAGGC
 AGGCA
 GGCAA
 GCAAG
 CAAGG
 AAGGC
 AGGCC
 GGCCT
 GCCTT
 CCTTT
 CTTTG
 TTTGG
 TTGGA
 TGGAA
 GGAAA
 GAAAG
 AAAGC
 AAGCA
 AGCAC
 GCACC
 CACCG
 ACCGG
 CCGGC
 CGGCT
 GGCTC
 GCTCT
 CTCTG
 TCTGC
 CTGCA
 TGCAC
 GCACA
 CACAC
 ACACA
 CACAA
 ACAAA
 CAAAT
 AAATA
 AATAT
 ATATT
 TATTA
 ATTAT
 TTATG
 TATGT
 ATGTG
 TGTGG
 GTGGC
 TGGCC
 GGCCC
 GCCCT
 CCCTC
 CCTCG
 CTCGA
 TCGAC
 CGACA
 GACAG
 ACAGG
 CAGGC
 AGGCC
 GGCCA
 GCCAC
 CCACT
 CACTT
 ACTTC
 CTTCC
 TTCCC
 TCCCC
 CCCCT
 CCCTG
 CCTGA
 CTGAA
 TGAAC
 GAACC
 AACCG
 ACCGG
 CCGGC
 CGGCC
 GGCCT
 GCCTG
 CCTGA
 CTGAG
 TGAGC
 GAGCT
 AGCTT
 GCTTC
 CTTCA
 TTCAG
 TCAGG
 CAGGG
 AGGGC
 GGGCC
 GGCCA
 GCCAC
 CCACA
 CACAA
 ACAAG
 CAAGA
 AAGAG
 AGAGG
 GAGGC
 AGGCT
 GGCTT
 GCTTC
 CTTCG
 TTCGT
 TCGTG
 CGTGA
 GTGAA
 TGAAG
 GAAGA
 AAGAC
 AGACC
 GACCC
 ACCCC
 CCCCA
 CCCAA
 CCAAC
 CAACG
 AACGG
 ACGGA
 CGGAA
 GGAAC
 GAACG
 AACGT
 ACGTA
 CGTAG
 GTAGC
 TAGCC
 AGCCT
 GCCTC
 CCTCG
 CTCGA
 TCGAA
 CGAAA
 GAAAA
 AAAAG
 AAAGA
 AAGAG
 AGAGG
 GAGGG
 AGGGA
 GGGAG
 GGAGA
 GAGAC
 AGACC
 GACCT
 ACCTG
 CCTGC
 CTGCA
 TGCAC
 GCACT
 CACTC
 ACTCC
 CTCCT
 TCCTC
 CCTCA
 CTCAG
 TCAGA
 CAGAA
 AGAAC
 GAACG
 AACGC
 ACGCA
 CGCAT
 GCATG
 CATGG
 ATGGA
 TGGAG
 GGAGA
 GAGAC
 AGACC
 GACCA
 ACCAG
 CCAGT
 CAGTG
 AGTGT
 GTGTC
 TGTCG
 GTCGT
 TCGTT
 CGTTA
 GTTAC
 TTACC
 TACCG
 ACCGA
 CCGAC
 CGACG
 GACGT
 ACGTC
 CGTCG
 GTCGC
 TCGCG
 CGCGT
 GCGTC
 CGTCT
 GTCTG
 TCTGT
 CTGTC
 TGTCC
 GTCCT
 TCCTT
 CCTTC
 CTTCC
 TTCCA
 TCCAA
 CCAAG
 CAAGA
 AAGAA
 AGAAG
 GAAGC
 AAGCC
 AGCCA
 GCCAA
 CCAAG
 CAAGA
 AAGAC
 AGACC
 GACCA
 ACCAC
 CCACG
 CACGG
 ACGGG
 CGGGT
 GGGTG
 GGTGC
 GTGCC
 TGCCG
 GCCGC
 CCGCT
 CGCTT
 GCTTC
 CTTCA
 TTCAG
 TCAGC
 CAGCG
 AGCGC
 GCGCC
 CGCCC
 GCCCG
 CCCGA
 CCGAC
 CGACT
 GACTC
 ACTCC
 CTCCC
 TCCCG
 CCCGG
 CCGGG
 CGGGC
 GGGCA
 GGCAC
 GCACC
 CACCG
 ACCGC
 CCGCA
 CGCAT
 GCATC
 CATCC
 ATCCC
 TCCCC
 CCCCA
 CCCAG
 CCAGG
 CAGGC
 AGGCT
 GGCTG
 GCTGG
 CTGGC
 TGGCC
 GGCCC
 GCCCC
 CCCCT
 CCCTG
 CCTGG
 CTGGG
 TGGGC
 GGGCA
 GGCAG
 GCAGG
 CAGGT
 AGGTG
 GGTGC
 GTGCC
 TGCCC
 GCCCG
 CCCGG
 CCGGC
 CGGCA
 GGCAC
 GCACA
 CACAC
 ACACA
 CACAC
 ACACC
 CACCG
 ACCGC
 CCGCC
 CGCCC
 GCCCG
 CCCGT
 CCGTT
 CGTTC
 GTTCC
 TTCCA
 TCCAC
 CCACG
 CACGA
 ACGAA
 CGAAC
 GAACG
 AACGC
 ACGCG
 CGCGT
 GCGTG
 CGTGA
 GTGAA
 TGAAG
 GAAGG
 AAGGG
 AGGGC
 GGGCA
 GGCAC
 GCACG
 CACGA
 ACGAA
 CGAAG
 GAAGA
 AAGAG
 AGAGA
 GAGAC
 AGACC
 GACCC
 ACCCC
 CCCCC
 CCCCT
 CCCTC
 CCTCG
 CTCGC
 TCGCT
 CGCTC
 GCTCC
 CTCCC
 TCCCC
 CCCCG
 CCCGC
 CCGCG
 CGCGC
 GCGCC
 CGCCG
 GCCGC
 CCGCA
 CGCAC
 GCACA
 CACAG
 ACAGC
 CAGCT
 AGCTG
 GCTGT
 CTGTC
 TGTCC
 GTCCC
 TCCCG
 CCCGC
 CCGCC
 CGCCA
 GCCAC
 CCACC
 CACCT
 ACCTG
 CCTGA
 CTGAC
 TGACG
 GACGG
 ACGGG
 CGGGC
 GGGCA
 GGCAC
 GCACC
 CACCT
 ACCTC
 CCTCT
 CTCTC
 TCTCG
 CTCGG
 TCGGC
 CGGCG
 GGCGC
 GCGCA
 CGCAC
 GCACA
 CACAA
 ACAAG
 CAAGC
 AAGCC
 AGCCT
 GCCTA
 CCTAT
 CTATT
 TATTC
 ATTCC
 TTCCT
 TCCTC
 CCTCA
 CTCAG
 TCAGG
 CAGGG
 AGGGA
 GGGAC
 GGACA
 GACAC
 ACACG
 CACGC
 ACGCT
 CGCTC
 GCTCG
 CTCGC
 TCGCC
 CGCCT
 GCCTC
 CCTCC
 CTCCC
 TCCCA
 CCCAC
 CCACC
 CACCA
 ACCAG
 CCAGC
 CAGCC
 AGCCC
 GCCCC
 CCCCC
 CCCCA
 CCCAG
 CCAGG
 CAGGC
 AGGCC
 GGCCC
 GCCCA
 CCCAC
 CCACG
 CACGC
 ACGCC
 CGCCC
 GCCCC
 CCCCC
 CCCCA
 CCCAG
 CCAGG
 CAGGT
 AGGTA
 GGTAC
 GTACC
 TACCT
 ACCTC
 CCTCT
 CTCTC
 TCTCC
 CTCCC
 TCCCA
 CCCAG
 CCAGA
 CAGAC
 AGACG
 GACGG
 ACGGA
 CGGAA
 GGAAT
 GAATC
 AATCC
 ATCCT
 TCCTC
 CCTCT
 CTCTT
 TCTTC
 CTTCG
 TTCGC
 TCGCA
 CGCAG
 GCAGG
 CAGGC
 AGGCG
 GGCGC
 GCGCC
 CGCCC
 GCCCT
 CCCTG
 CCTGG
 CTGGT
 TGGTC
 GGTCG
 GTCGT
 TCGTC
 CGTCC
 GTCCG
 TCCGT
 CCGTG
 CGTGT
 GTGTC
 TGTCC
 GTCCG
 TCCGG
 CCGGC
 CGGCA
 GGCAG
 GCAGG
 CAGGC
 AGGCA
 GGCAG
 GCAGG
 CAGGA
 AGGAA
 GGAAG
 GAAGA
 AAGAG
 AGAGC
 GAGCG
 AGCGG
 GCGGG
 CGGGA
 GGGAG
 GGAGC
 GAGCT
 AGCTG
 GCTGA
 CTGAA
 TGAAG
 GAAGG
 AAGGA
 AGGAC
 GGACG
 GACGG
 ACGGC
 CGGCC
 GGCCT
 GCCTC
 CCTCC
 CTCCT
 TCCTC
 CCTCA
 CTCAG
 TCAGG
 CAGGC
 AGGCT
 GGCTA
 GCTAG
 CTAGC
 TAGCG
 AGCGG
 GCGGC
 CGGCC
 GGCCG
 GCCGG
 CCGGC
 CGGCC
 GGCCG
 GCCGT
 CCGTG
 CGTGG
 GTGGC
 TGGCT
 GGCTG
 GCTGT
 CTGTG
 TGTGG
 GTGGA
 TGGAA
 GGAAG
 GAAGG
 AAGGC
 AGGCC
 GGCCC
 GCCCG
 CCCGG
 CCGGG
 CGGGC
 GGGCT
 GGCTG
 GCTGC
 CTGCT
 TGCTG
 GCTGT
 CTGTG
 TGTGC
 GTGCC
 TGCCC
 GCCCA
 CCCAG
 CCAGC
 CAGCG
 AGCGG
 GCGGG
 CGGGG
 GGGGA
 GGGAC
 GGACA
 GACAC
 ACACG
 CACGG
 ACGGA
 CGGAG
 GGAGC
 GAGCG
 AGCGG
 GCGGC
 CGGCG
 GGCGT
 GCGTC
 CGTCC
 GTCCA
 TCCAC
 CCACG
 CACGG
 ACGGA
 CGGAC
 GGACG
 GACGC
 ACGCC
 CGCCG
 GCCGG
 CCGGG
 CGGGG
 GGGGC
 GGGCA
 GGCAA
 GCAAC
 CAACG
 AACGG
 ACGGA
 CGGAC
 GGACG
 GACGA
 ACGAG
 CGAGC
 GAGCC
 AGCCC
 GCCCG
 CCCGG
 CCGGC
 CGGCC
 GGCCC
 GCCCG
 CCCGG
 CCGGG
 CGGGA
 GGGAG
 GGAGA
 GAGAG
 AGAGA
 GAGAG
 AGAGC
 GAGCA
 AGCAG
 GCAGC
 CAGCA
 AGCAG
 GCAGA
 CAGAG
 AGAGC
 GAGCG
 AGCGC
 GCGCG
 CGCGG
 GCGGC
 CGGCC
 GGCCG
 GCCGG
 CCGGA
 CGGAC
 GGACT
 GACTC
 ACTCC
 CTCCG
 TCCGC
 CCGCC
 CGCCG
 GCCGG
 CCGGG
 CGGGG
 GGGGC
 GGGCT
 GGCTC
 GCTCG
 CTCGG
 TCGGC
 CGGCT
 GGCTC
 GCTCT
 CTCTG
 TCTGG
 CTGGG
 TGGGC
 GGGCA
 GGCAG
 GCAGG
 CAGGC
 AGGCA
 GGCAG
 GCAGG
 CAGGC
 AGGCG
 GGCGC
 GCGCG
 CGCGG
 GCGGC
 CGGCT
 GGCTG
 GCTGG
 CTGGC
 TGGCC
 GGCCG
 GCCGA
 CCGAC
 CGACG
 GACGC
 ACGCC
 CGCCT
 GCCTC
 CCTCC
 CTCCC
 TCCCC
 CCCCG
 CCCGG
 CCGGA
 CGGAC
 GGACG
 GACGG
 ACGGC
 CGGCG
 GGCGG
 GCGGC
 CGGCC
 GGCCC
 GCCCA
 CCCAG
 CCAGC
 CAGCA
 AGCAG
 GCAGC
 CAGCC
 AGCCG
 GCCGC
 CCGCG
 CGCGC
 GCGCG
 CGCGC
 GCGCT
 CGCTC
 GCTCC
 CTCCC
 TCCCC
 CCCCG
 CCCGC
 CCGCG
 CGCGC
 GCGCG
 CGCGC
 GCGCG
 CGCGC
 GCGCC
 CGCCG
 GCCGC
 CCGCC
 CGCCG
 GCCGC
 CCGCC
 CGCCC
 GCCCC
 CCCCC
 CCCCA
 CCCAC
 CCACG
 CACGC
 ACGCT
 CGCTC
 GCTCC
 CTCCC
 TCCCC
 CCCCA
 CCCAG
 CCAGC
 CAGCC
 AGCCG
 GCCGC
 CCGCT
 CGCTG
 GCTGC
 CTGCC
 TGCCC
 GCCCC
 CCCCG
 CCCGC
 CCGCC
 CGCCC
 GCCCC
 CCCCC
 CCCCC
 CCCCC
 CCCCT
 CCCTC
 CCTCC
 CTCCG
 TCCGG
 CCGGC
 CGGCG
 GGCGG
 GCGGT
 CGGTG
 GGTGG
 GTGGA
 TGGAC
 GGACT
 GACTG
 ACTGC
 CTGCG
 TGCGG
 GCGGA
 CGGAC
 GGACA
 GACAG
 ACAGC
 CAGCC
 AGCCA
 GCCAC
 CCACA
 CACAG
 ACAGG
 CAGGG
 AGGGA
 GGGAC
 GGACA
 GACAC
 ACACC
 CACCC
 ACCCT
 CCCTC
 CCTCC
 CTCCT
 TCCTG
 CCTGG
 CTGGG
 TGGGA
 GGGAG
 GGAGA
 GAGAA
 AGAAC
 GAACT
 AACTC
 ACTCC
 CTCCT
 TCCTG
 CCTGG
 CTGGG
 TGGGG
 GGGGC
 GGGCC
 GGCCC
 GCCCC
 CCCCG
 CCCGC
 CCGCC
 CGCCC
 GCCCA
 CCCAC
 CCACA
 CACAC
 ACACG
 CACGC
 ACGCT
 CGCTG
 GCTGC
 CTGCT
 TGCTT
 GCTTC
 CTTCG
 TTCGG
 TCGGC
 CGGCC
 GGCCC
 GCCCT
 CCCTC
 CCTCC
 CTCCG
 TCCGC
 CCGCG
 CGCGG
 GCGGA
 CGGAG
 GGAGC
 GAGCG
 AGCGG
 GCGGC
 CGGCC
 GGCCA
 GCCAG
 CCAGG
 CAGGT
 AGGTG
 GGTGC
 GTGCG
 TGCGC
 GCGCT
 CGCTG
 GCTGA
 CTGAC
 TGACA
 GACAG
 ACAGG
 CAGGG
 AGGGA
 GGGAC
 GGACG
 GACGC
 ACGCA
 CGCAG
 GCAGG
 CAGGG
 AGGGG
 GGGGC
 GGGCC
 GGCCC
 GCCCC
 CCCCG
 CCCGC
 CCGCT
 CGCTA
 GCTAC
 CTACG
 TACGC
 ACGCT
 CGCTG
 GCTGG
 CTGGC
 TGGCT
 GGCTC
 GCTCT
 CTCTC
 TCTCG
 CTCGG
 TCGGG
 CGGGG
 GGGGG
 GGGGA
 GGGAA
 GGAAC
 GAACT
 AACTG
 ACTGC
 CTGCA
 TGCAG
 GCAGC
 CAGCC
 AGCCT
 GCCTC
 CCTCC
 CTCCT
 TCCTC
 CCTCG
 CTCGG
 TCGGG
 CGGGT
 GGGTT
 GGTTT
 GTTTG
 TTTGA
 TTGAC
 TGACT
 GACTT
 ACTTG
 CTTGA
 TTGAA
 TGAAT
 GAATG
 AATGT
 ATGTC
 TGTCA
 GTCAC
 TCACA
 CACAC
 ACACC
 CACCC
 ACCCG
 CCCGA
 CCGAA
 CGAAA
 GAAAC
 AAACC
 AACCA
 ACCAT
 CCATG
 CATGC
 ATGCA
 TGCAA
 GCAAC
 CAACG
 AACGC
 ACGCC
 CGCCC
 GCCCA
 CCCAC
 CCACA
 CACAA
 ACAAG
 CAAGA
 AAGAA
 AGAAA
 GAAAG
 AAAGC
 AAGCA
 AGCAT
 GCATA
 CATAG
 ATAGG
 TAGGC
 AGGCA
 GGCAG
 GCAGT
 CAGTA
 AGTAT
 GTATG
 TATGC
 ATGCT
 TGCTC
 GCTCT
 CTCTT
 TCTTT
 CTTTG
 TTTGA
 TTGAC
 TGACA
 GACAT
 ACATC
 CATCA
 ATCAG
 TCAGT
 CAGTC
 AGTCT
 GTCTT
 TCTTA
 CTTAG
 TTAGC
 TAGCA
 AGCAG
 GCAGC
 CAGCC
 AGCCT
 GCCTA
 CCTAG
 CTAGT
 TAGTT
 AGTTT
 GTTTC
 TTTCA
 TTCAA
 TCAAG
 CAAGT
 AAGTA
 AGTAC
 GTACC
 TACCA
 ACCAC
 CCACG
 CACGT
 ACGTC
 CGTCT
 GTCTG
 TCTGA
 CTGAC
 TGACT
 GACTG
 ACTGG
 CTGGG
 TGGGC
 GGGCA
 GGCAA
 GCAAT
 CAATG
 AATGC
 ATGCA
 TGCAA
 GCAAA
 CAAAC
 AAACA
 AACAA
 ACAAA
 CAAAA
 AAAAC
 AAACA
 AACAC
 ACACA
 CACAA
 ACAAA
 CAAAA
 AAAAG
 AAAGG
 AAGGA
 AGGAA
 GGAAC
 GAACA
 AACAA
 ACAAA
 CAAAT
 AAATG
 AATGG
 ATGGG
 TGGGA
 GGGAC
 GGACT
 GACTA
 ACTAC
 CTACG
 TACGT
 ACGTC
 CGTCA
 GTCAA
 TCAAA
 CAAAG
 AAAGT
 AAGTA
 AGTAA
 GTAAA
 TAAAA
 AAAAG
 AAAGA
 AAGAA
 AGAAA
 GAAAT
 AAATC
 AATCT
 ATCTT
 TCTTC
 CTTCT
 TTCTG
 TCTGC
 CTGCA
 TGCAC
 GCACG
 CACGG
 ACGGC
 CGGCA
 GGCAA
 GCAAA
 CAAAG
 AAAGG
 AAGGA
 AGGAA
 GGAAA
 GAAAC
 AAACC
 AACCC
 ACCCT
 CCCTC
 CCTCC
 CTCCA
 TCCAC
 CCACA
 CACAA
 ACAAA
 CAAAA
 AAAAC
 AAACC
 AACCA
 ACCAA
 CCAAA
 CAAAA
 AAAAC
 AAACA
 AACAC
 ACACA
 CACAA
 ACAAC
 CAACC
 AACCT
 ACCTA
 CCTAA
 CTAAC
 TAACA
 AACAG
 ACAGC
 CAGCT
 AGCTG
 GCTGG
 CTGGC
 TGGCA
 GGCAG
 GCAGA
 CAGAA
 AGAAG
 GAAGA
 AAGAG
 AGAGA
 GAGAC
 AGACT
 GACTT
 ACTTG
 CTTGC
 TTGCA
 TGCAA
 GCAAA
 CAAAC
 AAACC
 AACCA
 ACCAT
 CCATA
 CATAT
 ATATA
 TATAT
 ATATC
 TATCG
 ATCGG
 TCGGA
 CGGAT
 GGATA
 GATAA
 ATAAG
 TAAGG
 AAGGG
 AGGGG
 GGGGT
 GGGTT
 GGTTT
 GTTTC
 TTTCT
 TTCTA
 TCTAG
 CTAGC
 TAGCC
 AGCCC
 GCCCA
 CCCAA
 CCAAA
 CAAAT
 AAATA
 AATAC
 ATACA
 TACAG
 ACAGA
 CAGAA
 AGAAA
 GAAAG
 AAAGA
 AAGAA
 AGAAC
 GAACT
 AACTC
 ACTCA
 CTCAC
 TCACA
 CACAC
 ACACA
 CACAG
 ACAGC
 CAGCT
 AGCTC
 GCTCA
 CTCAA
 TCAAC
 CAACA
 AACAA
 ACAAC
 CAACA
 AACAA
 ACAAC
 CAACA
 AACAA
 ACAAA
 CAAAA
 AAAAA
 AAAAT
 AAATC
 AATCA
 ATCAA
 TCAAC
 CAACA
 AACAA
 ACAAC
 CAACC
 AACCC
 ACCCA
 CCCAA
 CCAAT
 CAATT
 AATTA
 ATTAA
 TTAAA
 TAAAA
 AAAAA
 AAAAG
 AAAGA
 AAGAC
 AGACG
 GACGG
 ACGGG
 CGGGC
 GGGCA
 GGCAA
 GCAAA
 CAAAA
 AAAAG
 AAAGA
 AAGAT
 AGATC
 GATCT
 ATCTG
 TCTGA
 CTGAG
 TGAGC
 GAGCA
 AGCAG
 GCAGT
 CAGTG
 AGTGA
 GTGAT
 TGATC
 GATCT
 ATCTC
 TCTCT
 CTCTC
 TCTCC
 CTCCA
 TCCAA
 CCAAA
 CAAAG
 AAAGA
 AAGAA
 AGAAG
 GAAGA
 AAGAC
 AGACA
 GACAT
 ACATG
 CATGC
 ATGCG
 TGCGG
 GCGGA
 CGGAT
 GGATG
 GATGG
 ATGGC
 TGGCC
 GGCCA
 GCCAA
 CCAAC
 CAACA
 AACAG
 ACAGG
 CAGGC
 AGGCA
 GGCAA
 GCAAA
 CAAAT
 AAATG
 AATGG
 ATGGA
 TGGAA
 GGAAA
 GAAAG
 AAAGG
 AAGGT
 AGGTG
 GGTGC
 GTGCT
 TGCTC
 GCTCA
 CTCAA
 TCAAC
 CAACA
 AACAT
 ACATC
 CATCA
 ATCAT
 TCATT
 CATTA
 ATTAG
 TTAGC
 TAGCC
 AGCCA
 GCCAT
 CCATC
 CATCA
 ATCAG
 TCAGA
 CAGAG
 AGAGA
 GAGAA
 AGAAA
 GAAAG
 AAAGG
 AAGGC
 AGGCA
 GGCAG
 GCAGA
 CAGAT
 AGATC
 GATCA
 ATCAA
 TCAAA
 CAAAA
 AAAAC
 AAACT
 AACTA
 ACTAC
 CTACA
 TACAA
 ACAAG
 CAAGG
 AAGGA
 AGGAG
 GGAGA
 GAGAG
 AGAGG
 GAGGT
 AGGTC
 GGTCA
 GTCAC
 TCACC
 CACCT
 ACCTT
 CCTTC
 CTTCC
 TTCCT
 TCCTC
 CCTCT
 CTCTG
 TCTGC
 CTGCT
 TGCTC
 GCTCA
 CTCAG
 TCAGA
 CAGAA
 AGAAC
 GAACG
 AACGG
 ACGGC
 CGGCT
 GGCTC
 GCTCT
 CTCTA
 TCTAA
 CTAAT
 TAATT
 AATTA
 ATTAA
 TTAAC
 TAACG
 AACGA
 ACGAC
 CGACA
 GACAC
 ACACA
 CACAA
 ACAAG
 CAAGA
 AAGAG
 AGAGA
 GAGAC
 AGACA
 GACAA
 ACAAG
 CAAGT
 AAGTG
 AGTGT
 GTGTG
 TGTGG
 GTGGG
 TGGGA
 GGGAG
 GGAGA
 GAGAG
 AGAGG
 GAGGA
 AGGAT
 GGATG
 GATGG
 ATGGG
 TGGGG
 GGGGA
 GGGAG
 GGAGA
 GAGAG
 AGAGA
 GAGAC
 AGACG
 GACGG
 ACGGC
 CGGCA
 GGCAA
 GCAAC
 CAACT
 AACTC
 ACTCT
 CTCTC
 TCTCC
 CTCCT
 TCCTA
 CCTAC
 CTACA
 TACAC
 ACACT
 CACTG
 ACTGC
 CTGCT
 TGCTG
 GCTGC
 CTGCC
 TGCCG
 GCCGG
 CCGGG
 CGGGA
 GGGAG
 GGAGT
 GAGTG
 AGTGC
 GTGCA
 TGCAG
 GCAGA
 CAGAC
 AGACT
 GACTG
 ACTGG
 CTGGT
 TGGTG
 GGTGC
 GTGCA
 TGCAG
 GCAGC
 CAGCC
 AGCCA
 GCCAC
 CCACT
 CACTA
 ACTAT
 CTATG
 TATGG
 ATGGA
 TGGAA
 GGAAA
 GAAAG
 AAAGC
 AAGCA
 AGCAG
 GCAGT
 CAGTA
 AGTAT
 GTATG
 TATGG
 ATGGA
 TGGAG
 GGAGC
 GAGCA
 AGCAT
 GCATC
 CATCC
 ATCCT
 TCCTC
 CCTCG
 CTCGG
 TCGGA
 CGGAA
 GGAAA
 GAAAA
 AAAAA
 AAAAC
 AAACT
 AACTA
 ACTAA
 CTAAG
 TAAGA
 AAGAA
 AGAAT
 GAATC
 AATCC
 ATCCG
 TCCGT
 CCGTC
 CGTCT
 GTCTA
 TCTAC
 CTACC
 TACCA
 ACCAT
 CCATA
 CATAT
 ATATA
 TATAT
 ATATA
 TATAT
 ATATG
 TATGA
 ATGAT
 TGATC
 GATCC
 ATCCA
 TCCAG
 CCAGC
 CAGCT
 AGCTA
 GCTAG
 CTAGC
 TAGCC
 AGCCC
 GCCCA
 CCCAC
 CCACG
 CACGG
 ACGGC
 CGGCT
 GGCTG
 GCTGG
 CTGGG
 TGGGT
 GGGTA
 GGTAT
 GTATT
 TATTT
 ATTTA
 TTTAT
 TTATC
 TATCC
 ATCCA
 TCCAA
 CCAAA
 CAAAG
 AAAGC
 AAGCA
 AGCAC
 GCACT
 CACTC
 ACTCG
 CTCGA
 TCGAA
 CGAAA
 GAAAA
 AAAAC
 AAACA
 AACAC
 ACACC
 CACCA
 ACCAA
 CCAAT
 CAATG
 AATGC
 ATGCA
 TGCAG
 GCAGA
 CAGAA
 AGAAA
 GAAAG
 AAAGA
 AAGAC
 AGACA
 GACAC
 ACACC
 CACCT
 ACCTG
 CCTGC
 CTGCA
 TGCAC
 GCACC
 CACCC
 ACCCC
 CCCCT
 CCCTA
 CCTAG
 CTAGG
 TAGGT
 AGGTT
 GGTTC
 GTTCA
 TTCAC
 TCACT
 CACTG
 ACTGC
 CTGCA
 TGCAG
 GCAGC
 CAGCA
 AGCAT
 GCATT
 CATTA
 ATTAT
 TTATT
 TATTC
 ATTCA
 TTCAC
 TCACA
 CACAA
 ACAAC
 CAACA
 AACAG
 ACAGC
 CAGCC
 AGCCA
 GCCAG
 CCAGA
 CAGAA
 AGAAC
 GAACT
 AACTT
 ACTTG
 CTTGG
 TTGGA
 TGGAA
 GGAAG
 GAAGC
 AAGCA
 AGCAA
 GCAAC
 CAACC
 AACCT
 ACCTA
 CCTAG
 CTAGG
 TAGGT
 AGGTG
 GGTGC
 GTGCC
 TGCCC
 GCCCA
 CCCAC
 CCACC
 CACCA
 ACCAA
 CCAAG
 CAAGG
 AAGGG
 AGGGA
 GGGAA
 GGAAG
 GAAGA
 AAGAA
 AGAAT
 GAATG
 AATGG
 ATGGA
 TGGAG
 GGAGA
 GAGAA
 AGAAA
 GAAAG
 AAAGA
 AAGAA
 AGAAG
 GAAGA
 AAGAC
 AGACG
 GACGT
 ACGTG
 CGTGG
 GTGGT
 TGGTA
 GGTAT
 GTATG
 TATGT
 ATGTA
 TGTAT
 GTATA
 TATAC
 ATACA
 TACAC
 ACACA
 CACAA
 ACAAT
 CAATG
 AATGG
 ATGGA
 TGGAA
 GGAAT
 GAATG
 AATGC
 ATGCT
 TGCTA
 GCTAC
 CTACT
 TACTC
 ACTCA
 CTCAG
 TCAGC
 CAGCC
 AGCCC
 GCCCT
 CCCTA
 CCTAA
 CTAAG
 TAAGA
 AAGAA
 AGAAA
 GAAAT
 AAATG
 AATGG
 ATGGT
 TGGTG
 GGTGA
 GTGAG
 TGAGC
 GAGCT
 AGCTC
 GCTCC
 CTCCG
 TCCGG
 CCGGC
 CGGCC
 GGCCA
 GCCAT
 CCATT
 CATTT
 ATTTG
 TTTGT
 TTGTG
 TGTGA
 GTGAC
 TGACA
 GACAA
 ACAAC
 CAACG
 AACGT
 ACGTG
 CGTGG
 GTGGA
 TGGAT
 GGATG
 GATGG
 ATGGA
 TGGAC
 GGACC
 GACCT
 ACCTG
 CCTGG
 CTGGA
 TGGAG
 GGAGG
 GAGGG
 AGGGT
 GGGTA
 GGTAT
 GTATT
 TATTA
 ATTAT
 TTATG
 TATGT
 ATGTG
 TGTGA
 GTGAA
 TGAAG
 GAAGT
 AAGTG
 AGTGA
 GTGAA
 TGAAA
 GAAAT
 AAATA
 AATAA
 ATAAA
 TAAAC
 AAACC
 AACCA
 ACCAG
 CCAGA
 CAGAG
 AGAGG
 GAGGG
 AGGGA
 GGGAG
 GGAGA
 GAGAA
 AGAAA
 GAAAG
 AAAGT
 AAGTC
 AGTCA
 GTCAA
 TCAAA
 CAAAC
 AAACA
 AACAC
 ACACC
 CACCA
 ACCAC
 CCACA
 CACAC
 ACACG
 CACGG
 ACGGT
 CGGTG
 GGTGT
 GTGTT
 TGTTT
 GTTTG
 TTTGT
 TTGTG
 TGTGA
 GTGAT
 TGATC
 GATCT
 ATCTC
 TCTCA
 CTCAC
 TCACT
 CACTC
 ACTCA
 CTCAT
 TCATA
 CATAA
 ATAAG
 TAAGT
 AAGTA
 AGTAG
 GTAGA
 TAGAA
 AGAAG
 GAAGA
 AAGAT
 AGATA
 GATAA
 ATAAA
 TAAAA
 AAAAA
 AAAAC
 AAACA
 AACAA
 ACAAT
 CAATG
 AATGA
 ATGAC
 TGACA
 GACAA
 ACAAA
 CAAAC
 AAACG
 AACGC
 ACGCA
 CGCAC
 GCACA
 CACAC
 ACACA
 CACAG
 ACAGA
 CAGAG
 AGAGC
 GAGCC
 AGCCA
 GCCAC
 CCACG
 CACGG
 ACGGA
 CGGAG
 GGAGA
 GAGAC
 AGACT
 GACTG
 ACTGG
 CTGGA
 TGGAT
 GGATT
 GATTG
 ATTGG
 TTGGT
 TGGTG
 GGTGG
 GTGGT
 TGGTC
 GGTCA
 GTCAC
 TCACC
 CACCA
 ACCAG
 CCAGA
 CAGAG
 AGAGG
 GAGGG
 AGGGG
 GGGGG
 GGGGA
 GGGAG
 GGAGG
 GAGGG
 AGGGG
 GGGGG
 GGGGG
 GGGGA
 GGGAG
 GGAGG
 GAGGG
 AGGGG
 GGGGA
 GGGAG
 GGAGA
 GAGAG
 AGAGA
 GAGAG
 AGAGC
 GAGCC
 AGCCA
 GCCAA
 CCAAA
 CAAAG
 AAAGG
 AAGGG
 AGGGG
 GGGGT
 GGGTG
 GGTGA
 GTGAT
 TGATG
 GATGA
 ATGAG
 TGAGG
 GAGGC
 AGGCT
 GGCTC
 GCTCA
 CTCAC
 TCACA
 CACAT
 ACATG
 CATGT
 ATGTG
 TGTGA
 GTGAG
 TGAGG
 GAGGT
 AGGTG
 GGTGA
 GTGAC
 TGACG
 GACGG
 ACGGA
 CGGAC
 GGACT
 GACTA
 ACTAT
 CTATC
 TATCA
 ATCAT
 TCATT
 CATTA
 ATTAG
 TTAGT
 TAGTT
 AGTTT
 GTTTT
 TTTTC
 TTTCG
 TTCGG
 TCGGG
 CGGGT
 GGGTG
 GGTGG
 GTGGT
 TGGTG
 GGTGA
 GTGAA
 TGAAC
 GAACA
 AACAC
 ACACG
 CACGA
 ACGAT
 CGATG
 GATGT
 ATGTA
 TGTAA
 GTAAT
 TAATC
 AATCC
 ATCCA
 TCCAC
 CCACA
 CACAC
 ACACA
 CACAG
 ACAGA
 CAGAA
 AGAAT
 GAATT
 AATTC
 ATTCG
 TTCGA
 TCGAA
 CGAAA
 GAAAT
 AAATA
 AATAC
 ATACA
 TACAT
 ACATT
 CATTA
 ATTAC
 TTACA
 TACAA
 ACAAC
 CAACG
 AACGT
 ACGTA
 CGTAC
 GTACC
 TACCT
 ACCTC
 CCTCT
 CTCTG
 TCTGA
 CTGAA
 TGAAA
 GAAAG
 AAAGC
 AAGCT
 AGCTA
 GCTAC
 CTACA
 TACAT
 ACATA
 CATAA
 ATAAT
 TAATG
 AATGT
 ATGTT
 TGTTA
 GTTAG
 TTAGA
 TAGAA
 AGAAT
 GAATC
 AATCC
 ATCCG
 TCCGC
 CCGCT
 CGCTG
 GCTGT
 CTGTT
 TGTTA
 GTTAC
 TTACT
 TACTG
 ACTGC
 CTGCA
 TGCAA
 GCAAT
 CAATA
 AATAA
 ATAAA
 TAAAA
 AAAAT
 AAATA
 AATAA
 ATAAA
 TAAAA
 AAAAT
 AAATA
 AATAA
 ATAAA
 TAAAA
 AAAAT
 AAATA
 AATAA
 ATAAA
 TAAAA
 AAAAT
 AAATA
 AATAA
 ATAAA
 TAAAA
 AAAAT
 AAATA
 AATAA
 ATAAA
 TAAAA
 AAAAT
 AAATA
 AATAA
 ATAAA
 TAAAA
 AAAAT
 AAATA
 AATAG
 ATAGA
 TAGAG
 AGAGA
 GAGAA
 AGAAG
 GAAGT
 AAGTG
 AGTGT
 GTGTT
 TGTTG
 GTTGG
 TTGGA
 TGGAG
 GGAGC
 GAGCC
 AGCCT
 GCCTC
 CCTCA
 CTCAA
 TCAAG
 CAAGA
 AAGAG
 AGAGG
 GAGGC
 AGGCT
 GGCTA
 GCTAA
 CTAAC
 TAACA
 AACAG
 ACAGG
 CAGGC
 AGGCT
 GGCTT
 GCTTT
 CTTTT
 TTTTG
 TTTGA
 TTGAA
 TGAAA
 GAAAA
 AAAAG
 AAAGT
 AAGTT
 AGTTA
 GTTAT
 TTATT
 TATTC
 ATTCT
 TTCTA
 TCTAG
 CTAGG
 TAGGG
 AGGGA
 GGGAT
 GGATT
 GATTT
 ATTTG
 TTTGT
 TTGTA
 TGTAT
 GTATG
 TATGG
 ATGGC
 TGGCT
 GGCTT
 GCTTA
 CTTAG
 TTAGC
 TAGCT
 AGCTC
 GCTCA
 CTCAG
 TCAGG
 CAGGG
 AGGGC
 GGGCG
 GGCGG
 GCGGC
 CGGCA
 GGCAC
 GCACA
 CACAC
 ACACA
 CACAC
 ACACC
 CACCA
 ACCAG
 CCAGC
 CAGCC
 AGCCT
 GCCTG
 CCTGA
 CTGAG
 TGAGA
 GAGAC
 AGACA
 GACAC
 ACACA
 CACAG
 ACAGC
 CAGCT
 AGCTG
 GCTGT
 CTGTG
 TGTGA
 GTGAC
 TGACA
 GACAT
 ACATA
 CATAG
 ATAGC
 TAGCC
 AGCCC
 GCCCC
 CCCCT
 CCCTA
 CCTAA
 CTAAC
 TAACT
 AACTT
 ACTTC
 CTTCA
 TTCAA
 TCAAC
 CAACT
 AACTA
 ACTAA
 CTAAA
 TAAAC
 AAACT
 AACTC
 ACTCT
 CTCTA
 TCTAT
 CTATT
 TATTC
 ATTCC
 TTCCG
 TCCGC
 CCGCC
 CGCCT
 GCCTG
 CCTGG
 CTGGA
 TGGAG
 GGAGG
 GAGGG
 AGGGA
 GGGAA
 GGAAA
 GAAAT
 AAATC
 AATCA
 ATCAA
 TCAAA
 CAAAA
 AAAAC
 AAACT
 AACTA
 ACTAC
 CTACT
 TACTG
 ACTGT
 CTGTA
 TGTAA
 GTAAT
 TAATC
 AATCA
 ATCAT
 TCATA
 CATAA
 ATAAT
 TAATT
 AATTG
 ATTGA
 TTGAT
 TGATT
 GATTG
 ATTGA
 TTGAA
 TGAAG
 GAAGG
 AAGGC
 AGGCT
 GGCTT
 GCTTC
 CTTCA
 TTCAC
 TCACT
 CACTT
 ACTTT
 CTTTG
 TTTGT
 TTGTG
 TGTGC
 GTGCC
 TGCCA
 GCCAG
 CCAGA
 CAGAT
 AGATC
 GATCC
 ATCCT
 TCCTG
 CCTGT
 CTGTG
 TGTGC
 GTGCC
 TGCCA
 GCCAA
 CCAAC
 CAACT
 AACTG
 ACTGC
 CTGCT
 TGCTT
 GCTTT
 CTTTG
 TTTGC
 TTGCA
 TGCAC
 GCACC
 CACCA
 ACCAA
 CCAAC
 CAACT
 AACTG
 ACTGT
 CTGTC
 TGTCT
 GTCTC
 TCTCA
 CTCAT
 TCATT
 CATTT
 ATTTA
 TTTAA
 TTAAT
 TAATC
 AATCC
 ATCCT
 TCCTC
 CCTCA
 CTCAC
 TCACA
 CACAT
 ACATC
 CATCC
 ATCCA
 TCCAA
 CCAAA
 CAAAA
 AAAAG
 AAAGG
 AAGGC
 AGGCA
 GGCAG
 GCAGG
 CAGGT
 AGGTT
 GGTTA
 GTTAC
 TTACC
 TACCG
 ACCGT
 CCGTT
 CGTTA
 GTTAT
 TTATT
 TATTC
 ATTCT
 TTCTC
 TCTCC
 CTCCC
 TCCCC
 CCCCA
 CCCAT
 CCATT
 CATTT
 ATTTT
 TTTTC
 TTTCA
 TTCAA
 TCAAG
 CAAGG
 AAGGT
 AGGTG
 GGTGA
 GTGAG
 TGAGG
 GAGGA
 AGGAG
 GGAGG
 GAGGC
 AGGCG
 GGCGG
 GCGGA
 CGGAA
 GGAAG
 GAAGC
 AAGCA
 AGCAG
 GCAGA
 CAGAA
 AGAAA
 GAAAG
 AAAGA
 AAGAT
 AGATG
 GATGG
 ATGGC
 TGGCC
 GGCCA
 GCCAT
 CCATC
 CATCT
 ATCTG
 TCTGC
 CTGCC
 TGCCT
 GCCTG
 CCTGG
 CTGGA
 TGGAA
 GGAAT
 GAATT
 AATTC
 ATTCA
 TTCAC
 TCACA
 CACAC
 ACACA
 CACAA
 ACAAG
 CAAGG
 AAGGC
 AGGCT
 GGCTT
 GCTTC
 CTTCT
 TTCTC
 TCTCT
 CTCTA
 TCTAG
 CTAGG
 TAGGT
 AGGTA
 GGTAA
 GTAAT
 TAATG
 AATGA
 ATGAC
 TGACA
 GACAT
 ACATG
 CATGA
 ATGAC
 TGACT
 GACTT
 ACTTT
 CTTTT
 TTTTG
 TTTGG
 TTGGA
 TGGAC
 GGACA
 GACAA
 ACAAG
 CAAGA
 AAGAT
 AGATT
 GATTT
 ATTTA
 TTTAA
 TTAAA
 TAAAG
 AAAGG
 AAGGT
 AGGTT
 GGTTT
 GTTTA
 TTTAA
 TTAAC
 TAACA
 AACAC
 ACACA
 CACAT
 ACATT
 CATTC
 ATTCC
 TTCCA
 TCCAG
 CCAGT
 CAGTG
 AGTGA
 GTGAA
 TGAAG
 GAAGA
 AAGAC
 AGACG
 GACGC
 ACGCA
 CGCAG
 GCAGA
 CAGAT
 AGATC
 GATCC
 ATCCC
 TCCCA
 CCCAG
 CCAGT
 CAGTA
 AGTAT
 GTATC
 TATCA
 ATCAC
 TCACA
 CACAG
 ACAGA
 CAGAA
 AGAAC
 GAACG
 AACGT
 ACGTG
 CGTGA
 GTGAA
 TGAAA
 GAAAA
 AAAAA
 AAAAC
 AAACA
 AACAC
 ACACT
 CACTG
 ACTGA
 CTGAG
 TGAGT
 GAGTC
 AGTCC
 GTCCT
 TCCTG
 CCTGC
 CTGCC
 TGCCA
 GCCAC
 CCACA
 CACAT
 ACATG
 CATGT
 ATGTA
 TGTAT
 GTATT
 TATTA
 ATTAA
 TTAAA
 TAAAA
 AAAAC
 AAACA
 AACAC
 ACACT
 CACTA
 ACTAA
 CTAAC
 TAACT
 AACTA
 ACTAT
 CTATG
 TATGG
 ATGGA
 TGGAT
 GGATC
 GATCC
 ATCCT
 TCCTC
 CCTCA
 CTCAC
 TCACA
 CACAA
 ACAAT
 CAATC
 AATCT
 ATCTC
 TCTCT
 CTCTT
 TCTTG
 CTTGG
 TTGGC
 TGGCC
 GGCCT
 GCCTG
 CCTGT
 CTGTT
 TGTTT
 GTTTT
 TTTTT
 TTTTT
 TTTTC
 TTTCA
 TTCAG
 TCAGA
 CAGAG
 AGAGG
 GAGGA
 AGGAG
 GGAGG
 GAGGG
 AGGGA
 GGGAA
 GGAAA
 GAAAA
 AAAAC
 AAACC
 AACCC
 ACCCA
 CCCAG
 CCAGG
 CAGGG
 AGGGT
 GGGTG
 GGTGA
 GTGAA
 TGAAA
 GAAAA
 AAAAC
 AAACC
 AACCC
 ACCCG
 CCCGT
 CCGTT
 CGTTG
 GTTGA
 TTGAG
 TGAGG
 GAGGA
 AGGAG
 GGAGA
 GAGAT
 AGATG
 GATGT
 ATGTC
 TGTCT
 GTCTG
 TCTGC
 CTGCA
 TGCAG
 GCAGA
 CAGAT
 AGATG
 GATGA
 ATGAG
 TGAGG
 GAGGA
 AGGAC
 GGACT
 GACTA
 ACTAG
 CTAGG
 TAGGT
 AGGTC
 GGTCT
 GTCTG
 TCTGG
 CTGGT
 TGGTC
 GGTCT
 GTCTT
 TCTTT
 CTTTA
 TTTAA
 TTAAA
 TAAAG
 AAAGC
 AAGCC
 AGCCG
 GCCGG
 CCGGG
 CGGGA
 GGGAA
 GGAAC
 GAACT
 AACTA
 ACTAT
 CTATC
 TATCC
 ATCCC
 TCCCA
 CCCAG
 CCAGT
 CAGTA
 AGTAG
 GTAGA
 TAGAT
 AGATT
 GATTC
 ATTCT
 TTCTG
 TCTGA
 CTGAG
 TGAGT
 GAGTC
 AGTCA
 GTCAG
 TCAGT
 CAGTG
 AGTGG
 GTGGG
 TGGGT
 GGGTC
 GGTCC
 GTCCA
 TCCAG
 CCAGA
 CAGAG
 AGAGT
 GAGTA
 AGTAG
 GTAGG
 TAGGC
 AGGCG
 GGCGT
 GCGTC
 CGTCG
 GTCGA
 TCGAG
 CGAGC
 GAGCG
 AGCGT
 GCGTC
 CGTCT
 GTCTC
 TCTCC
 CTCCG
 TCCGT
 CCGTT
 CGTTC
 GTTCT
 TTCTT
 TCTTT
 CTTTG
 TTTGA
 TTGAA
 TGAAA
 GAAAA
 AAAAA
 AAAAG
 AAAGC
 AAGCC
 AGCCC
 GCCCC
 CCCCA
 CCCAC
 CCACA
 CACAG
 ACAGG
 CAGGC
 AGGCT
 GGCTA
 GCTAC
 CTACA
 TACAC
 ACACT
 CACTT
 ACTTC
 CTTCC
 TTCCG
 TCCGT
 CCGTG
 CGTGC
 GTGCC
 TGCCC
 GCCCT
 CCCTT
 CCTTG
 CTTGG
 TTGGA
 TGGAG
 GGAGT
 GAGTT
 AGTTG
 GTTGG
 TTGGG
 TGGGA
 GGGAA
 GGAAG
 GAAGC
 AAGCA
 AGCAC
 GCACA
 CACAG
 ACAGT
 CAGTC
 AGTCA
 GTCAG
 TCAGG
 CAGGC
 AGGCC
 GGCCC
 GCCCT
 CCCTA
 CCTAC
 CTACA
 TACAT
 ACATC
 CATCG
 ATCGG
 TCGGG
 CGGGA
 GGGAC
 GGACG
 GACGT
 ACGTT
 CGTTT
 GTTTC
 TTTCA
 TTCAG
 TCAGT
 CAGTC
 AGTCA
 GTCAA
 TCAAC
 CAACA
 AACAA
 ACAAC
 CAACG
 AACGG
 ACGGG
 CGGGG
 GGGGG
 GGGGT
 GGGTC
 GGTCC
 GTCCC
 TCCCA
 CCCAT
 CCATA
 CATAA
 ATAAG
 TAAGA
 AAGAT
 AGATT
 GATTA
 ATTAG
 TTAGT
 TAGTC
 AGTCC
 GTCCC
 TCCCA
 CCCAT
 CCATA
 CATAG
 ATAGA
 TAGAG
 AGAGC
 GAGCC
 AGCCT
 GCCTA
 CCTAG
 CTAGG
 TAGGT
 AGGTG
 GGTGT
 GTGTG
 TGTGT
 GTGTA
 TGTAG
 GTAGG
 TAGGA
 AGGAG
 GGAGG
 GAGGC
 AGGCT
 GGCTC
 GCTCT
 CTCTG
 TCTGC
 CTGCC
 TGCCG
 GCCGT
 CCGTG
 CGTGT
 GTGTA
 TGTAG
 GTAGG
 TAGGT
 AGGTT
 GGTTT
 GTTTA
 TTTAT
 TTATG
 TATGA
 ATGAA
 TGAAC
 GAACT
 AACTC
 ACTCC
 CTCCG
 TCCGT
 CCGTG
 CGTGG
 GTGGT
 TGGTG
 GGTGC
 GTGCT
 TGCTT
 GCTTG
 CTTGC
 TTGCA
 TGCAC
 GCACG
 CACGA
 ACGAT
 CGATC
 GATCA
 ATCAC
 TCACG
 CACGC
 ACGCG
 CGCGA
 GCGAT
 CGATT
 GATTG
 ATTGC
 TTGCC
 TGCCT
 GCCTG
 CCTGA
 CTGAC
 TGACC
 GACCG
 ACCGT
 CCGTG
 CGTGA
 GTGAC
 TGACG
 GACGC
 ACGCA
 CGCAC
 GCACT
 CACTC
 ACTCC
 CTCCT
 TCCTC
 CCTCA
 CTCAC
 TCACA
 CACAG
 ACAGC
 CAGCT
 AGCTT
 GCTTA
 CTTAG
 TTAGC
 TAGCC
 AGCCC
 GCCCC
 CCCCA
 CCCAC
 CCACT
 CACTG
 ACTGT
 CTGTT
 TGTTA
 GTTAA
 TTAAG
 TAAGC
 AAGCA
 AGCAA
 GCAAA
 CAAAG
 AAAGC
 AAGCA
 AGCAT
 GCATG
 CATGA
 ATGAC
 TGACT
 GACTG
 ACTGC
 CTGCA
 TGCAC
 GCACT
 CACTG
 ACTGC
 CTGCC
 TGCCT
 GCCTT
 CCTTA
 CTTAG
 TTAGA
 TAGAT
 AGATT
 GATTC
 ATTCT
 TTCTC
 TCTCC
 CTCCA
 TCCAC
 CCACG
 CACGG
 ACGGT
 CGGTT
 GGTTC
 GTTCC
 TTCCA
 TCCAG
 CCAGA
 CAGAC
 AGACC
 GACCC
 ACCCT
 CCCTG
 CCTGC
 CTGCG
 TGCGC
 GCGCT
 CGCTG
 GCTGT
 CTGTT
 TGTTT
 GTTTA
 TTTAG
 TTAGA
 TAGAT
 AGATG
 GATGA
 ATGAC
 TGACT
 GACTG
 ACTGC
 CTGCA
 TGCAC
 GCACA
 CACAC
 ACACG
 CACGC
 ACGCA
 CGCAG
 GCAGA
 CAGAG
 AGAGG
 GAGGG
 AGGGC
 GGGCA
 GGCAC
 GCACC
 CACCG
 ACCGT
 CCGTG
 CGTGT
 GTGTC
 TGTCT
 GTCTG
 TCTGA
 CTGAG
 TGAGG
 GAGGC
 AGGCA
 GGCAG
 GCAGA
 CAGAG
 AGAGA
 GAGAG
 AGAGC
 GAGCG
 AGCGG
 GCGGC
 CGGCT
 GGCTG
 GCTGG
 CTGGA
 TGGAA
 GGAAT
 GAATC
 AATCA
 ATCAC
 TCACA
 CACAA
 ACAAC
 CAACA
 AACAG
 ACAGC
 CAGCT
 AGCTC
 GCTCT
 CTCTC
 TCTCG
 CTCGA
 TCGAC
 CGACG
 GACGG
 ACGGA
 CGGAG
 GGAGA
 GAGAG
 AGAGT
 GAGTC
 AGTCA
 GTCAA
 TCAAG
 CAAGG
 AAGGA
 AGGAA
 GGAAA
 GAAAG
 AAAGG
 AAGGC
 AGGCG
 GGCGT
 GCGTG
 CGTGC
 GTGCT
 TGCTC
 GCTCT
 CTCTG
 TCTGC
 CTGCT
 TGCTT
 GCTTA
 CTTAC
 TTACA
 TACAC
 ACACG
 CACGA
 ACGAC
 CGACT
 GACTC
 ACTCT
 CTCTC
 TCTCT
 CTCTA
 TCTAC
 CTACT
 TACTT
 ACTTT
 CTTTT
 TTTTC
 TTTCT
 TTCTC
 TCTCT
 CTCTG
 TCTGT
 CTGTG
 TGTGT
 GTGTC
 TGTCT
 GTCTG
 TCTGA
 CTGAA
 TGAAC
 GAACT
 AACTA
 ACTAT
 CTATT
 TATTT
 ATTTT
 TTTTA
 TTTAC
 TTACA
 TACAG
 ACAGC
 CAGCT
 AGCTA
 GCTAA
 CTAAT
 TAATC
 AATCT
 ATCTA
 TCTAC
 CTACT
 TACTT
 ACTTT
 CTTTT
 TTTTT
 TTTTT
 TTTTT
 TTTTA
 TTTAA
 TTAAC
 TAACC
 AACCA
 ACCAA
 CCAAG
 CAAGC
 AAGCA
 AGCAG
 GCAGC
 CAGCT
 AGCTG
 GCTGT
 CTGTG
 TGTGC
 GTGCC
 TGCCA
 GCCAA
 CCAAA
 CAAAA
 AAAAG
 AAAGA
 AAGAA
 AGAAT
 GAATG
 AATGT
 ATGTT
 TGTTA
 GTTAC
 TTACC
 TACCA
 ACCAA
 CCAAG
 CAAGC
 AAGCA
 AGCAA
 GCAAT
 CAATA
 AATAC
 ATACT
 TACTA
 ACTAA
 CTAAA
 TAAAC
 AAACA
 AACAA
 ACAAA
 CAAAC
 AAACC
 AACCA
 ACCAA
 CCAAT
 CAATA
 AATAT
 ATATC
 TATCA
 ATCAA
 TCAAC
 CAACC
 AACCA
 ACCAT
 CCATA
 CATAC
 ATACA
 TACAT
 ACATA
 CATAT
 ATATT
 TATTA
 ATTAA
 TTAAA
 TAAAT
 AAATA
 AATAA
 ATAAG
 TAAGC
 AAGCC
 AGCCT
 GCCTA
 CCTAA
 CTAAC
 TAACC
 AACCC
 ACCCT
 CCCTA
 CCTAC
 CTACT
 TACTA
 ACTAG
 CTAGG
 TAGGC
 AGGCT
 GGCTA
 GCTAC
 CTACG
 TACGG
 ACGGA
 CGGAA
 GGAAA
 GAAAA
 AAAAG
 AAAGG
 AAGGC
 AGGCT
 GGCTT
 GCTTT
 CTTTT
 TTTTA
 TTTAT
 TTATT
 TATTT
 ATTTC
 TTTCC
 TTCCC
 TCCCT
 CCCTG
 CCTGG
 CTGGG
 TGGGA
 GGGAT
 GGATA
 GATAA
 ATAAT
 TAATT
 AATTT
 ATTTG
 TTTGG
 TTGGA
 TGGAC
 GGACA
 GACAG
 ACAGC
 CAGCA
 AGCAT
 GCATT
 CATTA
 ATTAG
 TTAGA
 TAGAT
 AGATT
 GATTC
 ATTCT
 TTCTT
 TCTTT
 CTTTT
 TTTTA
 TTTAC
 TTACC
 TACCA
 ACCAA
 CCAAG
 CAAGA
 AAGAG
 AGAGC
 GAGCA
 AGCAG
 GCAGC
 CAGCC
 AGCCA
 GCCAA
 CCAAG
 CAAGT
 AAGTC
 AGTCG
 GTCGA
 TCGAG
 CGAGG
 GAGGG
 AGGGA
 GGGAG
 GGAGA
 GAGAT
 AGATT
 GATTA
 ATTAT
 TTATT
 TATTT
 ATTTC
 TTTCT
 TTCTA
 TCTAA
 CTAAG
 TAAGT
 AAGTC
 AGTCC
 GTCCA
 TCCAC
 CCACA
 CACAG
 ACAGT
 CAGTG
 AGTGC
 GTGCT
 TGCTG
 GCTGC
 CTGCA
 TGCAG
 GCAGA
 CAGAT
 AGATG
 GATGC
 ATGCG
 TGCGG
 GCGGT
 CGGTC
 GGTCA
 GTCAG
 TCAGT
 CAGTA
 AGTAG
 GTAGC
 TAGCA
 AGCAA
 GCAAC
 CAACC
 AACCG
 ACCGC
 CCGCA
 CGCAA
 GCAAG
 CAAGC
 AAGCT
 AGCTG
 GCTGG
 CTGGA
 TGGAA
 GGAAA
 GAAAG
 AAAGG
 AAGGA
 AGGAA
 GGAAA
 GAAAC
 AAACA
 AACAA
 ACAAA
 CAAAG
 AAAGT
 AAGTT
 AGTTG
 GTTGG
 TTGGG
 TGGGT
 GGGTG
 GGTGT
 GTGTA
 TGTAA
 GTAAT
 TAATC
 AATCC
 ATCCA
 TCCAT
 CCATT
 CATTC
 ATTCC
 TTCCA
 TCCAG
 CCAGT
 CAGTT
 AGTTC
 GTTCA
 TTCAC
 TCACA
 CACAC
 ACACG
 CACGT
 ACGTT
 CGTTT
 GTTTC
 TTTCA
 TTCAC
 TCACC
 CACCA
 ACCAG
 CCAGG
 CAGGG
 AGGGA
 GGGAC
 GGACA
 GACAG
 ACAGC
 CAGCC
 AGCCT
 GCCTC
 CCTCC
 CTCCA
 TCCAA
 CCAAG
 CAAGC
 AAGCC
 AGCCT
 GCCTT
 CCTTG
 CTTGA
 TTGAA
 TGAAT
 GAATA
 AATAC
 ATACT
 TACTT
 ACTTA
 CTTAT
 TTATG
 TATGT
 ATGTA
 TGTAC
 GTACG
 TACGC
 ACGCA
 CGCAT
 GCATT
 CATTT
 ATTTA
 TTTAT
 TTATC
 TATCC
 ATCCA
 TCCAT
 CCATT
 CATTT
 ATTTC
 TTTCT
 TTCTT
 TCTTT
 CTTTA
 TTTAA
 TTAAC
 TAACC
 AACCA
 ACCAA
 CCAAC
 CAACC
 AACCA
 ACCAC
 CCACT
 CACTA
 ACTAC
 CTACT
 TACTA
 ACTAA
 CTAAC
 TAACG
 AACGC
 ACGCC
 CGCCT
 GCCTA
 CCTAC
 CTACC
 TACCA
 ACCAA
 CCAAA
 CAAAG
 AAAGG
 AAGGC
 AGGCC
 GGCCA
 GCCAG
 CCAGA
 CAGAC
 AGACA
 GACAC
 ACACT
 CACTG
 ACTGC
 CTGCT
 TGCTC
 GCTCG
 CTCGA
 TCGAA
 CGAAG
 GAAGT
 AAGTA
 AGTAC
 GTACT
 TACTT
 ACTTT
 CTTTA
 TTTAC
 TTACG
 TACGG
 ACGGA
 CGGAT
 GGATG
 GATGT
 ATGTG
 TGTGA
 GTGAA
 TGAAA
 GAAAT
 AAATA
 AATAT
 ATATC
 TATCC
 ATCCT
 TCCTC
 CCTCT
 CTCTA
 TCTAA
 CTAAC
 TAACC
 AACCT
 ACCTT
 CCTTT
 CTTTA
 TTTAC
 TTACG
 TACGC
 ACGCT
 CGCTC
 GCTCG
 CTCGC
 TCGCC
 CGCCT
 GCCTA
 CCTAC
 CTACG
 TACGG
 ACGGA
 CGGAG
 GGAGT
 GAGTG
 AGTGT
 GTGTG
 TGTGT
 GTGTA
 TGTAT
 GTATG
 TATGA
 ATGAT
 TGATA
 GATAA
 ATAAT
 TAATC
 AATCA
 ATCAT
 TCATC
 CATCC
 ATCCC
 TCCCC
 CCCCG
 CCCGT
 CCGTT
 CGTTC
 GTTCT
 TTCTA
 TCTAC
 CTACA
 TACAG
 ACAGA
 CAGAT
 AGATC
 GATCA
 ATCAG
 TCAGG
 CAGGA
 AGGAA
 GGAAA
 GAAAC
 AAACT
 AACTG
 ACTGA
 CTGAC
 TGACA
 GACAC
 ACACG
 CACGC
 ACGCA
 CGCAG
 GCAGA
 CAGAA
 AGAAT
 GAATG
 AATGG
 ATGGT
 TGGTA
 GGTAC
 GTACA
 TACAG
 ACAGT
 CAGTA
 AGTAA
 GTAAC
 TAACT
 AACTT
 ACTTG
 CTTGC
 TTGCC
 TGCCC
 GCCCA
 CCCAA
 CCAAG
 CAAGT
 AAGTT
 AGTTC
 GTTCA
 TTCAC
 TCACA
 CACAC
 ACACA
 CACAG
 ACAGC
 CAGCC
 AGCCC
 GCCCG
 CCCGT
 CCGTA
 CGTAG
 GTAGG
 TAGGC
 AGGCG
 GGCGG
 GCGGC
 CGGCA
 GGCAG
 GCAGA
 CAGAG
 AGAGC
 GAGCC
 AGCCA
 GCCAG
 CCAGG
 CAGGA
 AGGAC
 GGACC
 GACCC
 ACCCA
 CCCAT
 CCATT
 CATTT
 ATTTG
 TTTGA
 TTGAC
 TGACA
 GACAG
 ACAGA
 CAGAG
 AGAGT
 GAGTC
 AGTCT
 GTCTG
 TCTGG
 CTGGC
 TGGCC
 GGCCC
 GCCCC
 CCCCA
 CCCAG
 CCAGA
 CAGAG
 AGAGT
 GAGTC
 AGTCC
 GTCCA
 TCCAC
 CCACG
 CACGT
 ACGTG
 CGTGC
 GTGCT
 TGCTG
 GCTGA
 CTGAA
 TGAAT
 GAATC
 AATCA
 ATCAC
 TCACC
 CACCA
 ACCAC
 CCACG
 CACGC
 ACGCT
 CGCTT
 GCTTA
 CTTAG
 TTAGT
 TAGTC
 AGTCT
 GTCTC
 TCTCC
 CTCCA
 TCCAA
 CCAAA
 CAAAA
 AAAAA
 AAAAC
 AAACC
 AACCT
 ACCTG
 CCTGT
 CTGTA
 TGTAG
 GTAGA
 TAGAA
 AGAAA
 GAAAG
 AAAGC
 AAGCG
 AGCGC
 GCGCC
 CGCCA
 GCCAG
 CCAGG
 CAGGC
 AGGCT
 GGCTT
 GCTTA
 CTTAA
 TTAAT
 TAATC
 AATCG
 ATCGA
 TCGAA
 CGAAA
 GAAAA
 AAAAG
 AAAGT
 AAGTT
 AGTTT
 GTTTT
 TTTTG
 TTTGT
 TTGTT
 TGTTT
 GTTTT
 TTTTC
 TTTCC
 TTCCC
 TCCCC
 CCCCA
 CCCAC
 CCACC
 CACCC
 ACCCC
 CCCCA
 CCCAG
 CCAGC
 CAGCC
 AGCCT
 GCCTA
 CCTAC
 CTACA
 TACAG
 ACAGT
 CAGTC
 AGTCC
 GTCCC
 TCCCT
 CCCTA
 CCTAC
 CTACG
 TACGC
 ACGCG
 CGCGG
 GCGGC
 CGGCC
 GGCCC
 GCCCC
 CCCCA
 CCCAG
 CCAGT
 CAGTC
 AGTCT
 GTCTC
 TCTCC
 CTCCA
 TCCAG
 CCAGG
 CAGGG
 AGGGC
 GGGCA
 GGCAT
 GCATT
 CATTC
 ATTCT
 TTCTT
 TCTTT
 CTTTC
 TTTCA
 TTCAG
 TCAGC
 CAGCT
 AGCTC
 GCTCC
 CTCCT
 TCCTC
 CCTCT
 CTCTG
 TCTGA
 CTGAC
 TGACA
 GACAG
 ACAGG
 CAGGC
 AGGCC
 GGCCA
 GCCAT
 CCATG
 CATGC
 ATGCT
 TGCTC
 GCTCC
 CTCCT
 TCCTC
 CCTCC
 CTCCC
 TCCCT
 CCCTT
 CCTTG
 CTTGC
 TTGCC
 TGCCC
 GCCCT
 CCCTG
 CCTGT
 CTGTC
 TGTCC
 GTCCC
 TCCCA
 CCCAA
 CCAAC
 CAACA
 AACAC
 ACACT
 CACTC
 ACTCT
 CTCTC
 TCTCC
 CTCCC
 TCCCG
 CCCGC
 CCGCA
 CGCAC
 GCACA
 CACAA
 ACAAG
 CAAGT
 AAGTC
 AGTCC
 GTCCT
 TCCTC
 CCTCC
 CTCCT
 TCCTT
 CCTTT
 CTTTT
 TTTTC
 TTTCT
 TTCTT
 TCTTT
 CTTTT
 TTTTA
 TTTAG
 TTAGG
 TAGGC
 AGGCA
 GGCAT
 GCATC
 CATCC
 ATCCG
 TCCGC
 CCGCT
 CGCTC
 GCTCT
 CTCTC
 TCTCG
 CTCGG
 TCGGC
 CGGCT
 GGCTT
 GCTTC
 CTTCC
 TTCCA
 TCCAC
 CCACA
 CACAT
 ACATC
 CATCA
 ATCAC
 TCACT
 CACTG
 ACTGC
 CTGCC
 TGCCT
 GCCTA
 CCTAA
 CTAAG
 TAAGT
 AAGTC
 AGTCA
 GTCAC
 TCACA
 CACAA
 ACAAG
 CAAGG
 AAGGT
 AGGTC
 GGTCT
 GTCTA
 TCTAA
 CTAAC
 TAACA
 AACAG
 ACAGT
 CAGTA
 AGTAA
 GTAAA
 TAAAT
 AAATG
 AATGC
 ATGCT
 TGCTG
 GCTGC
 CTGCA
 TGCAT
 GCATT
 CATTT
 ATTTC
 TTTCT
 TTCTC
 TCTCA
 CTCAG
 TCAGC
 CAGCA
 AGCAC
 GCACT
 CACTC
 ACTCA
 CTCAA
 TCAAC
 CAACA
 AACAC
 ACACA
 CACAA
 ACAAA
 CAAAA
 AAAAT
 AAATT
 AATTG
 ATTGC
 TTGCT
 TGCTT
 GCTTT
 CTTTT
 TTTTA
 TTTAC
 TTACG
 TACGT
 ACGTA
 CGTAC
 GTACC
 TACCT
 ACCTC
 CCTCC
 CTCCT
 TCCTA
 CCTAG
 CTAGG
 TAGGT
 AGGTA
 GGTAA
 GTAAT
 TAATT
 AATTA
 ATTAG
 TTAGT
 TAGTT
 AGTTG
 GTTGC
 TTGCT
 TGCTG
 GCTGC
 CTGCC
 TGCCT
 GCCTG
 CCTGT
 CTGTC
 TGTCT
 GTCTG
 TCTGT
 CTGTC
 TGTCC
 GTCCT
 TCCTT
 CCTTT
 CTTTC
 TTTCC
 TTCCA
 TCCAA
 CCAAC
 CAACT
 AACTA
 ACTAG
 CTAGG
 TAGGC
 AGGCT
 GGCTG
 GCTGT
 CTGTG
 TGTGA
 GTGAG
 TGAGG
 GAGGT
 AGGTC
 GGTCC
 GTCCC
 TCCCG
 CCCGT
 CCGTA
 CGTAC
 GTACG
 TACGT
 ACGTC
 CGTCA
 GTCAA
 TCAAA
 CAAAC
 AAACA
 AACAG
 ACAGC
 CAGCC
 AGCCT
 GCCTG
 CCTGT
 CTGTC
 TGTCA
 GTCAG
 TCAGT
 CAGTC
 AGTCT
 GTCTT
 TCTTG
 CTTGC
 TTGCT
 TGCTC
 GCTCA
 CTCAC
 TCACC
 CACCA
 ACCAA
 CCAAG
 CAAGT
 AAGTG
 AGTGT
 GTGTC
 TGTCC
 GTCCA
 TCCAG
 CCAGA
 CAGAC
 AGACC
 GACCA
 ACCAC
 CCACT
 CACTG
 ACTGG
 CTGGA
 TGGAC
 GGACA
 GACAC
 ACACG
 CACGC
 ACGCA
 CGCAC
 GCACC
 CACCG
 ACCGA
 CCGAC
 CGACC
 GACCA
 ACCAG
 CCAGA
 CAGAG
 AGAGG
 GAGGA
 AGGAA
 GGAAA
 GAAAG
 AAAGG
 AAGGA
 AGGAA
 GGAAG
 GAAGG
 AAGGA
 AGGAC
 GGACC
 GACCG
 ACCGG
 CCGGT
 CGGTC
 GGTCC
 GTCCC
 TCCCC
 CCCCA
 CCCAA
 CCAAG
 CAAGT
 AAGTC
 AGTCA
 GTCAA
 TCAAC
 CAACT
 AACTC
 ACTCT
 CTCTC
 TCTCC
 CTCCA
 TCCAG
 CCAGA
 CAGAC
 AGACT
 GACTT
 ACTTT
 CTTTC
 TTTCT
 TTCTG
 TCTGT
 CTGTG
 TGTGG
 GTGGA
 TGGAA
 GGAAG
 GAAGG
 AAGGA
 AGGAG
 GGAGG
 GAGGG
 AGGGA
 GGGAA
 GGAAC
 GAACG
 AACGA
 ACGAA
 CGAAC
 GAACG
 AACGG
 ACGGA
 CGGAG
 GGAGC
 GAGCA
 AGCAC
 GCACC
 CACCC
 ACCCT
 CCCTC
 CCTCG
 CTCGA
 TCGAG
 CGAGC
 GAGCC
 AGCCT
 GCCTC
 CCTCA
 CTCAC
 TCACG
 CACGC
 ACGCT
 CGCTT
 GCTTT
 CTTTC
 TTTCT
 TTCTT
 TCTTT
 CTTTG
 TTTGC
 TTGCC
 TGCCA
 GCCAG
 CCAGA
 CAGAC
 AGACT
 GACTT
 ACTTT
 CTTTC
 TTTCA
 TTCAA
 TCAAG
 CAAGT
 AAGTG
 AGTGT
 GTGTG
 TGTGG
 GTGGG
 TGGGA
 GGGAC
 GGACA
 GACAC
 ACACA
 CACAT
 ACATA
 CATAC
 ATACC
 TACCT
 ACCTG
 CCTGT
 CTGTG
 TGTGC
 GTGCT
 TGCTC
 GCTCA
 CTCAC
 TCACA
 CACAA
 ACAAT
 CAATG
 AATGC
 ATGCT
 TGCTC
 GCTCC
 CTCCC
 TCCCC
 CCCCG
 CCCGG
 CCGGA
 CGGAC
 GGACA
 GACAG
 ACAGA
 CAGAC
 AGACC
 GACCC
 ACCCC
 CCCCA
 CCCAC
 CCACT
 CACTG
 ACTGC
 CTGCA
 TGCAC
 GCACC
 CACCC
 ACCCC
 CCCCT
 CCCTA
 CCTAT
 CTATC
 TATCA
 ATCAG
 TCAGG
 CAGGT
 AGGTA
 GGTAG
 GTAGA
 TAGAC
 AGACC
 GACCT
 ACCTC
 CCTCT
 CTCTG
 TCTGC
 CTGCA
 TGCAC
 GCACA
 CACAG
 ACAGG
 CAGGC
 AGGCA
 GGCAA
 GCAAG
 CAAGG
 AAGGC
 AGGCC
 GGCCT
 GCCTT
 CCTTT
 CTTTG
 TTTGG
 TTGGA
 TGGAA
 GGAAA
 GAAAG
 AAAGC
 AAGCA
 AGCAC
 GCACC
 CACCG
 ACCGG
 CCGGC
 CGGCT
 GGCTC
 GCTCT
 CTCTG
 TCTGC
 CTGCA
 TGCAC
 GCACA
 CACAC
 ACACA
 CACAA
 ACAAA
 CAAAT
 AAATA
 AATAT
 ATATT
 TATTA
 ATTAT
 TTATG
 TATGT
 ATGTG
 TGTGG
 GTGGC
 TGGCC
 GGCCC
 GCCCT
 CCCTC
 CCTCG
 CTCGA
 TCGAC
 CGACA
 GACAG
 ACAGG
 CAGGC
 AGGCC
 GGCCA
 GCCAC
 CCACT
 CACTT
 ACTTC
 CTTCC
 TTCCC
 TCCCC
 CCCCT
 CCCTG
 CCTGA
 CTGAA
 TGAAC
 GAACC
 AACCG
 ACCGG
 CCGGC
 CGGCC
 GGCCT
 GCCTG
 CCTGA
 CTGAG
 TGAGC
 GAGCT
 AGCTT
 GCTTC
 CTTCA
 TTCAG
 TCAGG
 CAGGG
 AGGGC
 GGGCC
 GGCCA
 GCCAC
 CCACA
 CACAA
 ACAAG
 CAAGA
 AAGAG
 AGAGG
 GAGGC
 AGGCT
 GGCTT
 GCTTC
 CTTCG
 TTCGT
 TCGTG
 CGTGA
 GTGAA
 TGAAG
 GAAGA
 AAGAC
 AGACC
 GACCC
 ACCCC
 CCCCA
 CCCAA
 CCAAC
 CAACG
 AACGG
 ACGGA
 CGGAA
 GGAAC
 GAACG
 AACGT
 ACGTA
 CGTAG
 GTAGC
 TAGCC
 AGCCT
 GCCTC
 CCTCG
 CTCGA
 TCGAA
 CGAAA
 GAAAA
 AAAAG
 AAAGA
 AAGAG
 AGAGG
 GAGGG
 AGGGA
 GGGAG
 GGAGA
 GAGAC
 AGACC
 GACCT
 ACCTG
 CCTGC
 CTGCA
 TGCAC
 GCACT
 CACTC
 ACTCC
 CTCCT
 TCCTC
 CCTCA
 CTCAG
 TCAGA
 CAGAA
 AGAAC
 GAACG
 AACGC
 ACGCA
 CGCAT
 GCATG
 CATGG
 ATGGA
 TGGAG
 GGAGA
 GAGAC
 AGACC
 GACCA
 ACCAG
 CCAGT
 CAGTG
 AGTGT
 GTGTC
 TGTCG
 GTCGT
 TCGTT
 CGTTA
 GTTAC
 TTACC
 TACCG
 ACCGA
 CCGAC
 CGACG
 GACGT
 ACGTC
 CGTCG
 GTCGC
 TCGCG
 CGCGT
 GCGTC
 CGTCT
 GTCTG
 TCTGT
 CTGTC
 TGTCC
 GTCCT
 TCCTT
 CCTTC
 CTTCC
 TTCCA
 TCCAA
 CCAAG
 CAAGA
 AAGAA
 AGAAG
 GAAGC
 AAGCC
 AGCCA
 GCCAA
 CCAAG
 CAAGA
 AAGAC
 AGACC
 GACCA
 ACCAC
 CCACG
 CACGG
 ACGGG
 CGGGT
 GGGTG
 GGTGC
 GTGCC
 TGCCG
 GCCGC
 CCGCT
 CGCTT
 GCTTC
 CTTCA
 TTCAG
 TCAGC
 CAGCG
 AGCGC
 GCGCC
 CGCCC
 GCCCG
 CCCGA
 CCGAC
 CGACT
 GACTC
 ACTCC
 CTCCC
 TCCCG
 CCCGG
 CCGGG
 CGGGC
 GGGCA
 GGCAC
 GCACC
 CACCG
 ACCGC
 CCGCA
 CGCAT
 GCATC
 CATCC
 ATCCC
 TCCCC
 CCCCA
 CCCAG
 CCAGG
 CAGGC
 AGGCT
 GGCTG
 GCTGG
 CTGGC
 TGGCC
 GGCCC
 GCCCC
 CCCCT
 CCCTG
 CCTGG
 CTGGG
 TGGGC
 GGGCA
 GGCAG
 GCAGG
 CAGGT
 AGGTG
 GGTGC
 GTGCC
 TGCCC
 GCCCG
 CCCGG
 CCGGC
 CGGCA
 GGCAC
 GCACA
 CACAC
 ACACA
 CACAC
 ACACC
 CACCG
 ACCGC
 CCGCC
 CGCCC
 GCCCG
 CCCGT
 CCGTT
 CGTTC
 GTTCC
 TTCCA
 TCCAC
 CCACG
 CACGA
 ACGAA
 CGAAC
 GAACG
 AACGC
 ACGCG
 CGCGT
 GCGTG
 CGTGA
 GTGAA
 TGAAG
 GAAGG
 AAGGG
 AGGGC
 GGGCA
 GGCAC
 GCACG
 CACGA
 ACGAA
 CGAAG
 GAAGA
 AAGAG
 AGAGA
 GAGAC
 AGACC
 GACCC
 ACCCC
 CCCCC
 CCCCT
 CCCTC
 CCTCG
 CTCGC
 TCGCT
 CGCTC
 GCTCC
 CTCCC
 TCCCC
 CCCCG
 CCCGC
 CCGCG
 CGCGC
 GCGCC
 CGCCG
 GCCGC
 CCGCA
 CGCAC
 GCACA
 CACAG
 ACAGC
 CAGCT
 AGCTG
 GCTGT
 CTGTC
 TGTCC
 GTCCC
 TCCCG
 CCCGC
 CCGCC
 CGCCA
 GCCAC
 CCACC
 CACCT
 ACCTG
 CCTGA
 CTGAC
 TGACG
 GACGG
 ACGGG
 CGGGC
 GGGCA
 GGCAC
 GCACC
 CACCT
 ACCTC
 CCTCT
 CTCTC
 TCTCG
 CTCGG
 TCGGC
 CGGCG
 GGCGC
 GCGCA
 CGCAC
 GCACA
 CACAA
 ACAAG
 CAAGC
 AAGCC
 AGCCT
 GCCTA
 CCTAT
 CTATT
 TATTC
 ATTCC
 TTCCT
 TCCTC
 CCTCA
 CTCAG
 TCAGG
 CAGGG
 AGGGA
 GGGAC
 GGACA
 GACAC
 ACACG
 CACGC
 ACGCT
 CGCTC
 GCTCG
 CTCGC
 TCGCC
 CGCCT
 GCCTC
 CCTCC
 CTCCC
 TCCCA
 CCCAC
 CCACC
 CACCA
 ACCAG
 CCAGC
 CAGCC
 AGCCC
 GCCCC
 CCCCC
 CCCCA
 CCCAG
 CCAGG
 CAGGC
 AGGCC
 GGCCC
 GCCCA
 CCCAC
 CCACG
 CACGC
 ACGCC
 CGCCC
 GCCCC
 CCCCC
 CCCCA
 CCCAG
 CCAGG
 CAGGT
 AGGTA
 GGTAC
 GTACC
 TACCT
 ACCTC
 CCTCT
 CTCTC
 TCTCC
 CTCCC
 TCCCA
 CCCAG
 CCAGA
 CAGAC
 AGACG
 GACGG
 ACGGA
 CGGAA
 GGAAT
 GAATC
 AATCC
 ATCCT
 TCCTC
 CCTCT
 CTCTT
 TCTTC
 CTTCG
 TTCGC
 TCGCA
 CGCAG
 GCAGG
 CAGGC
 AGGCG
 GGCGC
 GCGCC
 CGCCC
 GCCCT
 CCCTG
 CCTGG
 CTGGT
 TGGTC
 GGTCG
 GTCGT
 TCGTC
 CGTCC
 GTCCG
 TCCGT
 CCGTG
 CGTGT
 GTGTC
 TGTCC
 GTCCG
 TCCGG
 CCGGC
 CGGCA
 GGCAG
 GCAGG
 CAGGC
 AGGCA
 GGCAG
 GCAGG
 CAGGA
 AGGAA
 GGAAG
 GAAGA
 AAGAG
 AGAGC
 GAGCG
 AGCGG
 GCGGG
 CGGGA
 GGGAG
 GGAGC
 GAGCT
 AGCTG
 GCTGA
 CTGAA
 TGAAG
 GAAGG
 AAGGA
 AGGAC
 GGACG
 GACGG
 ACGGC
 CGGCC
 GGCCT
 GCCTC
 CCTCC
 CTCCT
 TCCTC
 CCTCA
 CTCAG
 TCAGG
 CAGGC
 AGGCT
 GGCTA
 GCTAG
 CTAGC
 TAGCG
 AGCGG
 GCGGC
 CGGCC
 GGCCG
 GCCGG
 CCGGC
 CGGCC
 GGCCG
 GCCGT
 CCGTG
 CGTGG
 GTGGC
 TGGCT
 GGCTG
 GCTGT
 CTGTG
 TGTGG
 GTGGA
 TGGAA
 GGAAG
 GAAGG
 AAGGC
 AGGCC
 GGCCC
 GCCCG
 CCCGG
 CCGGG
 CGGGC
 GGGCT
 GGCTG
 GCTGC
 CTGCT
 TGCTG
 GCTGT
 CTGTG
 TGTGC
 GTGCC
 TGCCC
 GCCCA
 CCCAG
 CCAGC
 CAGCG
 AGCGG
 GCGGG
 CGGGG
 GGGGA
 GGGAC
 GGACA
 GACAC
 ACACG
 CACGG
 ACGGA
 CGGAG
 GGAGC
 GAGCG
 AGCGG
 GCGGC
 CGGCG
 GGCGT
 GCGTC
 CGTCC
 GTCCA
 TCCAC
 CCACG
 CACGG
 ACGGA
 CGGAC
 GGACG
 GACGC
 ACGCC
 CGCCG
 GCCGG
 CCGGG
 CGGGG
 GGGGC
 GGGCA
 GGCAA
 GCAAC
 CAACG
 AACGG
 ACGGA
 CGGAC
 GGACG
 GACGA
 ACGAG
 CGAGC
 GAGCC
 AGCCC
 GCCCG
 CCCGG
 CCGGC
 CGGCC
 GGCCC
 GCCCG
 CCCGG
 CCGGG
 CGGGA
 GGGAG
 GGAGA
 GAGAG
 AGAGA
 GAGAG
 AGAGC
 GAGCA
 AGCAG
 GCAGC
 CAGCA
 AGCAG
 GCAGA
 CAGAG
 AGAGC
 GAGCG
 AGCGC
 GCGCG
 CGCGG
 GCGGC
 CGGCC
 GGCCG
 GCCGG
 CCGGA
 CGGAC
 GGACT
 GACTC
 ACTCC
 CTCCG
 TCCGC
 CCGCC
 CGCCG
 GCCGG
 CCGGG
 CGGGG
 GGGGC
 GGGCT
 GGCTC
 GCTCG
 CTCGG
 TCGGC
 CGGCT
 GGCTC
 GCTCT
 CTCTG
 TCTGG
 CTGGG
 TGGGC
 GGGCA
 GGCAG
 GCAGG
 CAGGC
 AGGCA
 GGCAG
 GCAGG
 CAGGC
 AGGCG
 GGCGC
 GCGCG
 CGCGG
 GCGGC
 CGGCT
 GGCTG
 GCTGG
 CTGGC
 TGGCC
 GGCCG
 GCCGA
 CCGAC
 CGACG
 GACGC
 ACGCC
 CGCCT
 GCCTC
 CCTCC
 CTCCC
 TCCCC
 CCCCG
 CCCGG
 CCGGA
 CGGAC
 GGACG
 GACGG
 ACGGC
 CGGCG
 GGCGG
 GCGGC
 CGGCC
 GGCCC
 GCCCA
 CCCAG
 CCAGC
 CAGCA
 AGCAG
 GCAGC
 CAGCC
 AGCCG
 GCCGC
 CCGCG
 CGCGC
 GCGCG
 CGCGC
 GCGCT
 CGCTC
 GCTCC
 CTCCC
 TCCCC
 CCCCG
 CCCGC
 CCGCG
 CGCGC
 GCGCG
 CGCGC
 GCGCG
 CGCGC
 GCGCC
 CGCCG
 GCCGC
 CCGCC
 CGCCG
 GCCGC
 CCGCC
 CGCCC
 GCCCC
 CCCCC
 CCCCA
 CCCAC
 CCACG
 CACGC
 ACGCT
 CGCTC
 GCTCC
 CTCCC
 TCCCC
 CCCCA
 CCCAG
 CCAGC
 CAGCC
 AGCCG
 GCCGC
 CCGCT
 CGCTG
 GCTGC
 CTGCC
 TGCCC
 GCCCC
 CCCCG
 CCCGC
 CCGCC
 CGCCC
 GCCCC
 CCCCC
 CCCCC
 CCCCC
 CCCCT
 CCCTC
 CCTCC
 CTCCG
 TCCGG
 CCGGC
 CGGCG
 GGCGG
 GCGGT
 CGGTG
 GGTGG
 GTGGA
 TGGAC
 GGACT
 GACTG
 ACTGC
 CTGCG
 TGCGG
 GCGGA
 CGGAC
 GGACA
 GACAG
 ACAGC
 CAGCC
 AGCCA
 GCCAC
 CCACA
 CACAG
 ACAGG
 CAGGG
 AGGGA
 GGGAC
 GGACA
 GACAC
 ACACC
 CACCC
 ACCCT
 CCCTC
 CCTCC
 CTCCT
 TCCTG
 CCTGG
 CTGGG
 TGGGA
 GGGAG
 GGAGA
 GAGAA
 AGAAC
 GAACT
 AACTC
 ACTCC
 CTCCT
 TCCTG
 CCTGG
 CTGGG
 TGGGG
 GGGGC
 GGGCC
 GGCCC
 GCCCC
 CCCCG
 CCCGC
 CCGCC
 CGCCC
 GCCCA
 CCCAC
 CCACA
 CACAC
 ACACG
 CACGC
 ACGCT
 CGCTG
 GCTGC
 CTGCT
 TGCTT
 GCTTC
 CTTCG
 TTCGG
 TCGGC
 CGGCC
 GGCCC
 GCCCT
 CCCTC
 CCTCC
 CTCCG
 TCCGC
 CCGCG
 CGCGG
 GCGGA
 CGGAG
 GGAGC
 GAGCG
 AGCGG
 GCGGC
 CGGCC
 GGCCA
 GCCAG
 CCAGG
 CAGGT
 AGGTG
 GGTGC
 GTGCG
 TGCGC
 GCGCT
 CGCTG
 GCTGA
 CTGAC
 TGACA
 GACAG
 ACAGG
 CAGGG
 AGGGA
 GGGAC
 GGACG
 GACGC
 ACGCA
 CGCAG
 GCAGG
 CAGGG
 AGGGG
 GGGGC
 GGGCC
 GGCCC
 GCCCC
 CCCCG
 CCCGC
 CCGCT
 CGCTA
 GCTAC
 CTACG
 TACGC
 ACGCT
 CGCTG
 GCTGG
 CTGGC
 TGGCT
 GGCTC
 GCTCT
 CTCTC
 TCTCG
 CTCGG
 TCGGG
 CGGGG
 GGGGG
 GGGGA
 GGGAA
 GGAAC
 GAACT
 AACTG
 ACTGC
 CTGCA
 TGCAG
 GCAGC
 CAGCC
 AGCCT
 GCCTC
 CCTCC
 CTCCT
 TCCTC
 CCTCG
 CTCGG
 TCGGG
 CGGGT
 GGGTT
 GGTTT
 GTTTG
 TTTGA
 TTGAC
 TGACT
 GACTT
 ACTTG
 CTTGA
 TTGAA
 TGAAT
 GAATG
 AATGT
 ATGTC
 TGTCA
 GTCAC
 TCACA
 CACAC
 ACACC
 CACCC
 ACCCG
 CCCGA
 CCGAA
 CGAAA
 GAAAC
 AAACC
 AACCA
 ACCAT
 CCATG
 CATGC
 ATGCA
 TGCAA
 GCAAC
 CAACG
 AACGC
 ACGCC
 CGCCC
 GCCCA
 CCCAC
 CCACA
 CACAA
 ACAAG
 CAAGA
 AAGAA
 AGAAA
 GAAAG
 AAAGC
 AAGCA
 AGCAT
 GCATA
 CATAG
 ATAGG
 TAGGC
 AGGCA
 GGCAG
 GCAGT
 CAGTA
 AGTAT
 GTATG
 TATGC
 ATGCT
 TGCTC
 GCTCT
 CTCTT
 TCTTT
 CTTTG
 TTTGA
 TTGAC
 TGACA
 GACAT
 ACATC
 CATCA
 ATCAG
 TCAGT
 CAGTC
 AGTCT
 GTCTT
 TCTTA
 CTTAG
 TTAGC
 TAGCA
 AGCAG
 GCAGC
 CAGCC
 AGCCT
 GCCTA
 CCTAG
 CTAGT
 TAGTT
 AGTTT
 GTTTC
 TTTCA
 TTCAA
 TCAAG
 CAAGT
 AAGTA
 AGTAC
 GTACC
 TACCA
 ACCAC
 CCACG
 CACGT
 ACGTC
 CGTCT
 GTCTG
 TCTGA
 CTGAC
 TGACT
 GACTG
 ACTGG
 CTGGG
 TGGGC
 GGGCA
 GGCAA
 GCAAT
 CAATG
 AATGC
 ATGCA
 TGCAA
 GCAAA
 CAAAC
 AAACA
 AACAA
 ACAAA
 CAAAA
 AAAAC
 AAACA
 AACAC
 ACACA
 CACAA
 ACAAA
 CAAAA
 AAAAG
 AAAGG
 AAGGA
 AGGAA
 GGAAC
 GAACA
 AACAA
 ACAAA
 CAAAT
 AAATG
 AATGG
 ATGGG
 TGGGA
 GGGAC
 GGACT
 GACTA
 ACTAC
 CTACG
 TACGT
 ACGTC
 CGTCA
 GTCAA
 TCAAA
 CAAAG
 AAAGT
 AAGTA
 AGTAA
 GTAAA
 TAAAA
 AAAAG
 AAAGA
 AAGAA
 AGAAA
 GAAAT
 AAATC
 AATCT
 ATCTT
 TCTTC
 CTTCT
 TTCTG
 TCTGC
 CTGCA
 TGCAC
 GCACG
 CACGG
 ACGGC
 CGGCA
 GGCAA
 GCAAA
 CAAAG
 AAAGG
 AAGGA
 AGGAA
 GGAAA
 GAAAC
 AAACC
 AACCC
 ACCCT
 CCCTC
 CCTCC
 CTCCA
 TCCAC
 CCACA
 CACAA
 ACAAA
 CAAAA
 AAAAC
 AAACC
 AACCA
 ACCAA
 CCAAA
 CAAAA
 AAAAC
 AAACA
 AACAC
 ACACA
 CACAA
 ACAAC
 CAACC
 AACCT
 ACCTA
 CCTAA
 CTAAC
 TAACA
 AACAG
 ACAGC
 CAGCT
 AGCTG
 GCTGG
 CTGGC
 TGGCA
 GGCAG
 GCAGA
 CAGAA
 AGAAG
 GAAGA
 AAGAG
 AGAGA
 GAGAC
 AGACT
 GACTT
 ACTTG
 CTTGC
 TTGCA
 TGCAA
 GCAAA
 CAAAC
 AAACC
 AACCA
 ACCAT
 CCATA
 CATAT
 ATATA
 TATAT
 ATATC
 TATCG
 ATCGG
 TCGGA
 CGGAT
 GGATA
 GATAA
 ATAAG
 TAAGG
 AAGGG
 AGGGG
 GGGGT
 GGGTT
 GGTTT
 GTTTC
 TTTCT
 TTCTA
 TCTAG
 CTAGC
 TAGCC
 AGCCC
 GCCCA
 CCCAA
 CCAAA
 CAAAT
 AAATA
 AATAC
 ATACA
 TACAG
 ACAGA
 CAGAA
 AGAAA
 GAAAG
 AAAGA
 AAGAA
 AGAAC
 GAACT
 AACTC
 ACTCA
 CTCAC
 TCACA
 CACAC
 ACACA
 CACAG
 ACAGC
 CAGCT
 AGCTC
 GCTCA
 CTCAA
 TCAAC
 CAACA
 AACAA
 ACAAC
 CAACA
 AACAA
 ACAAC
 CAACA
 AACAA
 ACAAA
 CAAAA
 AAAAA
 AAAAT
 AAATC
 AATCA
 ATCAA
 TCAAC
 CAACA
 AACAA
 ACAAC
 CAACC
 AACCC
 ACCCA
 CCCAA
 CCAAT
 CAATT
 AATTA
 ATTAA
 TTAAA
 TAAAA
 AAAAA
 AAAAG
 AAAGA
 AAGAC
 AGACG
 GACGG
 ACGGG
 CGGGC
 GGGCA
 GGCAA
 GCAAA
 CAAAA
 AAAAG
 AAAGA
 AAGAT
 AGATC
 GATCT
 ATCTG
 TCTGA
 CTGAG
 TGAGC
 GAGCA
 AGCAG
 GCAGT
 CAGTG
 AGTGA
 GTGAT
 TGATC
 GATCT
 ATCTC
 TCTCT
 CTCTC
 TCTCC
 CTCCA
 TCCAA
 CCAAA
 CAAAG
 AAAGA
 AAGAA
 AGAAG
 GAAGA
 AAGAC
 AGACA
 GACAT
 ACATG
 CATGC
 ATGCG
 TGCGG
 GCGGA
 CGGAT
 GGATG
 GATGG
 ATGGC
 TGGCC
 GGCCA
 GCCAA
 CCAAC
 CAACA
 AACAG
 ACAGG
 CAGGC
 AGGCA
 GGCAA
 GCAAA
 CAAAT
 AAATG
 AATGG
 ATGGA
 TGGAA
 GGAAA
 GAAAG
 AAAGG
 AAGGT
 AGGTG
 GGTGC
 GTGCT
 TGCTC
 GCTCA
 CTCAA
 TCAAC
 CAACA
 AACAT
 ACATC
 CATCA
 ATCAT
 TCATT
 CATTA
 ATTAG
 TTAGC
 TAGCC
 AGCCA
 GCCAT
 CCATC
 CATCA
 ATCAG
 TCAGA
 CAGAG
 AGAGA
 GAGAA
 AGAAA
 GAAAG
 AAAGG
 AAGGC
 AGGCA
 GGCAG
 GCAGA
 CAGAT
 AGATC
 GATCA
 ATCAA
 TCAAA
 CAAAA
 AAAAC
 AAACT
 AACTA
 ACTAC
 CTACA
 TACAA
 ACAAG
 CAAGG
 AAGGA
 AGGAG
 GGAGA
 GAGAG
 AGAGG
 GAGGT
 AGGTC
 GGTCA
 GTCAC
 TCACC
 CACCT
 AAAGA
 AAGAG
 AGAGG
 GAGGC
 AGGCT
 GGCTA
 GCTAA
 CTAAC
 TAACA
 AACAG
 ACAGG
 CAGGC
 AGGCT
 GGCTT
 GCTTT
 CTTTT
 TTTTG
 TTTGA
 TTGAA
 TGAAA
 GAAAA
 AAAAG
 AAAGT
 AAGTT
 AGTTA
 GTTAT
 TTATT
 TATTC
 ATTCT
 TTCTA
 TCTAG
 CTAGG
 TAGGG
 AGGGA
 GGGAT
 GGATT
 GATTT
 ATTTG
 TTTGT
 TTGTA
 TGTAT
 GTATG
 TATGG
 ATGGC
 TGGCT
 GGCTT
 GCTTA
 CTTAG
 TTAGC
 TAGCT
 AGCTC
 GCTCA
 CTCAG
 TCAGG
 CAGGG
 AGGGC
 GGGCG
 GGCGG
 GCGGC
 CGGCA
 GGCAC
 GCACA
 CACAC
 ACACA
 CACAC
 ACACC
 CACCA
 ACCAG
 CCAGC
 CAGCC
 AGCCT
 GCCTG
 CCTGA
 CTGAG
 TGAGG
 GAGGA
 AGGAC
 GGACA
 GACAC
 ACACA
 CACAG
 ACAGC
 CAGCT
 AGCTG
 GCTGT
 CTGTG
 TGTGA
 GTGAC
 TGACA
 GACAT
 ACATA
 CATAG
 ATAGC
 TAGCC
 AGCCC
 GCCCC
 CCCCT
 CCCTA
 CCTAA
 CTAAC
 TAACT
 AACTT
 ACTTC
 CTTCA
 TTCAA
 TCAAC
 CAACT
 AACTA
 ACTAA
 CTAAA
 TAAAC
 AAACT
 AACTC
 ACTCT
 CTCTA
 TCTAT
 CTATT
 TATTC
 ATTCC
 TTCCG
 TCCGC
 CCGCC
 CGCCT
 GCCTG
 CCTGG
 CTGGA
 TGGAG
 GGAGG
 GAGGG
 AGGGA
 GGGAA
 GGAAA
 GAAAT
 AAATC
 AATCA
 ATCAA
 TCAAA
 CAAAA
 AAAAC
 AAACT
 AACTA
 ACTAC
 CTACT
 TACTG
 ACTGT
 CTGTA
 TGTAA
 GTAAT
 TAATC
 AATCA
 ATCAT
 TCATA
 CATAA
 ATAAT
 TAATT
 AATTG
 ATTGA
 TTGAT
 TGATT
 GATTG
 ATTGA
 TTGAA
 TGAAG
 GAAGG
 AAGGC
 AGGCT
 GGCTT
 GCTTC
 CTTCA
 TTCAC
 TCACT
 CACTT
 ACTTT
 CTTTG
 TTTGT
 TTGTG
 TGTGC
 GTGCC
 TGCCA
 GCCAG
 CCAGA
 CAGAT
 AGATC
 GATCC
 ATCCT
 TCCTG
 CCTGT
 CTGTG
 TGTGC
 GTGCC
 TGCCA
 GCCAA
 CCAAC
 CAACT
 AACTG
 ACTGC
 CTGCT
 TGCTT
 GCTTT
 CTTTG
 TTTGC
 TTGCA
 TGCAC
 GCACC
 CACCA
 ACCAA
 CCAAC
 CAACT
 AACTG
 ACTGT
 CTGTC
 TGTCT
 GTCTC
 TCTCA
 CTCAT
 TCATT
 CATTT
 ATTTA
 TTTAA
 TTAAT
 TAATC
 AATCC
 ATCCT
 TCCTC
 CCTCA
 CTCAC
 TCACA
 CACAT
 ACATC
 CATCC
 ATCCA
 TCCAA
 CCAAA
 CAAAA
 AAAAG
 AAAGG
 AAGGC
 AGGCA
 GGCAG
 GCAGG
 CAGGT
 AGGTT
 GGTTA
 GTTAC
 TTACC
 TACCG
 ACCGT
 CCGTT
 CGTTA
 GTTAT
 TTATT
 TATTC
 ATTCT
 TTCTC
 TCTCC
 CTCCC
 TCCCC
 CCCCA
 CCCAT
 CCATT
 CATTT
 ATTTT
 TTTTC
 TTTCA
 TTCAA
 TCAAG
 CAAGG
 AAGGT
 AGGTG
 GGTGA
 GTGAG
 TGAGG
 GAGGA
 AGGAG
 GGAGG
 GAGGC
 AGGCG
 GGCGG
 GCGGA
 CGGAA
 GGAAG
 GAAGC
 AAGCA
 AGCAG
 GCAGA
 CAGAA
 AGAAA
 GAAAG
 AAAGA
 AAGAT
 AGATG
 GATGG
 ATGGC
 TGGCC
 GGCCA
 GCCAT
 CCATC
 CATCT
 ATCTG
 TCTGC
 CTGCC
 TGCCT
 GCCTG
 CCTGG
 CTGGA
 TGGAA
 GGAAT
 GAATT
 AATTC
 ATTCA
 TTCAC
 TCACA
 CACAC
 ACACA
 CACAA
 ACAAG
 CAAGG
 AAGGC
 AGGCT
 GGCTT
 GCTTC
 CTTCT
 TTCTC
 TCTCT
 CTCTA
 TCTAG
 CTAGG
 TAGGT
 AGGTA
 GGTAA
 GTAAT
 TAATG
 AATGA
 ATGAC
 TGACA
 GACAT
 ACATG
 CATGA
 ATGAC
 TGACT
 GACTT
 ACTTT
 CTTTT
 TTTTG
 TTTGG
 TTGGA
 TGGAC
 GGACA
 GACAA
 ACAAG
 CAAGA
 AAGAT
 AGATT
 GATTT
 ATTTA
 TTTAA
 TTAAA
 TAAAG
 AAAGG
 AAGGT
 AGGTT
 GGTTT
 GTTTA
 TTTAA
 TTAAC
 TAACA
 AACAC
 ACACA
 CACAT
 ACATT
 CATTC
 ATTCC
 TTCCA
 TCCAG
 CCAGT
 CAGTG
 AGTGA
 GTGAA
 TGAAG
 GAAGA
 AAGAC
 AGACG
 GACGC
 ACGCA
 CGCAG
 GCAGA
 CAGAT
 AGATC
 GATCC
 ATCCC
 TCCCA
 CCCAG
 CCAGT
 CAGTA
 AGTAT
 GTATC
 TATCA
 ATCAC
 TCACA
 CACAG
 ACAGA
 CAGAA
 AGAAC
 GAACG
 AACGT
 ACGTG
 CGTGA
 GTGAA
 TGAAA
 GAAAA
 AAAAA
 AAAAC
 AAACA
 AACAC
 ACACT
 CACTG
 ACTGA
 CTGAG
 TGAGT
 GAGTC
 AGTCC
 GTCCT
 TCCTG
 CCTGC
 CTGCC
 TGCCA
 GCCAC
 CCACA
 CACAT
 ACATG
 CATGT
 ATGTA
 TGTAT
 GTATT
 TATTA
 ATTAA
 TTAAA
 TAAAA
 AAAAC
 AAACA
 AACAC
 ACACT
 CACTA
 ACTAA
 CTAAC
 TAACT
 AACTA
 ACTAT
 CTATG
 TATGG
 ATGGA
 TGGAT
 GGATC
 GATCC
 ATCCT
 TCCTC
 CCTCA
 CTCAC
 TCACA
 CACAA
 ACAAT
 CAATC
 AATCT
 ATCTC
 TCTCT
 CTCTT
 TCTTG
 CTTGG
 TTGGC
 TGGCC
 GGCCT
 GCCTG
 CCTGT
 CTGTT
 TGTTT
 GTTTT
 TTTTT
 TTTTT
 TTTTC
 TTTCA
 TTCAG
 TCAGA
 CAGAG
 AGAGG
 GAGGA
 AGGAG
 GGAGG
 GAGGG
 AGGGA
 GGGAA
 GGAAA
 GAAAA
 AAAAC
 AAACC
 AACCC
 ACCCA
 CCCAG
 CCAGG
 CAGGG
 AGGGT
 GGGTG
 GGTGA
 GTGAA
 TGAAA
 GAAAA
 AAAAC
 AAACC
 AACCC
 ACCCG
 CCCGT
 CCGTT
 CGTTG
 GTTGA
 TTGAG
 TGAGG
 GAGGA
 AGGAG
 GGAGA
 GAGAT
 AGATG
 GATGT
 ATGTC
 TGTCT
 GTCTG
 TCTGC
 CTGCA
 TGCAG
 GCAGA
 CAGAT
 AGATG
 GATGA
 ATGAG
 TGAGG
 GAGGA
 AGGAC
 GGACT
 GACTA
 ACTAG
 CTAGG
 TAGGT
 AGGTC
 GGTCT
 GTCTG
 TCTGG
 CTGGT
 TGGTC
 GGTCT
 GTCTT
 TCTTT
 CTTTA
 TTTAA
 TTAAA
 TAAAG
 AAAGC
 AAGCC
 AGCCG
 GCCGG
 CCGGG
 CGGGA
 GGGAA
 GGAAC
 GAACT
 AACTA
 ACTAT
 CTATC
 TATCC
 ATCCC
 TCCCA
 CCCAG
 CCAGT
 CAGTA
 AGTAG
 GTAGA
 TAGAT
 AGATT
 GATTC
 ATTCT
 TTCTG
 TCTGA
 CTGAG
 TGAGT
 GAGTC
 AGTCA
 GTCAG
 TCAGT
 CAGTG
 AGTGG
 GTGGG
 TGGGT
 GGGTC
 GGTCC
 GTCCA
 TCCAG
 CCAGA
 CAGAG
 AGAGT
 GAGTA
 AGTAG
 GTAGG
 TAGGC
 AGGCG
 GGCGT
 GCGTC
 CGTCG
 GTCGA
 TCGAG
 CGAGC
 GAGCG
 AGCGT
 GCGTC
 CGTCT
 GTCTC
 TCTCC
 CTCCG
 TCCGT
 CCGTT
 CGTTC
 GTTCT
 TTCTT
 TCTTT
 CTTTG
 TTTGA
 TTGAA
 TGAAA
 GAAAA
 AAAAA
 AAAAG
 AAAGC
 AAGCC
 AGCCC
 GCCCC
 CCCCA
 CCCAC
 CCACA
 CACAG
 ACAGG
 CAGGC
 AGGCT
 GGCTA
 GCTAC
 CTACA
 TACAC
 ACACT
 CACTT
 ACTTT
 CTTTC
 TTTCC
 TTCCG
 TCCGT
 CCGTG
 CGTGC
 GTGCC
 TGCCC
 GCCCT
 CCCTT
 CCTTG
 CTTGG
 TTGGA
 TGGAG
 GGAGT
 GAGTT
 AGTTG
 GTTGG
 TTGGG
 TGGGA
 GGGAA
 GGAAG
 GAAGC
 AAGCA
 AGCAC
 GCACA
 CACAG
 ACAGT
 CAGTC
 AGTCA
 GTCAG
 TCAGG
 CAGGC
 AGGCC
 GGCCC
 GCCCT
 CCCTA
 CCTAC
 CTACA
 TACAT
 ACATC
 CATCG
 ATCGG
 TCGGG
 CGGGA
 GGGAC
 GGACG
 GACGT
 ACGTT
 CGTTT
 GTTTC
 TTTCA
 TTCAG
 TCAGT
 CAGTC
 AGTCA
 GTCAA
 TCAAC
 CAACA
 AACAA
 ACAAC
 CAACG
 AACGG
 ACGGG
 CGGGG
 GGGGG
 GGGGT
 GGGTC
 GGTCC
 GTCCC
 TCCCA
 CCCAT
 CCATA
 CATAA
 ATAAG
 TAAGA
 AAGAT
 AGATT
 GATTA
 ATTAG
 TTAGT
 TAGTC
 AGTCC
 GTCCC
 TCCCA
 CCCAT
 CCATA
 CATAG
 ATAGA
 TAGAG
 AGAGC
 GAGCC
 AGCCT
 GCCTA
 CCTAG
 CTAGG
 TAGGT
 AGGTG
 GGTGT
 GTGTG
 TGTGT
 GTGTA
 TGTAG
 GTAGG
 TAGGA
 AGGAG
 GGAGG
 GAGGC
 AGGCT
 GGCTC
 GCTCT
 CTCTG
 TCTGC
 CTGCC
 TGCCG
 GCCGT
 CCGTG
 CGTGT
 GTGTA
 TGTAG
 GTAGG
 TAGGT
 AGGTT
 GGTTT
 GTTTA
 TTTAT
 TTATG
 TATGA
 ATGAA
 TGAAC
 GAACC
 AACCT
 ACCTC
 CCTCC
 CTCCG
 TCCGT
 CCGTG
 CGTGG
 GTGGT
 TGGTG
 GGTGC
 GTGCT
 TGCTT
 GCTTG
 CTTGC
 TTGCA
 TGCAC
 GCACG
 CACGA
 ACGAT
 CGATC
 GATCA
 ATCAC
 TCACG
 CACGC
 ACGCG
 CGCGA
 GCGAT
 CGATT
 GATTG
 ATTGC
 TTGCC
 TGCCT
 GCCTG
 CCTGA
 CTGAC
 TGACC
 GACCG
 ACCGT
 CCGTG
 CGTGA
 GTGAC
 TGACG
 GACGC
 ACGCA
 CGCAC
 GCACT
 CACTC
 ACTCC
 CTCCT
 TCCTC
 CCTCA
 CTCAC
 TCACA
 CACAG
 ACAGC
 CAGCT
 AGCTT
 GCTTA
 CTTAG
 TTAGC
 TAGCC
 AGCCC
 GCCCC
 CCCCA
 CCCAC
 CCACT
 CACTG
 ACTGT
 CTGTT
 TGTTA
 GTTAA
 TTAAG
 TAAGC
 AAGCA
 AGCAA
 GCAAA
 CAAAG
 AAAGC
 AAGCC
 AGCCA
 GCCAT
 CCATG
 CATGA
 ATGAC
 TGACT
 GACTG
 ACTGC
 CTGCA
 TGCAC
 GCACT
 CACTG
 ACTGC
 CTGCC
 TGCCT
 GCCTT
 CCTTA
 CTTAG
 TTAGA
 TAGAT
 AGATT
 GATTC
 ATTCT
 TTCTC
 TCTCC
 CTCCA
 TCCAC
 CCACG
 CACGG
 ACGGT
 CGGTT
 GGTTC
 GTTCC
 TTCCA
 TCCAG
 CCAGA
 CAGAC
 AGACC
 GACCC
 ACCCT
 CCCTG
 CCTGC
 CTGCG
 TGCGC
 GCGCT
 CGCTG
 GCTGT
 CTGTT
 TGTTT
 GTTTA
 TTTAG
 TTAGA
 TAGAT
 AGATG
 GATGA
 ATGAC
 TGACT
 GACTG
 ACTGC
 CTGCA
 TGCAC
 GCACA
 CACAC
 ACACG
 CACGC
 ACGCA
 CGCAG
 GCAGA
 CAGAG
 AGAGG
 GAGGG
 AGGGC
 GGGCA
 GGCAC
 GCACC
 CACCG
 ACCGT
 CCGTG
 CGTGT
 GTGTC
 TGTCT
 GTCTG
 TCTGA
 CTGAG
 TGAGG
 GAGGC
 AGGCA
 GGCAG
 GCAGA
 CAGAG
 AGAGA
 GAGAG
 AGAGC
 GAGCG
 AGCGG
 GCGGC
 CGGCT
 GGCTG
 GCTGG
 CTGGA
 TGGAA
 GGAAT
 GAATC
 AATCA
 ATCAC
 TCACA
 CACAA
 ACAAC
 CAACA
 AACAG
 ACAGC
 CAGCT
 AGCTC
 GCTCT
 CTCTC
 TCTCG
 CTCGA
 TCGAC
 CGACG
 GACGG
 ACGGA
 CGGAG
 GGAGA
 GAGAG
 AGAGT
 GAGTC
 AGTCA
 GTCAA
 TCAAG
 CAAGG
 AAGGA
 AGGAA
 GGAAA
 GAAAG
 AAAGG
 AAGGC
 AGGCG
 GGCGT
 GCGTG
 CGTGC
 GTGCT
 TGCTC
 GCTCT
 CTCTG
 TCTGC
 CTGCT
 TGCTT
 GCTTA
 CTTAC
 TTACA
 TACAC
 ACACG
 CACGA
 ACGAC
 CGACT
 GACTC
 ACTCT
 CTCTC
 TCTCT
 CTCTA
 TCTAC
 CTACT
 TACTT
 ACTTT
 CTTTT
 TTTTC
 TTTCT
 TTCTC
 TCTCT
 CTCTG
 TCTGT
 CTGTG
 TGTGT
 GTGTC
 TGTCT
 GTCTG
 TCTGA
 CTGAA
 TGAAC
 GAACT
 AACTA
 ACTAT
 CTATT
 TATTT
 ATTTT
 TTTTA
 TTTAC
 TTACA
 TACAG
 ACAGC
 CAGCT
 AGCTA
 GCTAA
 CTAAT
 TAATC
 AATCT
 ATCTA
 TCTAC
 CTACT
 TACTT
 ACTTT
 CTTTT
 TTTTT
 TTTTT
 TTTTT
 TTTTA
 TTTAA
 TTAAC
 TAACC
 AACCA
 ACCAA
 CCAAG
 CAAGC
 AAGCA
 AGCAG
 GCAGC
 CAGCT
 AGCTG
 GCTGT
 CTGTG
 TGTGC
 GTGCC
 TGCCA
 GCCAA
 CCAAA
 CAAAA
 AAAAG
 AAAGA
 AAGAA
 AGAAT
 GAATG
 AATGT
 ATGTT
 TGTTA
 GTTAC
 TTACC
 TACCA
 ACCAA
 CCAAG
 CAAGC
 AAGCA
 AGCAA
 GCAAT
 CAATA
 AATAC
 ATACT
 TACTA
 ACTAA
 CTAAA
 TAAAC
 AAACA
 AACAA
 ACAAA
 CAAAC
 AAACC
 AACCA
 ACCAA
 CCAAT
 CAATA
 AATAT
 ATATC
 TATCA
 ATCAA
 TCAAC
 CAACC
 AACCA
 ACCAT
 CCATA
 CATAC
 ATACA
 TACAT
 ACATA
 CATAT
 ATATT
 TATTA
 ATTAA
 TTAAA
 TAAAT
 AAATA
 AATAA
 ATAAG
 TAAGC
 AAGCC
 AGCCT
 GCCTA
 CCTAA
 CTAAC
 TAACC
 AACCC
 ACCCT
 CCCTA
 CCTAC
 CTACT
 TACTA
 ACTAG
 CTAGG
 TAGGC
 AGGCT
 GGCTA
 GCTAC
 CTACG
 TACGG
 ACGGA
 CGGAA
 GGAAA
 GAAAA
 AAAAG
 AAAGG
 AAGGC
 AGGCT
 GGCTT
 GCTTT
 CTTTT
 TTTTC
 TTTCT
 TTCTT
 TCTTT
 CTTTC
 TTTCC
 TTCCC
 TCCCT
 CCCTG
 CCTGG
 CTGGG
 TGGGA
 GGGAT
 GGATA
 GATAA
 ATAAT
 TAATT
 AATTT
 ATTTG
 TTTGG
 TTGGA
 TGGAC
 GGACA
 GACAG
 ACAGC
 CAGCA
 AGCAT
 GCATT
 CATTA
 ATTAG
 TTAGA
 TAGAT
 AGATT
 GATTC
 ATTCT
 TTCTT
 TCTTT
 CTTTT
 TTTTA
 TTTAC
 TTACC
 TACCA
 ACCAA
 CCAAG
 CAAGA
 AAGAG
 AGAGC
 GAGCA
 AGCAG
 GCAGC
 CAGCC
 AGCCA
 GCCAA
 CCAAG
 CAAGT
 AAGTC
 AGTCG
 GTCGA
 TCGAG
 CGAGG
 GAGGG
 AGGGA
 GGGAG
 GGAGA
 GAGAT
 AGATT
 GATTA
 ATTAT
 TTATT
 TATTT
 ATTTC
 TTTCT
 TTCTA
 TCTAA
 CTAAG
 TAAGT
 AAGTC
 AGTCC
 GTCCA
 TCCAC
 CCACA
 CACAG
 ACAGT
 CAGTG
 AGTGC
 GTGCT
 TGCTG
 GCTGC
 CTGCA
 TGCAG
 GCAGA
 CAGAT
 AGATG
 GATGC
 ATGCG
 TGCGG
 GCGGT
 CGGTC
 GGTCA
 GTCAG
 TCAGT
 CAGTA
 AGTAG
 GTAGC
 TAGCA
 AGCAA
 GCAAC
 CAACC
 AACCG
 ACCGC
 CCGCA
 CGCAA
 GCAAG
 CAAGC
 AAGCT
 AGCTG
 GCTGG
 CTGGA
 TGGAA
 GGAAA
 GAAAG
 AAAGG
 AAGGA
 AGGAA
 GGAAA
 GAAAC
 AAACA
 AACAA
 ACAAA
 CAAAG
 AAAGT
 AAGTT
 AGTTG
 GTTGG
 TTGGG
 TGGGT
 GGGTG
 GGTGT
 GTGTA
 TGTAA
 GTAAT
 TAATC
 AATCC
 ATCCA
 TCCAT
 CCATT
 CATTC
 ATTCC
 TTCCA
 TCCAG
 CCAGT
 CAGTT
 AGTTC
 GTTCA
 TTCAC
 TCACA
 CACAC
 ACACG
 CACGT
 ACGTT
 CGTTT
 GTTTC
 TTTCA
 TTCAC
 TCACC
 CACCA
 ACCAG
 CCAGG
 CAGGG
 AGGGA
 GGGAC
 GGACA
 GACAG
 ACAGC
 CAGCC
 AGCCT
 GCCTC
 CCTCC
 CTCCA
 TCCAA
 CCAAG
 CAAGC
 AAGCC
 AGCCT
 GCCTT
 CCTTG
 CTTGA
 TTGAA
 TGAAT
 GAATA
 AATAC
 ATACT
 TACTT
 ACTTA
 CTTAT
 TTATG
 TATGT
 ATGTA
 TGTAC
 GTACG
 TACGC
 ACGCA
 CGCAT
 GCATT
 CATTT
 ATTTA
 TTTAT
 TTATC
 TATCC
 ATCCA
 TCCAT
 CCATT
 CATTT
 ATTTC
 TTTCT
 TTCTT
 TCTTT
 CTTTA
 TTTAA
 TTAAC
 TAACC
 AACCA
 ACCAA
 CCAAC
 CAACC
 AACCA
 ACCAC
 CCACT
 CACTA
 ACTAC
 CTACT
 TACTA
 ACTAA
 CTAAC
 TAACG
 AACGC
 ACGCC
 CGCCT
 GCCTA
 CCTAC
 CTACC
 TACCA
 ACCAA
 CCAAA
 CAAAG
 AAAGG
 AAGGC
 AGGCC
 GGCCA
 GCCAG
 CCAGA
 CAGAC
 AGACA
 GACAC
 ACACT
 CACTG
 ACTGC
 CTGCT
 TGCTC
 GCTCG
 CTCGA
 TCGAA
 CGAAG
 GAAGT
 AAGTA
 AGTAC
 GTACT
 TACTT
 ACTTT
 CTTTA
 TTTAC
 TTACG
 TACGG
 ACGGA
 CGGAT
 GGATG
 GATGT
 ATGTG
 TGTGA
 GTGAA
 TGAAA
 GAAAT
 AAATA
 AATAT
 ATATC
 TATCC
 ATCCT
 TCCTC
 CCTCT
 CTCTA
 TCTAA
 CTAAC
 TAACC
 AACCT
 ACCTT
 CCTTT
 CTTTA
 TTTAC
 TTACG
 TACGC
 ACGCT
 CGCTC
 GCTCG
 CTCGC
 TCGCC
 CGCCT
 GCCTA
 CCTAC
 CTACG
 TACGG
 ACGGA
 CGGAG
 GGAGT
 GAGTG
 AGTGT
 GTGTG
 TGTGT
 GTGTA
 TGTAT
 GTATG
 TATGA
 ATGAT
 TGATA
 GATAA
 ATAAT
 TAATC
 AATCA
 ATCAT
 TCATC
 CATCC
 ATCCC
 TCCCC
 CCCCG
 CCCGT
 CCGTT
 CGTTC
 GTTCT
 TTCTA
 TCTAC
 CTACA
 TACAG
 ACAGA
 CAGAT
 AGATC
 GATCA
 ATCAG
 TCAGG
 CAGGA
 AGGAA
 GGAAA
 GAAAC
 AAACT
 AACTG
 ACTGA
 CTGAC
 TGACA
 GACAC
 ACACG
 CACGC
 ACGCA
 CGCAG
 GCAGA
 CAGAA
 AGAAT
 GAATG
 AATGG
 ATGGT
 TGGTA
 GGTAC
 GTACA
 TACAG
 ACAGT
 CAGTA
 AGTAA
 GTAAC
 TAACT
 AACTT
 ACTTG
 CTTGC
 TTGCC
 TGCCC
 GCCCA
 CCCAA
 CCAAG
 CAAGT
 AAGTT
 AGTTC
 GTTCA
 TTCAC
 TCACA
 CACAC
 ACACA
 CACAG
 ACAGC
 CAGCC
 AGCCC
 GCCCG
 CCCGT
 CCGTA
 CGTAG
 GTAGG
 TAGGC
 AGGCG
 GGCGG
 GCGGC
 CGGCA
 GGCAG
 GCAGA
 CAGAG
 AGAGC
 GAGCC
 AGCCA
 GCCAG
 CCAGG
 CAGGA
 AGGAC
 GGACC
 GACCC
 ACCCA
 CCCAT
 CCATT
 CATTT
 ATTTG
 TTTGA
 TTGAC
 TGACA
 GACAG
 ACAGA
 CAGAG
 AGAGT
 GAGTC
 AGTCT
 GTCTG
 TCTGG
 CTGGC
 TGGCC
 GGCCC
 GCCCC
 CCCCA
 CCCAG
 CCAGA
 CAGAG
 AGAGT
 GAGTC
 AGTCC
 GTCCA
 TCCAC
 CCACG
 CACGT
 ACGTG
 CGTGC
 GTGCT
 TGCTG
 GCTGA
 CTGAA
 TGAAT
 GAATC
 AATCA
 ATCAC
 TCACC
 CACCA
 ACCAC
 CCACG
 CACGC
 ACGCT
 CGCTT
 GCTTA
 CTTAG
 TTAGT
 TAGTC
 AGTCT
 GTCTC
 TCTCC
 CTCCA
 TCCAA
 CCAAA
 CAAAA
 AAAAA
 AAAAC
 AAACC
 AACCT
 ACCTG
 CCTGT
 CTGTA
 TGTAG
 GTAGA
 TAGAA
 AGAAA
 GAAAG
 AAAGC
 AAGCG
 AGCGC
 GCGCC
 CGCCA
 GCCAG
 CCAGG
 CAGGC
 AGGCT
 GGCTT
 GCTTA
 CTTAA
 TTAAT
 TAATC
 AATCG
 ATCGA
 TCGAA
 CGAAA
 GAAAA
 AAAAG
 AAAGT
 AAGTT
 AGTTT
 GTTTT
 TTTTG
 TTTGT
 TTGTT
 TGTTT
 GTTTT
 TTTTC
 TTTCC
 TTCCC
 TCCCC
 CCCCA
 CCCAC
 CCACC
 CACCC
 ACCCC
 CCCCA
 CCCAG
 CCAGC
 CAGCC
 AGCCT
 GCCTA
 CCTAC
 CTACA
 TACAG
 ACAGT
 CAGTC
 AGTCC
 GTCCC
 TCCCT
 CCCTA
 CCTAC
 CTACG
 TACGC
 ACGCG
 CGCGG
 GCGGC
 CGGCC
 GGCCC
 GCCCC
 CCCCA
 CCCAG
 CCAGT
 CAGTC
 AGTCT
 GTCTC
 TCTCC
 CTCCA
 TCCAG
 CCAGG
 CAGGG
 AGGGC
 GGGCA
 GGCAT
 GCATT
 CATTC
 ATTCT
 TTCTT
 TCTTT
 CTTTC
 TTTCA
 TTCAG
 TCAGC
 CAGCT
 AGCTC
 GCTCC
 CTCCT
 TCCTC
 CCTCT
 CTCTG
 TCTGA
 CTGAC
 TGACA
 GACAG
 ACAGG
 CAGGC
 AGGCC
 GGCCA
 GCCAT
 CCATG
 CATGC
 ATGCT
 TGCTC
 GCTCC
 CTCCT
 TCCTC
 CCTCC
 CTCCC
 TCCCT
 CCCTT
 CCTTG
 CTTGC
 TTGCC
 TGCCC
 GCCCT
 CCCTG
 CCTGT
 CTGTC
 TGTCC
 GTCCC
 TCCCA
 CCCAA
 CCAAC
 CAACA
 AACAC
 ACACT
 CACTC
 ACTCT
 CTCTC
 TCTCC
 CTCCC
 TCCCG
 CCCGC
 CCGCA
 CGCAC
 GCACA
 CACAA
 ACAAG
 CAAGT
 AAGTC
 AGTCC
 GTCCT
 TCCTC
 CCTCC
 CTCCT
 TCCTT
 CCTTT
 CTTTT
 TTTTC
 TTTCT
 TTCTT
 TCTTT
 CTTTT
 TTTTA
 TTTAG
 TTAGG
 TAGGC
 AGGCA
 GGCAT
 GCATC
 CATCC
 ATCCG
 TCCGC
 CCGCT
 CGCTC
 GCTCT
 CTCTC
 TCTCG
 CTCGG
 TCGGC
 CGGCT
 GGCTT
 GCTTC
 CTTCC
 TTCCA
 TCCAC
 CCACA
 CACAT
 ACATC
 CATCA
 ATCAC
 TCACT
 CACTG
 ACTGC
 CTGCC
 TGCCT
 GCCTA
 CCTAA
 CTAAG
 TAAGT
 AAGTC
 AGTCA
 GTCAC
 TCACA
 CACAA
 ACAAG
 CAAGG
 AAGGT
 AGGTC
 GGTCT
 GTCTA
 TCTAA
 CTAAC
 TAACA
 AACAG
 ACAGT
 CAGTA
 AGTAA
 GTAAA
 TAAAT
 AAATG
 AATGC
 ATGCT
 TGCTG
 GCTGC
 CTGCA
 TGCAT
 GCATT
 CATTT
 ATTTC
 TTTCT
 TTCTC
 TCTCA
 CTCAG
 TCAGC
 CAGCA
 AGCAC
 GCACT
 CACTC
 ACTCA
 CTCAA
 TCAAC
 CAACA
 AACAC
 ACACA
 CACAA
 ACAAA
 CAAAA
 AAAAT
 AAATT
 AATTG
 ATTGC
 TTGCT
 TGCTT
 GCTTT
 CTTTT
 TTTTA
 TTTAC
 TTACG
 TACGT
 ACGTA
 CGTAC
 GTACC
 TACCT
 ACCTC
 CCTCC
 CTCCT
 TCCTA
 CCTAG
 CTAGG
 TAGGT
 AGGTA
 GGTAA
 GTAAT
 TAATT
 AATTA
 ATTAG
 TTAGT
 TAGTT
 AGTTG
 GTTGC
 TTGCT
 TGCTG
 GCTGC
 CTGCC
 TGCCT
 GCCTG
 CCTGT
 CTGTC
 TGTCT
 GTCTG
 TCTGT
 CTGTC
 TGTCC
 GTCCT
 TCCTT
 CCTTT
 CTTTC
 TTTCC
 TTCCA
 TCCAA
 CCAAC
 CAACT
 AACTA
 ACTAG
 CTAGG
 TAGGC
 AGGCT
 GGCTG
 GCTGT
 CTGTG
 TGTGA
 GTGAG
 TGAGG
 GAGGT
 AGGTC
 GGTCC
 GTCCC
 TCCCG
 CCCGT
 CCGTA
 CGTAC
 GTACG
 TACGT
 ACGTC
 CGTCA
 GTCAA
 TCAAA
 CAAAC
 AAACA
 AACAG
 ACAGC
 CAGCC
 AGCCT
 GCCTG
 CCTGT
 CTGTC
 TGTCA
 GTCAG
 TCAGT
 CAGTC
 AGTCT
 GTCTT
 TCTTG
 CTTGC
 TTGCT
 TGCTC
 GCTCA
 CTCAC
 TCACC
 CACCA
 ACCAA
 CCAAG
 CAAGT
 AAGTG
 AGTGT
 GTGTC
 TGTCC
 GTCCA
 TCCAG
 CCAGA
 CAGAC
 AGACC
 GACCA
 ACCAC
 CCACT
 CACTG
 ACTGG
 CTGGA
 TGGAC
 GGACA
 GACAC
 ACACG
 CACGC
 ACGCA
 CGCAC
 GCACC
 CACCG
 ACCGA
 CCGAC
 CGACC
 GACCA
 ACCAG
 CCAGA
 CAGAG
 AGAGG
 GAGGA
 AGGAA
 GGAAA
 GAAAG
 AAAGG
 AAGGA
 AGGAA
 GGAAG
 GAAGG
 AAGGA
 AGGAC
 GGACC
 GACCG
 ACCGG
 CCGGT
 CGGTC
 GGTCC
 GTCCC
 TCCCC
 CCCCA
 CCCAA
 CCAAG
 CAAGT
 AAGTC
 AGTCA
 GTCAA
 TCAAC
 CAACT
 AACTC
 ACTCT
 CTCTC
 TCTCC
 CTCCA
 TCCAG
 CCAGA
 CAGAC
 AGACT
 GACTT
 ACTTT
 CTTTC
 TTTCT
 TTCTG
 TCTGT
 CTGTG
 TGTGG
 GTGGA
 TGGAA
 GGAAG
 GAAGG
 AAGGA
 AGGAG
 GGAGG
 GAGGG
 AGGGA
 GGGAA
 GGAAC
 GAACG
 AACGA
 ACGAA
 CGAAC
 GAACG
 AACGG
 ACGGA
 CGGAG
 GGAGC
 GAGCA
 AGCAC
 GCACC
 CACCC
 ACCCT
 CCCTC
 CCTCG
 CTCGA
 TCGAG
 CGAGC
 GAGCC
 AGCCT
 GCCTC
 CCTCA
 CTCAC
 TCACG
 CACGC
 ACGCT
 CGCTT
 GCTTT
 CTTTC
 TTTCT
 TTCTT
 TCTTT
 CTTTG
 TTTGC
 TTGCC
 TGCCA
 GCCAG
 CCAGA
 CAGAC
 AGACT
 GACTT
 ACTTT
 CTTTC
 TTTCA
 TTCAA
 TCAAG
 CAAGT
 AAGTG
 AGTGT
 GTGTG
 TGTGG
 GTGGG
 TGGGA
 GGGAC
 GGACA
 GACAC
 ACACA
 CACAT
 ACATA
 CATAC
 ATACC
 TACCT
 ACCTG
 CCTGT
 CTGTG
 TGTGC
 GTGCT
 TGCTC
 GCTCA
 CTCAC
 TCACA
 CACAA
 ACAAT
 CAATG
 AATGC
 ATGCT
 TGCTC
 GCTCC
 CTCCC
 TCCCC
 CCCCG
 CCCGG
 CCGGA
 CGGAC
 GGACA
 GACAG
 ACAGA
 CAGAC
 AGACC
 GACCC
 ACCCC
 CCCCA
 CCCAC
 CCACT
 CACTG
 ACTGC
 CTGCA
 TGCAC
 GCACC
 CACCC
 ACCCC
 CCCCT
 CCCTA
 CCTAT
 CTATC
 TATCA
 ATCAG
 TCAGG
 CAGGT
 AGGTA
 GGTAG
 GTAGA
 TAGAC
 AGACC
 GACCT
 ACCTC
 CCTCT
 CTCTG
 TCTGC
 CTGCA
 TGCAC
 GCACA
 CACAG
 ACAGG
 CAGGC
 AGGCA
 GGCAA
 GCAAG
 CAAGG
 AAGGC
 AGGCC
 GGCCT
 GCCTT
 CCTTT
 CTTTG
 TTTGG
 TTGGA
 TGGAA
 GGAAA
 GAAAG
 AAAGC
 AAGCA
 AGCAC
 GCACC
 CACCG
 ACCGG
 CCGGC
 CGGCT
 GGCTC
 GCTCT
 CTCTG
 TCTGC
 CTGCA
 TGCAC
 GCACA
 CACAC
 ACACA
 CACAA
 ACAAA
 CAAAT
 AAATA
 AATAT
 ATATT
 TATTA
 ATTAT
 TTATG
 TATGT
 ATGTG
 TGTGG
 GTGGC
 TGGCC
 GGCCC
 GCCCT
 CCCTC
 CCTCG
 CTCGA
 TCGAC
 CGACA
 GACAG
 ACAGG
 CAGGC
 AGGCC
 GGCCA
 GCCAC
 CCACT
 CACTT
 ACTTC
 CTTCC
 TTCCC
 TCCCC
 CCCCT
 CCCTG
 CCTGA
 CTGAA
 TGAAC
 GAACC
 AACCG
 ACCGG
 CCGGC
 CGGCC
 GGCCT
 GCCTG
 CCTGA
 CTGAG
 TGAGC
 GAGCT
 AGCTT
 GCTTC
 CTTCA
 TTCAG
 TCAGG
 CAGGG
 AGGGC
 GGGCC
 GGCCA
 GCCAC
 CCACA
 CACAA
 ACAAG
 CAAGA
 AAGAG
 AGAGG
 GAGGC
 AGGCT
 GGCTT
 GCTTC
 CTTCG
 TTCGT
 TCGTG
 CGTGA
 GTGAA
 TGAAG
 GAAGA
 AAGAC
 AGACC
 GACCC
 ACCCC
 CCCCA
 CCCAA
 CCAAC
 CAACG
 AACGG
 ACGGA
 CGGAA
 GGAAC
 GAACG
 AACGT
 ACGTA
 CGTAG
 GTAGC
 TAGCC
 AGCCT
 GCCTC
 CCTCG
 CTCGA
 TCGAA
 CGAAA
 GAAAA
 AAAAG
 AAAGA
 AAGAG
 AGAGG
 GAGGG
 AGGGA
 GGGAG
 GGAGA
 GAGAC
 AGACC
 GACCT
 ACCTG
 CCTGC
 CTGCA
 TGCAC
 GCACT
 CACTC
 ACTCC
 CTCCT
 TCCTC
 CCTCA
 CTCAG
 TCAGA
 CAGAA
 AGAAC
 GAACG
 AACGC
 ACGCA
 CGCAT
 GCATG
 CATGG
 ATGGA
 TGGAG
 GGAGA
 GAGAC
 AGACC
 GACCA
 ACCAG
 CCAGT
 CAGTG
 AGTGT
 GTGTC
 TGTCG
 GTCGT
 TCGTT
 CGTTA
 GTTAC
 TTACC
 TACCG
 ACCGA
 CCGAC
 CGACG
 GACGT
 ACGTC
 CGTCG
 GTCGC
 TCGCG
 CGCGT
 GCGTC
 CGTCT
 GTCTG
 TCTGT
 CTGTC
 TGTCC
 GTCCT
 TCCTT
 CCTTC
 CTTCC
 TTCCA
 TCCAA
 CCAAG
 CAAGA
 AAGAA
 AGAAG
 GAAGC
 AAGCC
 AGCCA
 GCCAA
 CCAAG
 CAAGA
 AAGAC
 AGACC
 GACCA
 ACCAC
 CCACG
 CACGG
 ACGGG
 CGGGT
 GGGTG
 GGTGC
 GTGCC
 TGCCG
 GCCGC
 CCGCT
 CGCTT
 GCTTC
 CTTCA
 TTCAG
 TCAGC
 CAGCG
 AGCGC
 GCGCC
 CGCCC
 GCCCG
 CCCGA
 CCGAC
 CGACT
 GACTC
 ACTCC
 CTCCC
 TCCCG
 CCCGG
 CCGGG
 CGGGC
 GGGCA
 GGCAC
 GCACC
 CACCG
 ACCGC
 CCGCA
 CGCAT
 GCATC
 CATCC
 ATCCC
 TCCCC
 CCCCA
 CCCAG
 CCAGG
 CAGGC
 AGGCT
 GGCTG
 GCTGG
 CTGGC
 TGGCC
 GGCCC
 GCCCC
 CCCCT
 CCCTG
 CCTGG
 CTGGG
 TGGGC
 GGGCA
 GGCAG
 GCAGG
 CAGGT
 AGGTG
 GGTGC
 GTGCC
 TGCCC
 GCCCG
 CCCGG
 CCGGC
 CGGCA
 GGCAC
 GCACA
 CACAC
 ACACA
 CACAC
 ACACC
 CACCG
 ACCGC
 CCGCC
 CGCCC
 GCCCG
 CCCGT
 CCGTT
 CGTTC
 GTTCC
 TTCCA
 TCCAC
 CCACG
 CACGA
 ACGAA
 CGAAC
 GAACG
 AACGC
 ACGCG
 CGCGT
 GCGTG
 CGTGA
 GTGAA
 TGAAG
 GAAGG
 AAGGG
 AGGGC
 GGGCA
 GGCAC
 GCACG
 CACGA
 ACGAA
 CGAAG
 GAAGA
 AAGAG
 AGAGA
 GAGAC
 AGACC
 GACCC
 ACCCC
 CCCCC
 CCCCT
 CCCTC
 CCTCG
 CTCGC
 TCGCT
 CGCTC
 GCTCC
 CTCCC
 TCCCC
 CCCCG
 CCCGC
 CCGCG
 CGCGC
 GCGCC
 CGCCG
 GCCGC
 CCGCA
 CGCAC
 GCACA
 CACAG
 ACAGC
 CAGCT
 AGCTG
 GCTGT
 CTGTC
 TGTCC
 GTCCC
 TCCCG
 CCCGC
 CCGCC
 CGCCA
 GCCAC
 CCACC
 CACCT
 ACCTG
 CCTGA
 CTGAC
 TGACG
 GACGG
 ACGGG
 CGGGC
 GGGCA
 GGCAC
 GCACC
 CACCT
 ACCTC
 CCTCT
 CTCTC
 TCTCG
 CTCGG
 TCGGC
 CGGCG
 GGCGC
 GCGCA
 CGCAC
 GCACA
 CACAA
 ACAAG
 CAAGC
 AAGCC
 AGCCT
 GCCTA
 CCTAT
 CTATT
 TATTC
 ATTCC
 TTCCT
 TCCTC
 CCTCA
 CTCAG
 TCAGG
 CAGGG
 AGGGA
 GGGAC
 GGACA
 GACAC
 ACACG
 CACGC
 ACGCT
 CGCTC
 GCTCG
 CTCGC
 TCGCC
 CGCCT
 GCCTC
 CCTCC
 CTCCC
 TCCCA
 CCCAC
 CCACC
 CACCA
 ACCAG
 CCAGC
 CAGCC
 AGCCC
 GCCCC
 CCCCC
 CCCCA
 CCCAG
 CCAGG
 CAGGC
 AGGCC
 GGCCC
 GCCCA
 CCCAC
 CCACG
 CACGC
 ACGCC
 CGCCC
 GCCCC
 CCCCC
 CCCCA
 CCCAG
 CCAGG
 CAGGT
 AGGTA
 GGTAC
 GTACC
 TACCT
 ACCTC
 CCTCT
 CTCTC
 TCTCC
 CTCCC
 TCCCA
 CCCAG
 CCAGA
 CAGAC
 AGACG
 GACGG
 ACGGA
 CGGAA
 GGAAT
 GAATC
 AATCC
 ATCCT
 TCCTC
 CCTCT
 CTCTT
 TCTTC
 CTTCG
 TTCGC
 TCGCA
 CGCAG
 GCAGG
 CAGGC
 AGGCG
 GGCGC
 GCGCC
 CGCCC
 GCCCT
 CCCTG
 CCTGG
 CTGGT
 TGGTC
 GGTCG
 GTCGT
 TCGTC
 CGTCC
 GTCCG
 TCCGT
 CCGTG
 CGTGT
 GTGTC
 TGTCC
 GTCCG
 TCCGG
 CCGGC
 CGGCA
 GGCAG
 GCAGG
 CAGGC
 AGGCA
 GGCAG
 GCAGG
 CAGGA
 AGGAA
 GGAAG
 GAAGA
 AAGAG
 AGAGC
 GAGCG
 AGCGG
 GCGGG
 CGGGA
 GGGAG
 GGAGC
 GAGCT
 AGCTG
 GCTGA
 CTGAA
 TGAAG
 GAAGG
 AAGGA
 AGGAC
 GGACG
 GACGG
 ACGGC
 CGGCC
 GGCCT
 GCCTC
 CCTCC
 CTCCT
 TCCTC
 CCTCA
 CTCAG
 TCAGG
 CAGGC
 AGGCT
 GGCTA
 GCTAG
 CTAGC
 TAGCG
 AGCGG
 GCGGC
 CGGCC
 GGCCG
 GCCGG
 CCGGC
 CGGCC
 GGCCG
 GCCGT
 CCGTG
 CGTGG
 GTGGC
 TGGCT
 GGCTG
 GCTGT
 CTGTG
 TGTGG
 GTGGA
 TGGAA
 GGAAG
 GAAGG
 AAGGC
 AGGCC
 GGCCC
 GCCCG
 CCCGG
 CCGGG
 CGGGC
 GGGCT
 GGCTG
 GCTGC
 CTGCT
 TGCTG
 GCTGT
 CTGTG
 TGTGC
 GTGCC
 TGCCC
 GCCCA
 CCCAG
 CCAGC
 CAGCG
 AGCGG
 GCGGG
 CGGGG
 GGGGA
 GGGAC
 GGACA
 GACAC
 ACACG
 CACGG
 ACGGA
 CGGAG
 GGAGC
 GAGCG
 AGCGG
 GCGGC
 CGGCG
 GGCGT
 GCGTC
 CGTCC
 GTCCA
 TCCAC
 CCACG
 CACGG
 ACGGA
 CGGAC
 GGACG
 GACGC
 ACGCC
 CGCCG
 GCCGG
 CCGGG
 CGGGG
 GGGGC
 GGGCA
 GGCAA
 GCAAC
 CAACG
 AACGG
 ACGGA
 CGGAC
 GGACG
 GACGA
 ACGAG
 CGAGC
 GAGCC
 AGCCC
 GCCCG
 CCCGG
 CCGGC
 CGGCC
 GGCCC
 GCCCG
 CCCGG
 CCGGG
 CGGGA
 GGGAG
 GGAGA
 GAGAG
 AGAGA
 GAGAG
 AGAGC
 GAGCA
 AGCAG
 GCAGC
 CAGCA
 AGCAG
 GCAGA
 CAGAG
 AGAGC
 GAGCG
 AGCGC
 GCGCG
 CGCGG
 GCGGC
 CGGCC
 GGCCG
 GCCGG
 CCGGA
 CGGAC
 GGACT
 GACTC
 ACTCC
 CTCCG
 TCCGC
 CCGCC
 CGCCG
 GCCGG
 CCGGG
 CGGGG
 GGGGC
 GGGCT
 GGCTC
 GCTCG
 CTCGG
 TCGGC
 CGGCT
 GGCTC
 GCTCT
 CTCTG
 TCTGG
 CTGGG
 TGGGC
 GGGCA
 GGCAG
 GCAGG
 CAGGC
 AGGCA
 GGCAG
 GCAGG
 CAGGC
 AGGCG
 GGCGC
 GCGCG
 CGCGG
 GCGGC
 CGGCT
 GGCTG
 GCTGG
 CTGGC
 TGGCC
 GGCCG
 GCCGA
 CCGAC
 CGACG
 GACGC
 ACGCC
 CGCCT
 GCCTC
 CCTCC
 CTCCC
 TCCCC
 CCCCG
 CCCGG
 CCGGA
 CGGAC
 GGACG
 GACGG
 ACGGC
 CGGCG
 GGCGG
 GCGGC
 CGGCC
 GGCCC
 GCCCA
 CCCAG
 CCAGC
 CAGCA
 AGCAG
 GCAGC
 CAGCC
 AGCCG
 GCCGC
 CCGCG
 CGCGC
 GCGCG
 CGCGC
 GCGCT
 CGCTC
 GCTCC
 CTCCC
 TCCCC
 CCCCG
 CCCGC
 CCGCG
 CGCGC
 GCGCG
 CGCGC
 GCGCG
 CGCGC
 GCGCC
 CGCCG
 GCCGC
 CCGCC
 CGCCG
 GCCGC
 CCGCC
 CGCCC
 GCCCC
 CCCCC
 CCCCA
 CCCAC
 CCACG
 CACGC
 ACGCT
 CGCTC
 GCTCC
 CTCCC
 TCCCC
 CCCCA
 CCCAG
 CCAGC
 CAGCC
 AGCCG
 GCCGC
 CCGCT
 CGCTG
 GCTGC
 CTGCC
 TGCCC
 GCCCC
 CCCCG
 CCCGC
 CCGCC
 CGCCC
 GCCCC
 CCCCC
 CCCCC
 CCCCC
 CCCCT
 CCCTC
 CCTCC
 CTCCG
 TCCGG
 CCGGC
 CGGCG
 GGCGG
 GCGGT
 CGGTG
 GGTGG
 GTGGA
 TGGAC
 GGACT
 GACTG
 ACTGC
 CTGCG
 TGCGG
 GCGGA
 CGGAC
 GGACA
 GACAG
 ACAGC
 CAGCC
 AGCCA
 GCCAC
 CCACA
 CACAG
 ACAGG
 CAGGG
 AGGGA
 GGGAC
 GGACA
 GACAC
 ACACC
 CACCC
 ACCCT
 CCCTC
 CCTCC
 CTCCT
 TCCTG
 CCTGG
 CTGGG
 TGGGA
 GGGAG
 GGAGA
 GAGAA
 AGAAC
 GAACT
 AACTC
 ACTCC
 CTCCT
 TCCTG
 CCTGG
 CTGGG
 TGGGG
 GGGGC
 GGGCC
 GGCCC
 GCCCC
 CCCCG
 CCCGC
 CCGCC
 CGCCC
 GCCCA
 CCCAC
 CCACA
 CACAC
 ACACG
 CACGC
 ACGCT
 CGCTG
 GCTGC
 CTGCT
 TGCTT
 GCTTC
 CTTCG
 TTCGG
 TCGGC
 CGGCC
 GGCCC
 GCCCT
 CCCTC
 CCTCC
 CTCCG
 TCCGC
 CCGCG
 CGCGG
 GCGGA
 CGGAG
 GGAGC
 GAGCG
 AGCGG
 GCGGC
 CGGCC
 GGCCA
 GCCAG
 CCAGG
 CAGGT
 AGGTG
 GGTGC
 GTGCG
 TGCGC
 GCGCT
 CGCTG
 GCTGA
 CTGAC
 TGACA
 GACAG
 ACAGG
 CAGGG
 AGGGA
 GGGAC
 GGACG
 GACGC
 ACGCA
 CGCAG
 GCAGG
 CAGGG
 AGGGG
 GGGGC
 GGGCC
 GGCCC
 GCCCC
 CCCCG
 CCCGC
 CCGCT
 CGCTA
 GCTAC
 CTACG
 TACGC
 ACGCT
 CGCTG
 GCTGG
 CTGGC
 TGGCT
 GGCTC
 GCTCT
 CTCTC
 TCTCG
 CTCGG
 TCGGG
 CGGGG
 GGGGG
 GGGGA
 GGGAA
 GGAAC
 GAACT
 AACTG
 ACTGC
 CTGCA
 TGCAG
 GCAGC
 CAGCC
 AGCCT
 GCCTC
 CCTCC
 CTCCT
 TCCTC
 CCTCG
 CTCGG
 TCGGG
 CGGGT
 GGGTT
 GGTTT
 GTTTG
 TTTGA
 TTGAC
 TGACT
 GACTT
 ACTTG
 CTTGA
 TTGAA
 TGAAT
 GAATG
 AATGT
 ATGTC
 TGTCA
 GTCAC
 TCACA
 CACAC
 ACACC
 CACCC
 ACCCG
 CCCGA
 CCGAA
 CGAAA
 GAAAC
 AAACC
 AACCA
 ACCAT
 CCATG
 CATGC
 ATGCA
 TGCAA
 GCAAC
 CAACG
 AACGC
 ACGCC
 CGCCC
 GCCCA
 CCCAC
 CCACA
 CACAA
 ACAAG
 CAAGA
 AAGAA
 AGAAA
 GAAAG
 AAAGC
 AAGCA
 AGCAT
 GCATA
 CATAG
 ATAGG
 TAGGC
 AGGCA
 GGCAG
 GCAGT
 CAGTA
 AGTAT
 GTATG
 TATGC
 ATGCT
 TGCTC
 GCTCT
 CTCTT
 TCTTT
 CTTTG
 TTTGA
 TTGAC
 TGACA
 GACAT
 ACATC
 CATCA
 ATCAG
 TCAGT
 CAGTC
 AGTCT
 GTCTT
 TCTTA
 CTTAG
 TTAGC
 TAGCA
 AGCAG
 GCAGC
 CAGCC
 AGCCT
 GCCTA
 CCTAG
 CTAGT
 TAGTT
 AGTTT
 GTTTC
 TTTCA
 TTCAA
 TCAAG
 CAAGT
 AAGTA
 AGTAC
 GTACC
 TACCA
 ACCAC
 CCACG
 CACGT
 ACGTC
 CGTCT
 GTCTG
 TCTGA
 CTGAC
 TGACT
 GACTG
 ACTGG
 CTGGG
 TGGGC
 GGGCA
 GGCAA
 GCAAT
 CAATG
 AATGC
 ATGCA
 TGCAA
 GCAAA
 CAAAC
 AAACA
 AACAA
 ACAAA
 CAAAA
 AAAAC
 AAACA
 AACAC
 ACACA
 CACAA
 ACAAA
 CAAAA
 AAAAG
 AAAGG
 AAGGA
 AGGAA
 GGAAC
 GAACA
 AACAA
 ACAAA
 CAAAT
 AAATG
 AATGG
 ATGGG
 TGGGA
 GGGAC
 GGACT
 GACTA
 ACTAC
 CTACG
 TACGT
 ACGTC
 CGTCA
 GTCAA
 TCAAA
 CAAAG
 AAAGT
 AAGTA
 AGTAA
 GTAAA
 TAAAA
 AAAAG
 AAAGA
 AAGAA
 AGAAA
 GAAAT
 AAATC
 AATCT
 ATCTT
 TCTTC
 CTTCT
 TTCTG
 TCTGC
 CTGCA
 TGCAC
 GCACG
 CACGG
 ACGGC
 CGGCA
 GGCAA
 GCAAA
 CAAAG
 AAAGG
 AAGGA
 AGGAA
 GGAAA
 GAAAC
 AAACC
 AACCC
 ACCCT
 CCCTC
 CCTCC
 CTCCA
 TCCAC
 CCACA
 CACAA
 ACAAA
 CAAAA
 AAAAC
 AAACC
 AACCA
 ACCAA
 CCAAA
 CAAAA
 AAAAC
 AAACA
 AACAC
 ACACA
 CACAA
 ACAAC
 CAACC
 AACCT
 ACCTA
 CCTAA
 CTAAC
 TAACA
 AACAG
 ACAGC
 CAGCT
 AGCTG
 GCTGG
 CTGGC
 TGGCA
 GGCAG
 GCAGA
 CAGAA
 AGAAG
 GAAGA
 AAGAG
 AGAGA
 GAGAC
 AGACT
 GACTT
 ACTTG
 CTTGC
 TTGCA
 TGCAA
 GCAAA
 CAAAC
 AAACC
 AACCA
 ACCAT
 CCATA
 CATAT
 ATATA
 TATAT
 ATATC
 TATCG
 ATCGG
 TCGGA
 CGGAT
 GGATA
 GATAA
 ATAAG
 TAAGG
 AAGGG
 AGGGG
 GGGGT
 GGGTT
 GGTTT
 GTTTC
 TTTCT
 TTCTA
 TCTAG
 CTAGC
 TAGCC
 AGCCC
 GCCCA
 CCCAA
 CCAAA
 CAAAT
 AAATA
 AATAC
 ATACA
 TACAG
 ACAGA
 CAGAA
 AGAAA
 GAAAG
 AAAGA
 AAGAA
 AGAAC
 GAACT
 AACTC
 ACTCA
 CTCAC
 TCACA
 CACAC
 ACACA
 CACAG
 ACAGC
 CAGCT
 AGCTC
 GCTCA
 CTCAA
 TCAAC
 CAACA
 AACAA
 ACAAC
 CAACA
 AACAA
 ACAAC
 CAACA
 AACAA
 ACAAA
 CAAAA
 AAAAA
 AAAAT
 AAATC
 AATCA
 ATCAA
 TCAAC
 CAACA
 AACAA
 ACAAC
 CAACC
 AACCC
 ACCCA
 CCCAA
 CCAAT
 CAATT
 AATTA
 ATTAA
 TTAAA
 TAAAA
 AAAAA
 AAAAG
 AAAGA
 AAGAC
 AGACG
 GACGG
 ACGGG
 CGGGC
 GGGCA
 GGCAA
 GCAAA
 CAAAA
 AAAAG
 AAAGA
 AAGAT
 AGATC
 GATCT
 ATCTG
 TCTGA
 CTGAG
 TGAGC
 GAGCA
 AGCAG
 GCAGT
 CAGTG
 AGTGA
 GTGAT
 TGATC
 GATCT
 ATCTC
 TCTCT
 CTCTC
 TCTCC
 CTCCA
 TCCAA
 CCAAA
 CAAAG
 AAAGA
 AAGAA
 AGAAG
 GAAGA
 AAGAC
 AGACA
 GACAT
 ACATG
 CATGC
 ATGCG
 TGCGG
 GCGGA
 CGGAT
 GGATG
 GATGG
 ATGGC
 TGGCC
 GGCCA
 GCCAA
 CCAAC
 CAACA
 AACAG
 ACAGG
 CAGGC
 AGGCA
 GGCAA
 GCAAA
 CAAAT
 AAATG
 AATGG
 ATGGA
 TGGAA
 GGAAA
 GAAAG
 AAAGG
 AAGGT
 AGGTG
 GGTGC
 GTGCT
 TGCTC
 GCTCA
 CTCAA
 TCAAC
 CAACA
 AACAT
 ACATC
 CATCA
 ATCAT
 TCATT
 CATTA
 ATTAG
 TTAGC
 TAGCC
 AGCCA
 GCCAT
 CCATC
 CATCA
 ATCAG
 TCAGA
 CAGAG
 AGAGA
 GAGAA
 AGAAA
 GAAAG
 AAAGG
 AAGGC
 AGGCA
 GGCAG
 GCAGA
 CAGAT
 AGATC
 GATCA
 ATCAA
 TCAAA
 CAAAA
 AAAAC
 AAACT
 AACTA
 ACTAC
 CTACA
 TACAA
 ACAAG
 CAAGG
 AAGGA
 AGGAG
 GGAGA
 GAGAG
 AGAGG
 GAGGT
 AGGTC
 GGTCA
 GTCAC
 TCACC
 CACCT
 ACCTT
 CCTTC
 CTTCC
 TTCCT
 TCCTC
 CCTCT
 CTCTG
 TCTGC
 CTGCT
 TGCTC
 GCTCA
 CTCAG
 TCAGA
 CAGAA
 AGAAC
 GAACG
 AACGG
 ACGGC
 CGGCT
 GGCTC
 GCTCT
 CTCTA
 TCTAA
 CTAAT
 TAATT
 AATTA
 ATTAA
 TTAAC
 TAACG
 AACGA
 ACGAC
 CGACA
 GACAC
 ACACA
 CACAA
 ACAAG
 CAAGA
 AAGAG
 AGAGA
 GAGAC
 AGACA
 GACAA
 ACAAG
 CAAGT
 AAGTG
 AGTGT
 GTGTG
 TGTGG
 GTGGG
 TGGGA
 GGGAG
 GGAGA
 GAGAG
 AGAGG
 GAGGA
 AGGAT
 GGATG
 GATGG
 ATGGG
 TGGGG
 GGGGA
 GGGAG
 GGAGA
 GAGAG
 AGAGA
 GAGAC
 AGACG
 GACGG
 ACGGC
 CGGCA
 GGCAA
 GCAAC
 CAACT
 AACTC
 ACTCT
 CTCTC
 TCTCC
 CTCCT
 TCCTA
 CCTAC
 CTACA
 TACAC
 ACACT
 CACTG
 ACTGC
 CTGCT
 TGCTG
 GCTGC
 CTGCC
 TGCCG
 GCCGG
 CCGGG
 CGGGA
 GGGAG
 GGAGT
 GAGTG
 AGTGC
 GTGCA
 TGCAG
 GCAGA
 CAGAC
 AGACT
 GACTG
 ACTGG
 CTGGT
 TGGTG
 GGTGC
 GTGCA
 TGCAG
 GCAGC
 CAGCC
 AGCCA
 GCCAC
 CCACT
 CACTA
 ACTAT
 CTATG
 TATGG
 ATGGA
 TGGAA
 GGAAA
 GAAAG
 AAAGC
 AAGCA
 AGCAG
 GCAGT
 CAGTA
 AGTAT
 GTATG
 TATGG
 ATGGA
 TGGAG
 GGAGC
 GAGCA
 AGCAT
 GCATC
 CATCC
 ATCCT
 TCCTC
 CCTCG
 CTCGG
 TCGGA
 CGGAA
 GGAAA
 GAAAA
 AAAAA
 AAAAC
 AAACT
 AACTA
 ACTAA
 CTAAG
 TAAGA
 AAGAA
 AGAAT
 GAATC
 AATCC
 ATCCG
 TCCGT
 CCGTC
 CGTCT
 GTCTA
 TCTAC
 CTACC
 TACCA
 ACCAT
 CCATA
 CATAT
 ATATA
 TATAT
 ATATA
 TATAT
 ATATG
 TATGA
 ATGAT
 TGATC
 GATCC
 ATCCA
 TCCAG
 CCAGC
 CAGCT
 AGCTA
 GCTAG
 CTAGC
 TAGCC
 AGCCC
 GCCCA
 CCCAC
 CCACG
 CACGG
 ACGGC
 CGGCT
 GGCTG
 GCTGG
 CTGGG
 TGGGT
 GGGTA
 GGTAT
 GTATT
 TATTT
 ATTTA
 TTTAT
 TTATC
 TATCC
 ATCCA
 TCCAA
 CCAAA
 CAAAG
 AAAGC
 AAGCA
 AGCAC
 GCACT
 CACTC
 ACTCG
 CTCGA
 TCGAA
 CGAAA
 GAAAA
 AAAAC
 AAACA
 AACAC
 ACACC
 CACCA
 ACCAA
 CCAAT
 CAATG
 AATGC
 ATGCA
 TGCAG
 GCAGA
 CAGAA
 AGAAA
 GAAAG
 AAAGA
 AAGAC
 AGACA
 GACAC
 ACACC
 CACCT
 ACCTG
 CCTGC
 CTGCA
 TGCAC
 GCACC
 CACCC
 ACCCC
 CCCCT
 CCCTA
 CCTAG
 CTAGG
 TAGGT
 AGGTT
 GGTTC
 GTTCA
 TTCAC
 TCACT
 CACTG
 ACTGC
 CTGCA
 TGCAG
 GCAGC
 CAGCA
 AGCAT
 GCATT
 CATTA
 ATTAT
 TTATT
 TATTC
 ATTCA
 TTCAC
 TCACA
 CACAA
 ACAAC
 CAACA
 AACAG
 ACAGC
 CAGCC
 AGCCA
 GCCAG
 CCAGA
 CAGAA
 AGAAC
 GAACT
 AACTT
 ACTTG
 CTTGG
 TTGGA
 TGGAA
 GGAAG
 GAAGC
 AAGCA
 AGCAA
 GCAAC
 CAACC
 AACCT
 ACCTA
 CCTAG
 CTAGG
 TAGGT
 AGGTG
 GGTGC
 GTGCC
 TGCCC
 GCCCA
 CCCAC
 CCACC
 CACCA
 ACCAA
 CCAAG
 CAAGG
 AAGGG
 AGGGA
 GGGAA
 GGAAG
 GAAGA
 AAGAA
 AGAAT
 GAATG
 AATGG
 ATGGA
 TGGAG
 GGAGA
 GAGAA
 AGAAA
 GAAAG
 AAAGA
 AAGAA
 AGAAG
 GAAGA
 AAGAC
 AGACG
 GACGT
 ACGTG
 CGTGG
 GTGGT
 TGGTA
 GGTAT
 GTATG
 TATGT
 ATGTA
 TGTAT
 GTATA
 TATAC
 ATACA
 TACAC
 ACACA
 CACAA
 ACAAT
 CAATG
 AATGG
 ATGGA
 TGGAA
 GGAAT
 GAATG
 AATGC
 ATGCT
 TGCTA
 GCTAC
 CTACT
 TACTC
 ACTCA
 CTCAG
 TCAGC
 CAGCC
 AGCCC
 GCCCT
 CCCTA
 CCTAA
 CTAAG
 TAAGA
 AAGAA
 AGAAA
 GAAAT
 AAATG
 AATGG
 ATGGT
 TGGTG
 GGTGA
 GTGAG
 TGAGC
 GAGCT
 AGCTC
 GCTCC
 CTCCG
 TCCGG
 CCGGC
 CGGCC
 GGCCA
 GCCAT
 CCATT
 CATTT
 ATTTG
 TTTGT
 TTGTG
 TGTGA
 GTGAC
 TGACA
 GACAA
 ACAAC
 CAACG
 AACGT
 ACGTG
 CGTGG
 GTGGA
 TGGAT
 GGATG
 GATGG
 ATGGA
 TGGAC
 GGACC
 GACCT
 ACCTG
 CCTGG
 CTGGA
 TGGAG
 GGAGG
 GAGGG
 AGGGT
 GGGTA
 GGTAT
 GTATT
 TATTA
 ATTAT
 TTATG
 TATGT
 ATGTG
 TGTGA
 GTGAA
 TGAAG
 GAAGT
 AAGTG
 AGTGA
 GTGAA
 TGAAA
 GAAAT
 AAATA
 AATAA
 ATAAA
 TAAAC
 AAACC
 AACCA
 ACCAG
 CCAGA
 CAGAG
 AGAGG
 GAGGG
 AGGGA
 GGGAG
 GGAGA
 GAGAA
 AGAAA
 GAAAG
 AAAGT
 AAGTC
 AGTCA
 GTCAA
 TCAAA
 CAAAC
 AAACA
 AACAC
 ACACC
 CACCA
 ACCAC
 CCACA
 CACAC
 ACACG
 CACGG
 ACGGT
 CGGTG
 GGTGT
 GTGTT
 TGTTT
 GTTTG
 TTTGT
 TTGTG
 TGTGA
 GTGAT
 TGATC
 GATCT
 ATCTC
 TCTCA
 CTCAC
 TCACT
 CACTC
 ACTCA
 CTCAT
 TCATA
 CATAA
 ATAAG
 TAAGT
 AAGTA
 AGTAG
 GTAGA
 TAGAA
 AGAAG
 GAAGA
 AAGAT
 AGATA
 GATAA
 ATAAA
 TAAAA
 AAAAA
 AAAAC
 AAACA
 AACAA
 ACAAT
 CAATG
 AATGA
 ATGAC
 TGACA
 GACAA
 ACAAA
 CAAAC
 AAACG
 AACGC
 ACGCA
 CGCAC
 GCACA
 CACAC
 ACACA
 CACAG
 ACAGA
 CAGAG
 AGAGC
 GAGCC
 AGCCA
 GCCAC
 CCACG
 CACGG
 ACGGA
 CGGAG
 GGAGA
 GAGAC
 AGACT
 GACTG
 ACTGG
 CTGGA
 TGGAT
 GGATT
 GATTG
 ATTGG
 TTGGT
 TGGTG
 GGTGG
 GTGGT
 TGGTC
 GGTCA
 GTCAC
 TCACC
 CACCA
 ACCAG
 CCAGA
 CAGAG
 AGAGG
 GAGGG
 AGGGG
 GGGGG
 GGGGA
 GGGAG
 GGAGG
 GAGGG
 AGGGG
 GGGGG
 GGGGG
 GGGGA
 GGGAG
 GGAGG
 GAGGG
 AGGGG
 GGGGA
 GGGAG
 GGAGA
 GAGAG
 AGAGA
 GAGAG
 AGAGC
 GAGCC
 AGCCA
 GCCAA
 CCAAA
 CAAAG
 AAAGG
 AAGGG
 AGGGG
 GGGGT
 GGGTG
 GGTGA
 GTGAT
 TGATG
 GATGA
 ATGAG
 TGAGG
 GAGGC
 AGGCT
 GGCTC
 GCTCA
 CTCAC
 TCACA
 CACAT
 ACATG
 CATGT
 ATGTG
 TGTGA
 GTGAG
 TGAGG
 GAGGT
 AGGTG
 GGTGA
 GTGAC
 TGACG
 GACGG
 ACGGA
 CGGAC
 GGACT
 GACTA
 ACTAT
 CTATC
 TATCA
 ATCAT
 TCATT
 CATTA
 ATTAG
 TTAGT
 TAGTT
 AGTTT
 GTTTT
 TTTTC
 TTTCG
 TTCGG
 TCGGG
 CGGGT
 GGGTG
 GGTGG
 GTGGT
 TGGTG
 GGTGA
 GTGAA
 TGAAC
 GAACA
 AACAC
 ACACG
 CACGA
 ACGAT
 CGATG
 GATGT
 ATGTA
 TGTAA
 GTAAT
 TAATC
 AATCC
 ATCCA
 TCCAC
 CCACA
 CACAC
 ACACA
 CACAG
 ACAGA
 CAGAA
 AGAAT
 GAATT
 AATTC
 ATTCG
 TTCGA
 TCGAA
 CGAAA
 GAAAT
 AAATA
 AATAC
 ATACA
 TACAT
 ACATT
 CATTA
 ATTAC
 TTACA
 TACAA
 ACAAC
 CAACG
 AACGT
 ACGTA
 CGTAC
 GTACC
 TACCT
 ACCTC
 CCTCT
 CTCTG
 TCTGA
 CTGAA
 TGAAA
 GAAAG
 AAAGC
 AAGCT
 AGCTA
 GCTAC
 CTACA
 TACAT
 ACATA
 CATAA
 ATAAT
 TAATG
 AATGT
 ATGTT
 TGTTA
 GTTAG
 TTAGA
 TAGAA
 AGAAT
 GAATC
 AATCC
 ATCCG
 TCCGC
 CCGCT
 CGCTG
 GCTGT
 CTGTT
 TGTTA
 GTTAC
 TTACT
 TACTG
 ACTGC
 CTGCA
 TGCAA
 GCAAT
 CAATA
 AATAA
 ATAAA
 TAAAA
 AAAAT
 AAATA
 AATAA
 ATAAA
 TAAAA
 AAAAT
 AAATA
 AATAA
 ATAAA
 TAAAA
 AAAAT
 AAATA
 AATAA
 ATAAA
 TAAAA
 AAAAT
 AAATA
 AATAA
 ATAAA
 TAAAA
 AAAAT
 AAATA
 AATAA
 ATAAA
 TAAAA
 AAAAT
 AAATA
 AATAA
 ATAAA
 TAAAA
 AAAAT
 AAATA
 AATAG
 ATAGA
 TAGAG
 AGAGA
 GAGAA
 AGAAG
 GAAGT
 AAGTG
 AGTGT
 GTGTT
 TGTTG
 GTTGG
 TTGGA
 TGGAG
 GGAGC
 GAGCC
 AGCCT
 GCCTC
 CCTCA
 CTCAA
 TCAAG
 CAAGA
 AAGAG
 AGAGG
 GAGGC
 AGGCT
 GGCTA
 GCTAA
 CTAAC
 TAACA
 AACAG
 ACAGG
 CAGGC
 AGGCT
 GGCTT
 GCTTT
 CTTTT
 TTTTG
 TTTGA
 TTGAA
 TGAAA
 GAAAA
 AAAAG
 AAAGT
 AAGTT
 AGTTA
 GTTAT
 TTATT
 TATTC
 ATTCT
 TTCTA
 TCTAG
 CTAGG
 TAGGG
 AGGGA
 GGGAT
 GGATT
 GATTT
 ATTTG
 TTTGT
 TTGTA
 TGTAT
 GTATG
 TATGG
 ATGGC
 TGGCT
 GGCTT
 GCTTA
 CTTAG
 TTAGC
 TAGCT
 AGCTC
 GCTCA
 CTCAG
 TCAGG
 CAGGG
 AGGGC
 GGGCG
 GGCGG
 GCGGC
 CGGCA
 GGCAC
 GCACA
 CACAC
 ACACA
 CACAC
 ACACC
 CACCA
 ACCAG
 CCAGC
 CAGCC
 AGCCT
 GCCTG
 CCTGA
 CTGAG
 TGAGA
 GAGAC
 AGACA
 GACAC
 ACACA
 CACAG
 ACAGC
 CAGCT
 AGCTG
 GCTGT
 CTGTG
 TGTGA
 GTGAC
 TGACA
 GACAT
 ACATA
 CATAG
 ATAGC
 TAGCC
 AGCCC
 GCCCC
 CCCCT
 CCCTA
 CCTAA
 CTAAC
 TAACT
 AACTT
 ACTTC
 CTTCA
 TTCAA
 TCAAC
 CAACT
 AACTA
 ACTAA
 CTAAA
 TAAAC
 AAACT
 AACTC
 ACTCT
 CTCTA
 TCTAT
 CTATT
 TATTC
 ATTCC
 TTCCG
 TCCGC
 CCGCC
 CGCCT
 GCCTG
 CCTGG
 CTGGA
 TGGAG
 GGAGG
 GAGGG
 AGGGA
 GGGAA
 GGAAA
 GAAAT
 AAATC
 AATCA
 ATCAA
 TCAAA
 CAAAA
 AAAAC
 AAACT
 AACTA
 ACTAC
 CTACT
 TACTG
 ACTGT
 CTGTA
 TGTAA
 GTAAT
 TAATC
 AATCA
 ATCAT
 TCATA
 CATAA
 ATAAT
 TAATT
 AATTG
 ATTGA
 TTGAT
 TGATT
 GATTG
 ATTGA
 TTGAA
 TGAAG
 GAAGG
 AAGGC
 AGGCT
 GGCTT
 GCTTC
 CTTCA
 TTCAC
 TCACT
 CACTT
 ACTTT
 CTTTG
 TTTGT
 TTGTG
 TGTGC
 GTGCC
 TGCCA
 GCCAG
 CCAGA
 CAGAT
 AGATC
 GATCC
 ATCCT
 TCCTG
 CCTGT
 CTGTG
 TGTGC
 GTGCC
 TGCCA
 GCCAA
 CCAAC
 CAACT
 AACTG
 ACTGC
 CTGCT
 TGCTT
 GCTTT
 CTTTG
 TTTGC
 TTGCA
 TGCAC
 GCACC
 CACCA
 ACCAA
 CCAAC
 CAACT
 AACTG
 ACTGT
 CTGTC
 TGTCT
 GTCTC
 TCTCA
 CTCAT
 TCATT
 CATTT
 ATTTA
 TTTAA
 TTAAT
 TAATC
 AATCC
 ATCCT
 TCCTC
 CCTCA
 CTCAC
 TCACA
 CACAT
 ACATC
 CATCC
 ATCCA
 TCCAA
 CCAAA
 CAAAA
 AAAAG
 AAAGG
 AAGGC
 AGGCA
 GGCAG
 GCAGG
 CAGGT
 AGGTT
 GGTTA
 GTTAC
 TTACC
 TACCG
 ACCGT
 CCGTT
 CGTTA
 GTTAT
 TTATT
 TATTC
 ATTCT
 TTCTC
 TCTCC
 CTCCC
 TCCCC
 CCCCA
 CCCAT
 CCATT
 CATTT
 ATTTT
 TTTTC
 TTTCA
 TTCAA
 TCAAG
 CAAGG
 AAGGT
 AGGTG
 GGTGA
 GTGAG
 TGAGG
 GAGGA
 AGGAG
 GGAGG
 GAGGC
 AGGCG
 GGCGG
 GCGGA
 CGGAA
 GGAAG
 GAAGC
 AAGCA
 AGCAG
 GCAGA
 CAGAA
 AGAAA
 GAAAG
 AAAGA
 AAGAT
 AGATG
 GATGG
 ATGGC
 TGGCC
 GGCCA
 GCCAT
 CCATC
 CATCT
 ATCTG
 TCTGC
 CTGCC
 TGCCT
 GCCTG
 CCTGG
 CTGGA
 TGGAA
 GGAAT
 GAATT
 AATTC
 ATTCA
 TTCAC
 TCACA
 CACAC
 ACACA
 CACAA
 ACAAG
 CAAGG
 AAGGC
 AGGCT
 GGCTT
 GCTTC
 CTTCT
 TTCTC
 TCTCT
 CTCTA
 TCTAG
 CTAGG
 TAGGT
 AGGTA
 GGTAA
 GTAAT
 TAATG
 AATGA
 ATGAC
 TGACA
 GACAT
 ACATG
 CATGA
 ATGAC
 TGACT
 GACTT
 ACTTT
 CTTTT
 TTTTG
 TTTGG
 TTGGA
 TGGAC
 GGACA
 GACAA
 ACAAG
 CAAGA
 AAGAT
 AGATT
 GATTT
 ATTTA
 TTTAA
 TTAAA
 TAAAG
 AAAGG
 AAGGT
 AGGTT
 GGTTT
 GTTTA
 TTTAA
 TTAAC
 TAACA
 AACAC
 ACACA
 CACAT
 ACATT
 CATTC
 ATTCC
 TTCCA
 TCCAG
 CCAGT
 CAGTG
 AGTGA
 GTGAA
 TGAAG
 GAAGA
 AAGAC
 AGACG
 GACGC
 ACGCA
 CGCAG
 GCAGA
 CAGAT
 AGATC
 GATCC
 ATCCC
 TCCCA
 CCCAG
 CCAGT
 CAGTA
 AGTAT
 GTATC
 TATCA
 ATCAC
 TCACA
 CACAG
 ACAGA
 CAGAA
 AGAAC
 GAACG
 AACGT
 ACGTG
 CGTGA
 GTGAA
 TGAAA
 GAAAA
 AAAAA
 AAAAC
 AAACA
 AACAC
 ACACT
 CACTG
 ACTGA
 CTGAG
 TGAGT
 GAGTC
 AGTCC
 GTCCT
 TCCTG
 CCTGC
 CTGCC
 TGCCA
 GCCAC
 CCACA
 CACAT
 ACATG
 CATGT
 ATGTA
 TGTAT
 GTATT
 TATTA
 ATTAA
 TTAAA
 TAAAA
 AAAAC
 AAACA
 AACAC
 ACACT
 CACTA
 ACTAA
 CTAAC
 TAACT
 AACTA
 ACTAT
 CTATG
 TATGG
 ATGGA
 TGGAT
 GGATC
 GATCC
 ATCCT
 TCCTC
 CCTCA
 CTCAC
 TCACA
 CACAA
 ACAAT
 CAATC
 AATCT
 ATCTC
 TCTCT
 CTCTT
 TCTTG
 CTTGG
 TTGGC
 TGGCC
 GGCCT
 GCCTG
 CCTGT
 CTGTT
 TGTTT
 GTTTT
 TTTTT
 TTTTT
 TTTTC
 TTTCA
 TTCAG
 TCAGA
 CAGAG
 AGAGG
 GAGGA
 AGGAG
 GGAGG
 GAGGG
 AGGGA
 GGGAA
 GGAAA
 GAAAA
 AAAAC
 AAACC
 AACCC
 ACCCA
 CCCAG
 CCAGG
 CAGGG
 AGGGT
 GGGTG
 GGTGA
 GTGAA
 TGAAA
 GAAAA
 AAAAC
 AAACC
 AACCC
 ACCCG
 CCCGT
 CCGTT
 CGTTG
 GTTGA
 TTGAG
 TGAGG
 GAGGA
 AGGAG
 GGAGA
 GAGAT
 AGATG
 GATGT
 ATGTC
 TGTCT
 GTCTG
 TCTGC
 CTGCA
 TGCAG
 GCAGA
 CAGAT
 AGATG
 GATGA
 ATGAG
 TGAGG
 GAGGA
 AGGAC
 GGACT
 GACTA
 ACTAG
 CTAGG
 TAGGT
 AGGTC
 GGTCT
 GTCTG
 TCTGG
 CTGGT
 TGGTC
 GGTCT
 GTCTT
 TCTTT
 CTTTA
 TTTAA
 TTAAA
 TAAAG
 AAAGC
 AAGCC
 AGCCG
 GCCGG
 CCGGG
 CGGGA
 GGGAA
 GGAAC
 GAACT
 AACTA
 ACTAT
 CTATC
 TATCC
 ATCCC
 TCCCA
 CCCAG
 CCAGT
 CAGTA
 AGTAG
 GTAGA
 TAGAT
 AGATT
 GATTC
 ATTCT
 TTCTG
 TCTGA
 CTGAG
 TGAGT
 GAGTC
 AGTCA
 GTCAG
 TCAGT
 CAGTG
 AGTGG
 GTGGG
 TGGGT
 GGGTC
 GGTCC
 GTCCA
 TCCAG
 CCAGA
 CAGAG
 AGAGT
 GAGTA
 AGTAG
 GTAGG
 TAGGC
 AGGCG
 GGCGT
 GCGTC
 CGTCG
 GTCGA
 TCGAG
 CGAGC
 GAGCG
 AGCGT
 GCGTC
 CGTCT
 GTCTC
 TCTCC
 CTCCG
 TCCGT
 CCGTT
 CGTTC
 GTTCT
 TTCTT
 TCTTT
 CTTTG
 TTTGA
 TTGAA
 TGAAA
 GAAAA
 AAAAA
 AAAAG
 AAAGC
 AAGCC
 AGCCC
 GCCCC
 CCCCA
 CCCAC
 CCACA
 CACAG
 ACAGG
 CAGGC
 AGGCT
 GGCTA
 GCTAC
 CTACA
 TACAC
 ACACT
 CACTT
 ACTTC
 CTTCC
 TTCCG
 TCCGT
 CCGTG
 CGTGC
 GTGCC
 TGCCC
 GCCCT
 CCCTT
 CCTTG
 CTTGG
 TTGGA
 TGGAG
 GGAGT
 GAGTT
 AGTTG
 GTTGG
 TTGGG
 TGGGA
 GGGAA
 GGAAG
 GAAGC
 AAGCA
 AGCAC
 GCACA
 CACAG
 ACAGT
 CAGTC
 AGTCA
 GTCAG
 TCAGG
 CAGGC
 AGGCC
 GGCCC
 GCCCT
 CCCTA
 CCTAC
 CTACA
 TACAT
 ACATC
 CATCG
 ATCGG
 TCGGG
 CGGGA
 GGGAC
 GGACG
 GACGT
 ACGTT
 CGTTT
 GTTTC
 TTTCA
 TTCAG
 TCAGT
 CAGTC
 AGTCA
 GTCAA
 TCAAC
 CAACA
 AACAA
 ACAAC
 CAACG
 AACGG
 ACGGG
 CGGGG
 GGGGG
 GGGGT
 GGGTC
 GGTCC
 GTCCC
 TCCCA
 CCCAT
 CCATA
 CATAA
 ATAAG
 TAAGA
 AAGAT
 AGATT
 GATTA
 ATTAG
 TTAGT
 TAGTC
 AGTCC
 GTCCC
 TCCCA
 CCCAT
 CCATA
 CATAG
 ATAGA
 TAGAG
 AGAGC
 GAGCC
 AGCCT
 GCCTA
 CCTAG
 CTAGG
 TAGGT
 AGGTG
 GGTGT
 GTGTG
 TGTGT
 GTGTA
 TGTAG
 GTAGG
 TAGGA
 AGGAG
 GGAGG
 GAGGC
 AGGCT
 GGCTC
 GCTCT
 CTCTG
 TCTGC
 CTGCC
 TGCCG
 GCCGT
 CCGTG
 CGTGT
 GTGTA
 TGTAG
 GTAGG
 TAGGT
 AGGTT
 GGTTT
 GTTTA
 TTTAT
 TTATG
 TATGA
 ATGAA
 TGAAC
 GAACT
 AACTC
 ACTCC
 CTCCG
 TCCGT
 CCGTG
 CGTGG
 GTGGT
 TGGTG
 GGTGC
 GTGCT
 TGCTT
 GCTTG
 CTTGC
 TTGCA
 TGCAC
 GCACG
 CACGA
 ACGAT
 CGATC
 GATCA
 ATCAC
 TCACG
 CACGC
 ACGCG
 CGCGA
 GCGAT
 CGATT
 GATTG
 ATTGC
 TTGCC
 TGCCT
 GCCTG
 CCTGA
 CTGAC
 TGACC
 GACCG
 ACCGT
 CCGTG
 CGTGA
 GTGAC
 TGACG
 GACGC
 ACGCA
 CGCAC
 GCACT
 CACTC
 ACTCC
 CTCCT
 TCCTC
 CCTCA
 CTCAC
 TCACA
 CACAG
 ACAGC
 CAGCT
 AGCTT
 GCTTA
 CTTAG
 TTAGC
 TAGCC
 AGCCC
 GCCCC
 CCCCA
 CCCAC
 CCACT
 CACTG
 ACTGT
 CTGTT
 TGTTA
 GTTAA
 TTAAG
 TAAGC
 AAGCA
 AGCAA
 GCAAA
 CAAAG
 AAAGC
 AAGCA
 AGCAT
 GCATG
 CATGA
 ATGAC
 TGACT
 GACTG
 ACTGC
 CTGCA
 TGCAC
 GCACT
 CACTG
 ACTGC
 CTGCC
 TGCCT
 GCCTT
 CCTTA
 CTTAG
 TTAGA
 TAGAT
 AGATT
 GATTC
 ATTCT
 TTCTC
 TCTCC
 CTCCA
 TCCAC
 CCACG
 CACGG
 ACGGT
 CGGTT
 GGTTC
 GTTCC
 TTCCA
 TCCAG
 CCAGA
 CAGAC
 AGACC
 GACCC
 ACCCT
 CCCTG
 CCTGC
 CTGCG
 TGCGC
 GCGCT
 CGCTG
 GCTGT
 CTGTT
 TGTTT
 GTTTA
 TTTAG
 TTAGA
 TAGAT
 AGATG
 GATGA
 ATGAC
 TGACT
 GACTG
 ACTGC
 CTGCA
 TGCAC
 GCACA
 CACAC
 ACACG
 CACGC
 ACGCA
 CGCAG
 GCAGA
 CAGAG
 AGAGG
 GAGGG
 AGGGC
 GGGCA
 GGCAC
 GCACC
 CACCG
 ACCGT
 CCGTG
 CGTGT
 GTGTC
 TGTCT
 GTCTG
 TCTGA
 CTGAG
 TGAGG
 GAGGC
 AGGCA
 GGCAG
 GCAGA
 CAGAG
 AGAGA
 GAGAG
 AGAGC
 GAGCG
 AGCGG
 GCGGC
 CGGCT
 GGCTG
 GCTGG
 CTGGA
 TGGAA
 GGAAT
 GAATC
 AATCA
 ATCAC
 TCACA
 CACAA
 ACAAC
 CAACA
 AACAG
 ACAGC
 CAGCT
 AGCTC
 GCTCT
 CTCTC
 TCTCG
 CTCGA
 TCGAC
 CGACG
 GACGG
 ACGGA
 CGGAG
 GGAGA
 GAGAG
 AGAGT
 GAGTC
 AGTCA
 GTCAA
 TCAAG
 CAAGG
 AAGGA
 AGGAA
 GGAAA
 GAAAG
 AAAGG
 AAGGC
 AGGCG
 GGCGT
 GCGTG
 CGTGC
 GTGCT
 TGCTC
 GCTCT
 CTCTG
 TCTGC
 CTGCT
 TGCTT
 GCTTA
 CTTAC
 TTACA
 TACAC
 ACACG
 CACGA
 ACGAC
 CGACT
 GACTC
 ACTCT
 CTCTC
 TCTCT
 CTCTA
 TCTAC
 CTACT
 TACTT
 ACTTT
 CTTTT
 TTTTC
 TTTCT
 TTCTC
 TCTCT
 CTCTG
 TCTGT
 CTGTG
 TGTGT
 GTGTC
 TGTCT
 GTCTG
 TCTGA
 CTGAA
 TGAAC
 GAACT
 AACTA
 ACTAT
 CTATT
 TATTT
 ATTTT
 TTTTA
 TTTAC
 TTACA
 TACAG
 ACAGC
 CAGCT
 AGCTA
 GCTAA
 CTAAT
 TAATC
 AATCT
 ATCTA
 TCTAC
 CTACT
 TACTT
 ACTTT
 CTTTT
 TTTTT
 TTTTT
 TTTTT
 TTTTA
 TTTAA
 TTAAC
 TAACC
 AACCA
 ACCAA
 CCAAG
 CAAGC
 AAGCA
 AGCAG
 GCAGC
 CAGCT
 AGCTG
 GCTGT
 CTGTG
 TGTGC
 GTGCC
 TGCCA
 GCCAA
 CCAAA
 CAAAA
 AAAAG
 AAAGA
 AAGAA
 AGAAT
 GAATG
 AATGT
 ATGTT
 TGTTA
 GTTAC
 TTACC
 TACCA
 ACCAA
 CCAAG
 CAAGC
 AAGCA
 AGCAA
 GCAAT
 CAATA
 AATAC
 ATACT
 TACTA
 ACTAA
 CTAAA
 TAAAC
 AAACA
 AACAA
 ACAAA
 CAAAC
 AAACC
 AACCA
 ACCAA
 CCAAT
 CAATA
 AATAT
 ATATC
 TATCA
 ATCAA
 TCAAC
 CAACC
 AACCA
 ACCAT
 CCATA
 CATAC
 ATACA
 TACAT
 ACATA
 CATAT
 ATATT
 TATTA
 ATTAA
 TTAAA
 TAAAT
 AAATA
 AATAA
 ATAAG
 TAAGC
 AAGCC
 AGCCT
 GCCTA
 CCTAA
 CTAAC
 TAACC
 AACCC
 ACCCT
 CCCTA
 CCTAC
 CTACT
 TACTA
 ACTAG
 CTAGG
 TAGGC
 AGGCT
 GGCTA
 GCTAC
 CTACG
 TACGG
 ACGGA
 CGGAA
 GGAAA
 GAAAA
 AAAAG
 AAAGG
 AAGGC
 AGGCT
 GGCTT
 GCTTT
 CTTTT
 TTTTA
 TTTAT
 TTATT
 TATTT
 ATTTC
 TTTCC
 TTCCC
 TCCCT
 CCCTG
 CCTGG
 CTGGG
 TGGGA
 GGGAT
 GGATA
 GATAA
 ATAAT
 TAATT
 AATTT
 ATTTG
 TTTGG
 TTGGA
 TGGAC
 GGACA
 GACAG
 ACAGC
 CAGCA
 AGCAT
 GCATT
 CATTA
 ATTAG
 TTAGA
 TAGAT
 AGATT
 GATTC
 ATTCT
 TTCTT
 TCTTT
 CTTTT
 TTTTA
 TTTAC
 TTACC
 TACCA
 ACCAA
 CCAAG
 CAAGA
 AAGAG
 AGAGC
 GAGCA
 AGCAG
 GCAGC
 CAGCC
 AGCCA
 GCCAA
 CCAAG
 CAAGT
 AAGTC
 AGTCG
 GTCGA
 TCGAG
 CGAGG
 GAGGG
 AGGGA
 GGGAG
 GGAGA
 GAGAT
 AGATT
 GATTA
 ATTAT
 TTATT
 TATTT
 ATTTC
 TTTCT
 TTCTA
 TCTAA
 CTAAG
 TAAGT
 AAGTC
 AGTCC
 GTCCA
 TCCAC
 CCACA
 CACAG
 ACAGT
 CAGTG
 AGTGC
 GTGCT
 TGCTG
 GCTGC
 CTGCA
 TGCAG
 GCAGA
 CAGAT
 AGATG
 GATGC
 ATGCG
 TGCGG
 GCGGT
 CGGTC
 GGTCA
 GTCAG
 TCAGT
 CAGTA
 AGTAG
 GTAGC
 TAGCA
 AGCAA
 GCAAC
 CAACC
 AACCG
 ACCGC
 CCGCA
 CGCAA
 GCAAG
 CAAGC
 AAGCT
 AGCTG
 GCTGG
 CTGGA
 TGGAA
 GGAAA
 GAAAG
 AAAGG
 AAGGA
 AGGAA
 GGAAA
 GAAAC
 AAACA
 AACAA
 ACAAA
 CAAAG
 AAAGT
 AAGTT
 AGTTG
 GTTGG
 TTGGG
 TGGGT
 GGGTG
 GGTGT
 GTGTA
 TGTAA
 GTAAT
 TAATC
 AATCC
 ATCCA
 TCCAT
 CCATT
 CATTC
 ATTCC
 TTCCA
 TCCAG
 CCAGT
 CAGTT
 AGTTC
 GTTCA
 TTCAC
 TCACA
 CACAC
 ACACG
 CACGT
 ACGTT
 CGTTT
 GTTTC
 TTTCA
 TTCAC
 TCACC
 CACCA
 ACCAG
 CCAGG
 CAGGG
 AGGGA
 GGGAC
 GGACA
 GACAG
 ACAGC
 CAGCC
 AGCCT
 GCCTC
 CCTCC
 CTCCA
 TCCAA
 CCAAG
 CAAGC
 AAGCC
 AGCCT
 GCCTT
 CCTTG
 CTTGA
 TTGAA
 TGAAT
 GAATA
 AATAC
 ATACT
 TACTT
 ACTTA
 CTTAT
 TTATG
 TATGT
 ATGTA
 TGTAC
 GTACG
 TACGC
 ACGCA
 CGCAT
 GCATT
 CATTT
 ATTTA
 TTTAT
 TTATC
 TATCC
 ATCCA
 TCCAT
 CCATT
 CATTT
 ATTTC
 TTTCT
 TTCTT
 TCTTT
 CTTTA
 TTTAA
 TTAAC
 TAACC
 AACCA
 ACCAA
 CCAAC
 CAACC
 AACCA
 ACCAC
 CCACT
 CACTA
 ACTAC
 CTACT
 TACTA
 ACTAA
 CTAAC
 TAACG
 AACGC
 ACGCC
 CGCCT
 GCCTA
 CCTAC
 CTACC
 TACCA
 ACCAA
 CCAAA
 CAAAG
 AAAGG
 AAGGC
 AGGCC
 GGCCA
 GCCAG
 CCAGA
 CAGAC
 AGACA
 GACAC
 ACACT
 CACTG
 ACTGC
 CTGCT
 TGCTC
 GCTCG
 CTCGA
 TCGAA
 CGAAG
 GAAGT
 AAGTA
 AGTAC
 GTACT
 TACTT
 ACTTT
 CTTTA
 TTTAC
 TTACG
 TACGG
 ACGGA
 CGGAT
 GGATG
 GATGT
 ATGTG
 TGTGA
 GTGAA
 TGAAA
 GAAAT
 AAATA
 AATAT
 ATATC
 TATCC
 ATCCT
 TCCTC
 CCTCT
 CTCTA
 TCTAA
 CTAAC
 TAACC
 AACCT
 ACCTT
 CCTTT
 CTTTA
 TTTAC
 TTACG
 TACGC
 ACGCT
 CGCTC
 GCTCG
 CTCGC
 TCGCC
 CGCCT
 GCCTA
 CCTAC
 CTACG
 TACGG
 ACGGA
 CGGAG
 GGAGT
 GAGTG
 AGTGT
 GTGTG
 TGTGT
 GTGTA
 TGTAT
 GTATG
 TATGA
 ATGAT
 TGATA
 GATAA
 ATAAT
 TAATC
 AATCA
 ATCAT
 TCATC
 CATCC
 ATCCC
 TCCCC
 CCCCG
 CCCGT
 CCGTT
 CGTTC
 GTTCT
 TTCTA
 TCTAC
 CTACA
 TACAG
 ACAGA
 CAGAT
 AGATC
 GATCA
 ATCAG
 TCAGG
 CAGGA
 AGGAA
 GGAAA
 GAAAC
 AAACT
 AACTG
 ACTGA
 CTGAC
 TGACA
 GACAC
 ACACG
 CACGC
 ACGCA
 CGCAG
 GCAGA
 CAGAA
 AGAAT
 GAATG
 AATGG
 ATGGT
 TGGTA
 GGTAC
 GTACA
 TACAG
 ACAGT
 CAGTA
 AGTAA
 GTAAC
 TAACT
 AACTT
 ACTTG
 CTTGC
 TTGCC
 TGCCC
 GCCCA
 CCCAA
 CCAAG
 CAAGT
 AAGTT
 AGTTC
 GTTCA
 TTCAC
 TCACA
 CACAC
 ACACA
 CACAG
 ACAGC
 CAGCC
 AGCCC
 GCCCG
 CCCGT
 CCGTA
 CGTAG
 GTAGG
 TAGGC
 AGGCG
 GGCGG
 GCGGC
 CGGCA
 GGCAG
 GCAGA
 CAGAG
 AGAGC
 GAGCC
 AGCCA
 GCCAG
 CCAGG
 CAGGA
 AGGAC
 GGACC
 GACCC
 ACCCA
 CCCAT
 CCATT
 CATTT
 ATTTG
 TTTGA
 TTGAC
 TGACA
 GACAG
 ACAGA
 CAGAG
 AGAGT
 GAGTC
 AGTCT
 GTCTG
 TCTGG
 CTGGC
 TGGCC
 GGCCC
 GCCCC
 CCCCA
 CCCAG
 CCAGA
 CAGAG
 AGAGT
 GAGTC
 AGTCC
 GTCCA
 TCCAC
 CCACG
 CACGT
 ACGTG
 CGTGC
 GTGCT
 TGCTG
 GCTGA
 CTGAA
 TGAAT
 GAATC
 AATCA
 ATCAC
 TCACC
 CACCA
 ACCAC
 CCACG
 CACGC
 ACGCT
 CGCTT
 GCTTA
 CTTAG
 TTAGT
 TAGTC
 AGTCT
 GTCTC
 TCTCC
 CTCCA
 TCCAA
 CCAAA
 CAAAA
 AAAAA
 AAAAC
 AAACC
 AACCT
 ACCTG
 CCTGT
 CTGTA
 TGTAG
 GTAGA
 TAGAA
 AGAAA
 GAAAG
 AAAGC
 AAGCG
 AGCGC
 GCGCC
 CGCCA
 GCCAG
 CCAGG
 CAGGC
 AGGCT
 GGCTT
 GCTTA
 CTTAA
 TTAAT
 TAATC
 AATCG
 ATCGA
 TCGAA
 CGAAA
 GAAAA
 AAAAG
 AAAGT
 AAGTT
 AGTTT
 GTTTT
 TTTTG
 TTTGT
 TTGTT
 TGTTT
 GTTTT
 TTTTC
 TTTCC
 TTCCC
 TCCCC
 CCCCA
 CCCAC
 CCACC
 CACCC
 ACCCC
 CCCCA
 CCCAG
 CCAGC
 CAGCC
 AGCCT
 GCCTA
 CCTAC
 CTACA
 TACAG
 ACAGT
 CAGTC
 AGTCC
 GTCCC
 TCCCT
 CCCTA
 CCTAC
 CTACG
 TACGC
 ACGCG
 CGCGG
 GCGGC
 CGGCC
 GGCCC
 GCCCC
 CCCCA
 CCCAG
 CCAGT
 CAGTC
 AGTCT
 GTCTC
 TCTCC
 CTCCA
 TCCAG
 CCAGG
 CAGGG
 AGGGC
 GGGCA
 GGCAT
 GCATT
 CATTC
 ATTCT
 TTCTT
 TCTTT
 CTTTC
 TTTCA
 TTCAG
 TCAGC
 CAGCT
 AGCTC
 GCTCC
 CTCCT
 TCCTC
 CCTCT
 CTCTG
 TCTGA
 CTGAC
 TGACA
 GACAG
 ACAGG
 CAGGC
 AGGCC
 GGCCA
 GCCAT
 CCATG
 CATGC
 ATGCT
 TGCTC
 GCTCC
 CTCCT
 TCCTC
 CCTCC
 CTCCC
 TCCCT
 CCCTT
 CCTTG
 CTTGC
 TTGCC
 TGCCC
 GCCCT
 CCCTG
 CCTGT
 CTGTC
 TGTCC
 GTCCC
 TCCCA
 CCCAA
 CCAAC
 CAACA
 AACAC
 ACACT
 CACTC
 ACTCT
 CTCTC
 TCTCC
 CTCCC
 TCCCG
 CCCGC
 CCGCA
 CGCAC
 GCACA
 CACAA
 ACAAG
 CAAGT
 AAGTC
 AGTCC
 GTCCT
 TCCTC
 CCTCC
 CTCCT
 TCCTT
 CCTTT
 CTTTT
 TTTTC
 TTTCT
 TTCTT
 TCTTT
 CTTTT
 TTTTA
 TTTAG
 TTAGG
 TAGGC
 AGGCA
 GGCAT
 GCATC
 CATCC
 ATCCG
 TCCGC
 CCGCT
 CGCTC
 GCTCT
 CTCTC
 TCTCG
 CTCGG
 TCGGC
 CGGCT
 GGCTT
 GCTTC
 CTTCC
 TTCCA
 TCCAC
 CCACA
 CACAT
 ACATC
 CATCA
 ATCAC
 TCACT
 CACTG
 ACTGC
 CTGCC
 TGCCT
 GCCTA
 CCTAA
 CTAAG
 TAAGT
 AAGTC
 AGTCA
 GTCAC
 TCACA
 CACAA
 ACAAG
 CAAGG
 AAGGT
 AGGTC
 GGTCT
 GTCTA
 TCTAA
 CTAAC
 TAACA
 AACAG
 ACAGT
 CAGTA
 AGTAA
 GTAAA
 TAAAT
 AAATG
 AATGC
 ATGCT
 TGCTG
 GCTGC
 CTGCA
 TGCAT
 GCATT
 CATTT
 ATTTC
 TTTCT
 TTCTC
 TCTCA
 CTCAG
 TCAGC
 CAGCA
 AGCAC
 GCACT
 CACTC
 ACTCA
 CTCAA
 TCAAC
 CAACA
 AACAC
 ACACA
 CACAA
 ACAAA
 CAAAA
 AAAAT
 AAATT
 AATTG
 ATTGC
 TTGCT
 TGCTT
 GCTTT
 CTTTT
 TTTTA
 TTTAC
 TTACG
 TACGT
 ACGTA
 CGTAC
 GTACC
 TACCT
 ACCTC
 CCTCC
 CTCCT
 TCCTA
 CCTAG
 CTAGG
 TAGGT
 AGGTA
 GGTAA
 GTAAT
 TAATT
 AATTA
 ATTAG
 TTAGT
 TAGTT
 AGTTG
 GTTGC
 TTGCT
 TGCTG
 GCTGC
 CTGCC
 TGCCT
 GCCTG
 CCTGT
 CTGTC
 TGTCT
 GTCTG
 TCTGT
 CTGTC
 TGTCC
 GTCCT
 TCCTT
 CCTTT
 CTTTC
 TTTCC
 TTCCA
 TCCAA
 CCAAC
 CAACT
 AACTA
 ACTAG
 CTAGG
 TAGGC
 AGGCT
 GGCTG
 GCTGT
 CTGTG
 TGTGA
 GTGAG
 TGAGG
 GAGGT
 AGGTC
 GGTCC
 GTCCC
 TCCCG
 CCCGT
 CCGTA
 CGTAC
 GTACG
 TACGT
 ACGTC
 CGTCA
 GTCAA
 TCAAA
 CAAAC
 AAACA
 AACAG
 ACAGC
 CAGCC
 AGCCT
 GCCTG
 CCTGT
 CTGTC
 TGTCA
 GTCAG
 TCAGT
 CAGTC
 AGTCT
 GTCTT
 TCTTG
 CTTGC
 TTGCT
 TGCTC
 GCTCA
 CTCAC
 TCACC
 CACCA
 ACCAA
 CCAAG
 CAAGT
 AAGTG
 AGTGT
 GTGTC
 TGTCC
 GTCCA
 TCCAG
 CCAGA
 CAGAC
 AGACC
 GACCA
 ACCAC
 CCACT
 CACTG
 ACTGG
 CTGGA
 TGGAC
 GGACA
 GACAC
 ACACG
 CACGC
 ACGCA
 CGCAC
 GCACC
 CACCG
 ACCGA
 CCGAC
 CGACC
 GACCA
 ACCAG
 CCAGA
 CAGAG
 AGAGG
 GAGGA
 AGGAA
 GGAAA
 GAAAG
 AAAGG
 AAGGA
 AGGAA
 GGAAG
 GAAGG
 AAGGA
 AGGAC
 GGACC
 GACCG
 ACCGG
 CCGGT
 CGGTC
 GGTCC
 GTCCC
 TCCCC
 CCCCA
 CCCAA
 CCAAG
 CAAGT
 AAGTC
 AGTCA
 GTCAA
 TCAAC
 CAACT
 AACTC
 ACTCT
 CTCTC
 TCTCC
 CTCCA
 TCCAG
 CCAGA
 CAGAC
 AGACT
 GACTT
 ACTTT
 CTTTC
 TTTCT
 TTCTG
 TCTGT
 CTGTG
 TGTGG
 GTGGA
 TGGAA
 GGAAG
 GAAGG
 AAGGA
 AGGAG
 GGAGG
 GAGGG
 AGGGA
 GGGAA
 GGAAC
 GAACG
 AACGA
 ACGAA
 CGAAC
 GAACG
 AACGG
 ACGGA
 CGGAG
 GGAGC
 GAGCA
 AGCAC
 GCACC
 CACCC
 ACCCT
 CCCTC
 CCTCG
 CTCGA
 TCGAG
 CGAGC
 GAGCC
 AGCCT
 GCCTC
 CCTCA
 CTCAC
 TCACG
 CACGC
 ACGCT
 CGCTT
 GCTTT
 CTTTC
 TTTCT
 TTCTT
 TCTTT
 CTTTG
 TTTGC
 TTGCC
 TGCCA
 GCCAG
 CCAGA
 CAGAC
 AGACT
 GACTT
 ACTTT
 CTTTC
 TTTCA
 TTCAA
 TCAAG
 CAAGT
 AAGTG
 AGTGT
 GTGTG
 TGTGG
 GTGGG
 TGGGA
 GGGAC
 GGACA
 GACAC
 ACACA
 CACAT
 ACATA
 CATAC
 ATACC
 TACCT
 ACCTG
 CCTGT
 CTGTG
 TGTGC
 GTGCT
 TGCTC
 GCTCA
 CTCAC
 TCACA
 CACAA
 ACAAT
 CAATG
 AATGC
 ATGCT
 TGCTC
 GCTCC
 CTCCC
 TCCCC
 CCCCG
 CCCGG
 CCGGA
 CGGAC
 GGACA
 GACAG
 ACAGA
 CAGAC
 AGACC
 GACCC
 ACCCC
 CCCCA
 CCCAC
 CCACT
 CACTG
 ACTGC
 CTGCA
 TGCAC
 GCACC
 CACCC
 ACCCC
 CCCCT
 CCCTA
 CCTAT
 CTATC
 TATCA
 ATCAG
 TCAGG
 CAGGT
 AGGTA
 GGTAG
 GTAGA
 TAGAC
 AGACC
 GACCT
 ACCTC
 CCTCT
 CTCTG
 TCTGC
 CTGCA
 TGCAC
 GCACA
 CACAG
 ACAGG
 CAGGC
 AGGCA
 GGCAA
 GCAAG
 CAAGG
 AAGGC
 AGGCC
 GGCCT
 GCCTT
 CCTTT
 CTTTG
 TTTGG
 TTGGA
 TGGAA
 GGAAA
 GAAAG
 AAAGC
 AAGCA
 AGCAC
 GCACC
 CACCG
 ACCGG
 CCGGC
 CGGCT
 GGCTC
 GCTCT
 CTCTG
 TCTGC
 CTGCA
 TGCAC
 GCACA
 CACAC
 ACACA
 CACAA
 ACAAA
 CAAAT
 AAATA
 AATAT
 ATATT
 TATTA
 ATTAT
 TTATG
 TATGT
 ATGTG
 TGTGG
 GTGGC
 TGGCC
 GGCCC
 GCCCT
 CCCTC
 CCTCG
 CTCGA
 TCGAC
 CGACA
 GACAG
 ACAGG
 CAGGC
 AGGCC
 GGCCA
 GCCAC
 CCACT
 CACTT
 ACTTC
 CTTCC
 TTCCC
 TCCCC
 CCCCT
 CCCTG
 CCTGA
 CTGAA
 TGAAC
 GAACC
 AACCG
 ACCGG
 CCGGC
 CGGCC
 GGCCT
 GCCTG
 CCTGA
 CTGAG
 TGAGC
 GAGCT
 AGCTT
 GCTTC
 CTTCA
 TTCAG
 TCAGG
 CAGGG
 AGGGC
 GGGCC
 GGCCA
 GCCAC
 CCACA
 CACAA
 ACAAG
 CAAGA
 AAGAG
 AGAGG
 GAGGC
 AGGCT
 GGCTT
 GCTTC
 CTTCG
 TTCGT
 TCGTG
 CGTGA
 GTGAA
 TGAAG
 GAAGA
 AAGAC
 AGACC
 GACCC
 ACCCC
 CCCCA
 CCCAA
 CCAAC
 CAACG
 AACGG
 ACGGA
 CGGAA
 GGAAC
 GAACG
 AACGT
 ACGTA
 CGTAG
 GTAGC
 TAGCC
 AGCCT
 GCCTC
 CCTCG
 CTCGA
 TCGAA
 CGAAA
 GAAAA
 AAAAG
 AAAGA
 AAGAG
 AGAGG
 GAGGG
 AGGGA
 GGGAG
 GGAGA
 GAGAC
 AGACC
 GACCT
 ACCTG
 CCTGC
 CTGCA
 TGCAC
 GCACT
 CACTC
 ACTCC
 CTCCT
 TCCTC
 CCTCA
 CTCAG
 TCAGA
 CAGAA
 AGAAC
 GAACG
 AACGC
 ACGCA
 CGCAT
 GCATG
 CATGG
 ATGGA
 TGGAG
 GGAGA
 GAGAC
 AGACC
 GACCA
 ACCAG
 CCAGT
 CAGTG
 AGTGT
 GTGTC
 TGTCG
 GTCGT
 TCGTT
 CGTTA
 GTTAC
 TTACC
 TACCG
 ACCGA
 CCGAC
 CGACG
 GACGT
 ACGTC
 CGTCG
 GTCGC
 TCGCG
 CGCGT
 GCGTC
 CGTCT
 GTCTG
 TCTGT
 CTGTC
 TGTCC
 GTCCT
 TCCTT
 CCTTC
 CTTCC
 TTCCA
 TCCAA
 CCAAG
 CAAGA
 AAGAA
 AGAAG
 GAAGC
 AAGCC
 AGCCA
 GCCAA
 CCAAG
 CAAGA
 AAGAC
 AGACC
 GACCA
 ACCAC
 CCACG
 CACGG
 ACGGG
 CGGGT
 GGGTG
 GGTGC
 GTGCC
 TGCCG
 GCCGC
 CCGCT
 CGCTT
 GCTTC
 CTTCA
 TTCAG
 TCAGC
 CAGCG
 AGCGC
 GCGCC
 CGCCC
 GCCCG
 CCCGA
 CCGAC
 CGACT
 GACTC
 ACTCC
 CTCCC
 TCCCG
 CCCGG
 CCGGG
 CGGGC
 GGGCA
 GGCAC
 GCACC
 CACCG
 ACCGC
 CCGCA
 CGCAT
 GCATC
 CATCC
 ATCCC
 TCCCC
 CCCCA
 CCCAG
 CCAGG
 CAGGC
 AGGCT
 GGCTG
 GCTGG
 CTGGC
 TGGCC
 GGCCC
 GCCCC
 CCCCT
 CCCTG
 CCTGG
 CTGGG
 TGGGC
 GGGCA
 GGCAG
 GCAGG
 CAGGT
 AGGTG
 GGTGC
 GTGCC
 TGCCC
 GCCCG
 CCCGG
 CCGGC
 CGGCA
 GGCAC
 GCACA
 CACAC
 ACACA
 CACAC
 ACACC
 CACCG
 ACCGC
 CCGCC
 CGCCC
 GCCCG
 CCCGT
 CCGTT
 CGTTC
 GTTCC
 TTCCA
 TCCAC
 CCACG
 CACGA
 ACGAA
 CGAAC
 GAACG
 AACGC
 ACGCG
 CGCGT
 GCGTG
 CGTGA
 GTGAA
 TGAAG
 GAAGG
 AAGGG
 AGGGC
 GGGCA
 GGCAC
 GCACG
 CACGA
 ACGAA
 CGAAG
 GAAGA
 AAGAG
 AGAGA
 GAGAC
 AGACC
 GACCC
 ACCCC
 CCCCC
 CCCCT
 CCCTC
 CCTCG
 CTCGC
 TCGCT
 CGCTC
 GCTCC
 CTCCC
 TCCCC
 CCCCG
 CCCGC
 CCGCG
 CGCGC
 GCGCC
 CGCCG
 GCCGC
 CCGCA
 CGCAC
 GCACA
 CACAG
 ACAGC
 CAGCT
 AGCTG
 GCTGT
 CTGTC
 TGTCC
 GTCCC
 TCCCG
 CCCGC
 CCGCC
 CGCCA
 GCCAC
 CCACC
 CACCT
 ACCTG
 CCTGA
 CTGAC
 TGACG
 GACGG
 ACGGG
 CGGGC
 GGGCA
 GGCAC
 GCACC
 CACCT
 ACCTC
 CCTCT
 CTCTC
 TCTCG
 CTCGG
 TCGGC
 CGGCG
 GGCGC
 GCGCA
 CGCAC
 GCACA
 CACAA
 ACAAG
 CAAGC
 AAGCC
 AGCCT
 GCCTA
 CCTAT
 CTATT
 TATTC
 ATTCC
 TTCCT
 TCCTC
 CCTCA
 CTCAG
 TCAGG
 CAGGG
 AGGGA
 GGGAC
 GGACA
 GACAC
 ACACG
 CACGC
 ACGCT
 CGCTC
 GCTCG
 CTCGC
 TCGCC
 CGCCT
 GCCTC
 CCTCC
 CTCCC
 TCCCA
 CCCAC
 CCACC
 CACCA
 ACCAG
 CCAGC
 CAGCC
 AGCCC
 GCCCC
 CCCCC
 CCCCA
 CCCAG
 CCAGG
 CAGGC
 AGGCC
 GGCCC
 GCCCA
 CCCAC
 CCACG
 CACGC
 ACGCC
 CGCCC
 GCCCC
 CCCCC
 CCCCA
 CCCAG
 CCAGG
 CAGGT
 AGGTA
 GGTAC
 GTACC
 TACCT
 ACCTC
 CCTCT
 CTCTC
 TCTCC
 CTCCC
 TCCCA
 CCCAG
 CCAGA
 CAGAC
 AGACG
 GACGG
 ACGGA
 CGGAA
 GGAAT
 GAATC
 AATCC
 ATCCT
 TCCTC
 CCTCT
 CTCTT
 TCTTC
 CTTCG
 TTCGC
 TCGCA
 CGCAG
 GCAGG
 CAGGC
 AGGCG
 GGCGC
 GCGCC
 CGCCC
 GCCCT
 CCCTG
 CCTGG
 CTGGT
 TGGTC
 GGTCG
 GTCGT
 TCGTC
 CGTCC
 GTCCG
 TCCGT
 CCGTG
 CGTGT
 GTGTC
 TGTCC
 GTCCG
 TCCGG
 CCGGC
 CGGCA
 GGCAG
 GCAGG
 CAGGC
 AGGCA
 GGCAG
 GCAGG
 CAGGA
 AGGAA
 GGAAG
 GAAGA
 AAGAG
 AGAGC
 GAGCG
 AGCGG
 GCGGG
 CGGGA
 GGGAG
 GGAGC
 GAGCT
 AGCTG
 GCTGA
 CTGAA
 TGAAG
 GAAGG
 AAGGA
 AGGAC
 GGACG
 GACGG
 ACGGC
 CGGCC
 GGCCT
 GCCTC
 CCTCC
 CTCCT
 TCCTC
 CCTCA
 CTCAG
 TCAGG
 CAGGC
 AGGCT
 GGCTA
 GCTAG
 CTAGC
 TAGCG
 AGCGG
 GCGGC
 CGGCC
 GGCCG
 GCCGG
 CCGGC
 CGGCC
 GGCCG
 GCCGT
 CCGTG
 CGTGG
 GTGGC
 TGGCT
 GGCTG
 GCTGT
 CTGTG
 TGTGG
 GTGGA
 TGGAA
 GGAAG
 GAAGG
 AAGGC
 AGGCC
 GGCCC
 GCCCG
 CCCGG
 CCGGG
 CGGGC
 GGGCT
 GGCTG
 GCTGC
 CTGCT
 TGCTG
 GCTGT
 CTGTG
 TGTGC
 GTGCC
 TGCCC
 GCCCA
 CCCAG
 CCAGC
 CAGCG
 AGCGG
 GCGGG
 CGGGG
 GGGGA
 GGGAC
 GGACA
 GACAC
 ACACG
 CACGG
 ACGGA
 CGGAG
 GGAGC
 GAGCG
 AGCGG
 GCGGC
 CGGCG
 GGCGT
 GCGTC
 CGTCC
 GTCCA
 TCCAC
 CCACG
 CACGG
 ACGGA
 CGGAC
 GGACG
 GACGC
 ACGCC
 CGCCG
 GCCGG
 CCGGG
 CGGGG
 GGGGC
 GGGCA
 GGCAA
 GCAAC
 CAACG
 AACGG
 ACGGA
 CGGAC
 GGACG
 GACGA
 ACGAG
 CGAGC
 GAGCC
 AGCCC
 GCCCG
 CCCGG
 CCGGC
 CGGCC
 GGCCC
 GCCCG
 CCCGG
 CCGGG
 CGGGA
 GGGAG
 GGAGA
 GAGAG
 AGAGA
 GAGAG
 AGAGC
 GAGCA
 AGCAG
 GCAGC
 CAGCA
 AGCAG
 GCAGA
 CAGAG
 AGAGC
 GAGCG
 AGCGC
 GCGCG
 CGCGG
 GCGGC
 CGGCC
 GGCCG
 GCCGG
 CCGGA
 CGGAC
 GGACT
 GACTC
 ACTCC
 CTCCG
 TCCGC
 CCGCC
 CGCCG
 GCCGG
 CCGGG
 CGGGG
 GGGGC
 GGGCT
 GGCTC
 GCTCG
 CTCGG
 TCGGC
 CGGCT
 GGCTC
 GCTCT
 CTCTG
 TCTGG
 CTGGG
 TGGGC
 GGGCA
 GGCAG
 GCAGG
 CAGGC
 AGGCA
 GGCAG
 GCAGG
 CAGGC
 AGGCG
 GGCGC
 GCGCG
 CGCGG
 GCGGC
 CGGCT
 GGCTG
 GCTGG
 CTGGC
 TGGCC
 GGCCG
 GCCGA
 CCGAC
 CGACG
 GACGC
 ACGCC
 CGCCT
 GCCTC
 CCTCC
 CTCCC
 TCCCC
 CCCCG
 CCCGG
 CCGGA
 CGGAC
 GGACG
 GACGG
 ACGGC
 CGGCG
 GGCGG
 GCGGC
 CGGCC
 GGCCC
 GCCCA
 CCCAG
 CCAGC
 CAGCA
 AGCAG
 GCAGC
 CAGCC
 AGCCG
 GCCGC
 CCGCG
 CGCGC
 GCGCG
 CGCGC
 GCGCT
 CGCTC
 GCTCC
 CTCCC
 TCCCC
 CCCCG
 CCCGC
 CCGCG
 CGCGC
 GCGCG
 CGCGC
 GCGCG
 CGCGC
 GCGCC
 CGCCG
 GCCGC
 CCGCC
 CGCCG
 GCCGC
 CCGCC
 CGCCC
 GCCCC
 CCCCC
 CCCCA
 CCCAC
 CCACG
 CACGC
 ACGCT
 CGCTC
 GCTCC
 CTCCC
 TCCCC
 CCCCA
 CCCAG
 CCAGC
 CAGCC
 AGCCG
 GCCGC
 CCGCT
 CGCTG
 GCTGC
 CTGCC
 TGCCC
 GCCCC
 CCCCG
 CCCGC
 CCGCC
 CGCCC
 GCCCC
 CCCCC
 CCCCC
 CCCCC
 CCCCT
 CCCTC
 CCTCC
 CTCCG
 TCCGG
 CCGGC
 CGGCG
 GGCGG
 GCGGT
 CGGTG
 GGTGG
 GTGGA
 TGGAC
 GGACT
 GACTG
 ACTGC
 CTGCG
 TGCGG
 GCGGA
 CGGAC
 GGACA
 GACAG
 ACAGC
 CAGCC
 AGCCA
 GCCAC
 CCACA
 CACAG
 ACAGG
 CAGGG
 AGGGA
 GGGAC
 GGACA
 GACAC
 ACACC
 CACCC
 ACCCT
 CCCTC
 CCTCC
 CTCCT
 TCCTG
 CCTGG
 CTGGG
 TGGGA
 GGGAG
 GGAGA
 GAGAA
 AGAAC
 GAACT
 AACTC
 ACTCC
 CTCCT
 TCCTG
 CCTGG
 CTGGG
 TGGGG
 GGGGC
 GGGCC
 GGCCC
 GCCCC
 CCCCG
 CCCGC
 CCGCC
 CGCCC
 GCCCA
 CCCAC
 CCACA
 CACAC
 ACACG
 CACGC
 ACGCT
 CGCTG
 GCTGC
 CTGCT
 TGCTT
 GCTTC
 CTTCG
 TTCGG
 TCGGC
 CGGCC
 GGCCC
 GCCCT
 CCCTC
 CCTCC
 CTCCG
 TCCGC
 CCGCG
 CGCGG
 GCGGA
 CGGAG
 GGAGC
 GAGCG
 AGCGG
 GCGGC
 CGGCC
 GGCCA
 GCCAG
 CCAGG
 CAGGT
 AGGTG
 GGTGC
 GTGCG
 TGCGC
 GCGCT
 CGCTG
 GCTGA
 CTGAC
 TGACA
 GACAG
 ACAGG
 CAGGG
 AGGGA
 GGGAC
 GGACG
 GACGC
 ACGCA
 CGCAG
 GCAGG
 CAGGG
 AGGGG
 GGGGC
 GGGCC
 GGCCC
 GCCCC
 CCCCG
 CCCGC
 CCGCT
 CGCTA
 GCTAC
 CTACG
 TACGC
 ACGCT
 CGCTG
 GCTGG
 CTGGC
 TGGCT
 GGCTC
 GCTCT
 CTCTC
 TCTCG
 CTCGG
 TCGGG
 CGGGG
 GGGGG
 GGGGA
 GGGAA
 GGAAC
 GAACT
 AACTG
 ACTGC
 CTGCA
 TGCAG
 GCAGC
 CAGCC
 AGCCT
 GCCTC
 CCTCC
 CTCCT
 TCCTC
 CCTCG
 CTCGG
 TCGGG
 CGGGT
 GGGTT
 GGTTT
 GTTTG
 TTTGA
 TTGAC
 TGACT
 GACTT
 ACTTG
 CTTGA
 TTGAA
 TGAAT
 GAATG
 AATGT
 ATGTC
 TGTCA
 GTCAC
 TCACA
 CACAC
 ACACC
 CACCC
 ACCCG
 CCCGA
 CCGAA
 CGAAA
 GAAAC
 AAACC
 AACCA
 ACCAT
 CCATG
 CATGC
 ATGCA
 TGCAA
 GCAAC
 CAACG
 AACGC
 ACGCC
 CGCCC
 GCCCA
 CCCAC
 CCACA
 CACAA
 ACAAG
 CAAGA
 AAGAA
 AGAAA
 GAAAG
 AAAGC
 AAGCA
 AGCAT
 GCATA
 CATAG
 ATAGG
 TAGGC
 AGGCA
 GGCAG
 GCAGT
 CAGTA
 AGTAT
 GTATG
 TATGC
 ATGCT
 TGCTC
 GCTCT
 CTCTT
 TCTTT
 CTTTG
 TTTGA
 TTGAC
 TGACA
 GACAT
 ACATC
 CATCA
 ATCAG
 TCAGT
 CAGTC
 AGTCT
 GTCTT
 TCTTA
 CTTAG
 TTAGC
 TAGCA
 AGCAG
 GCAGC
 CAGCC
 AGCCT
 GCCTA
 CCTAG
 CTAGT
 TAGTT
 AGTTT
 GTTTC
 TTTCA
 TTCAA
 TCAAG
 CAAGT
 AAGTA
 AGTAC
 GTACC
 TACCA
 ACCAC
 CCACG
 CACGT
 ACGTC
 CGTCT
 GTCTG
 TCTGA
 CTGAC
 TGACT
 GACTG
 ACTGG
 CTGGG
 TGGGC
 GGGCA
 GGCAA
 GCAAT
 CAATG
 AATGC
 ATGCA
 TGCAA
 GCAAA
 CAAAC
 AAACA
 AACAA
 ACAAA
 CAAAA
 AAAAC
 AAACA
 AACAC
 ACACA
 CACAA
 ACAAA
 CAAAA
 AAAAG
 AAAGG
 AAGGA
 AGGAA
 GGAAC
 GAACA
 AACAA
 ACAAA
 CAAAT
 AAATG
 AATGG
 ATGGG
 TGGGA
 GGGAC
 GGACT
 GACTA
 ACTAC
 CTACG
 TACGT
 ACGTC
 CGTCA
 GTCAA
 TCAAA
 CAAAG
 AAAGT
 AAGTA
 AGTAA
 GTAAA
 TAAAA
 AAAAG
 AAAGA
 AAGAA
 AGAAA
 GAAAT
 AAATC
 AATCT
 ATCTT
 TCTTC
 CTTCT
 TTCTG
 TCTGC
 CTGCA
 TGCAC
 GCACG
 CACGG
 ACGGC
 CGGCA
 GGCAA
 GCAAA
 CAAAG
 AAAGG
 AAGGA
 AGGAA
 GGAAA
 GAAAC
 AAACC
 AACCC
 ACCCT
 CCCTC
 CCTCC
 CTCCA
 TCCAC
 CCACA
 CACAA
 ACAAA
 CAAAA
 AAAAC
 AAACC
 AACCA
 ACCAA
 CCAAA
 CAAAA
 AAAAC
 AAACA
 AACAC
 ACACA
 CACAA
 ACAAC
 CAACC
 AACCT
 ACCTA
 CCTAA
 CTAAC
 TAACA
 AACAG
 ACAGC
 CAGCT
 AGCTG
 GCTGG
 CTGGC
 TGGCA
 GGCAG
 GCAGA
 CAGAA
 AGAAG
 GAAGA
 AAGAG
 AGAGA
 GAGAC
 AGACT
 GACTT
 ACTTG
 CTTGC
 TTGCA
 TGCAA
 GCAAA
 CAAAC
 AAACC
 AACCA
 ACCAT
 CCATA
 CATAT
 ATATA
 TATAT
 ATATC
 TATCG
 ATCGG
 TCGGA
 CGGAT
 GGATA
 GATAA
 ATAAG
 TAAGG
 AAGGG
 AGGGG
 GGGGT
 GGGTT
 GGTTT
 GTTTC
 TTTCT
 TTCTA
 TCTAG
 CTAGC
 TAGCC
 AGCCC
 GCCCA
 CCCAA
 CCAAA
 CAAAT
 AAATA
 AATAC
 ATACA
 TACAG
 ACAGA
 CAGAA
 AGAAA
 GAAAG
 AAAGA
 AAGAA
 AGAAC
 GAACT
 AACTC
 ACTCA
 CTCAC
 TCACA
 CACAC
 ACACA
 CACAG
 ACAGC
 CAGCT
 AGCTC
 GCTCA
 CTCAA
 TCAAC
 CAACA
 AACAA
 ACAAC
 CAACA
 AACAA
 ACAAC
 CAACA
 AACAA
 ACAAA
 CAAAA
 AAAAA
 AAAAT
 AAATC
 AATCA
 ATCAA
 TCAAC
 CAACA
 AACAA
 ACAAC
 CAACC
 AACCC
 ACCCA
 CCCAA
 CCAAT
 CAATT
 AATTA
 ATTAA
 TTAAA
 TAAAA
 AAAAA
 AAAAG
 AAAGA
 AAGAC
 AGACG
 GACGG
 ACGGG
 CGGGC
 GGGCA
 GGCAA
 GCAAA
 CAAAA
 AAAAG
 AAAGA
 AAGAT
 AGATC
 GATCT
 ATCTG
 TCTGA
 CTGAG
 TGAGC
 GAGCA
 AGCAG
 GCAGT
 CAGTG
 AGTGA
 GTGAT
 TGATC
 GATCT
 ATCTC
 TCTCT
 CTCTC
 TCTCC
 CTCCA
 TCCAA
 CCAAA
 CAAAG
 AAAGA
 AAGAA
 AGAAG
 GAAGA
 AAGAC
 AGACA
 GACAT
 ACATG
 CATGC
 ATGCG
 TGCGG
 GCGGA
 CGGAT
 GGATG
 GATGG
 ATGGC
 TGGCC
 GGCCA
 GCCAA
 CCAAC
 CAACA
 AACAG
 ACAGG
 CAGGC
 AGGCA
 GGCAA
 GCAAA
 CAAAT
 AAATG
 AATGG
 ATGGA
 TGGAA
 GGAAA
 GAAAG
 AAAGG
 AAGGT
 AGGTG
 GGTGC
 GTGCT
 TGCTC
 GCTCA
 CTCAA
 TCAAC
 CAACA
 AACAT
 ACATC
 CATCA
 ATCAT
 TCATT
 CATTA
 ATTAG
 TTAGC
 TAGCC
 AGCCA
 GCCAT
 CCATC
 CATCA
 ATCAG
 TCAGA
 CAGAG
 AGAGA
 GAGAA
 AGAAA
 GAAAG
 AAAGG
 AAGGC
 AGGCA
 GGCAG
 GCAGA
 CAGAT
 AGATC
 GATCA
 ATCAA
 TCAAA
 CAAAA
 AAAAC
 AAACT
 AACTA
 ACTAC
 CTACA
 TACAA
 ACAAG
 CAAGG
 AAGGA
 AGGAG
 GGAGA
 GAGAG
 AGAGG
 GAGGT
 AGGTC
 GGTCA
 GTCAC
 TCACC
 CACCT
(16072 rows)

 kmer  | count 
-------+-------
 CACAA |    62
 CAGGC |    60
 CCCCA |    60
 ACACA |    56
 CACAC |    54
 AGGCT |    54
 CAGCC |    54
 TCCTC |    52
 TCACA |    52
 GCCCC |    52
 CCCAG |    52
 GAAAG |    50
 CCTCC |    50
 ACAGC |    50
 CTGCA |    50
 AGCCT |    50
 CACAG |    48
 GGCCC |    48
 GGAAA |    48
 CAAAA |    48
 GCAGA |    48
 CCAGA |    46
 CAGAG |    46
 AAAGG |    46
 AAAAC |    46
 GGCAG |    44
 TCCCC |    44
 GGAGA |    44
 AAAAG |    44
 CTCCC |    44
 ACGGA |    44
 AGGGA |    44
 GGACA |    42
 CCAAG |    42
 CTCCT |    42
 ACTGC |    42
 CAACA |    42
 CGGCC |    42
 CCCAC |    40
 CCACG |    40
 GGGCA |    40
 ACCAA |    40
 CACGC |    40
 GCGGC |    40
 CCACA |    40
 AAAGA |    38
 TCTCC |    38
 CAGCT |    38
 AAACA |    38
 TGCAC |    38
 ACAAA |    38
 CTCTC |    38
 GCACA |    38
 AACAA |    38
 GACAC |    36
 CCAGG |    36
 GAAAA |    36
 AGGCA |    36
 AAGGA |    36
 ACACG |    36
 ACAAG |    36
 AAGGC |    36
 CTTTT |    36
 CAGGG |    36
 AAGCA |    36
 AGACC |    36
 CTGTG |    36
 TGCTC |    34
 TGGAA |    34
 GCACC |    34
 GCTCT |    34
 AACCA |    34
 TTTCT |    34
 AGAGG |    34
 GGGAG |    34
 AAACC |    34
 AACAC |    34
 TCTTT |    34
 ACGCA |    34
 AGCAG |    34
 GAGGG |    34
 AAATA |    34
 GCCTA |    32
 GCCCA |    32
 AAGAA |    32
 CTAAC |    32
 CACCA |    32
 CCGCC |    32
 TCAAC |    32
 CCAAA |    32
 GGCTT |    32
 AGCCC |    32
 AGGAA |    32
 CAGAA |    32
 TGACA |    32
 GCAGG |    32
 GTCTG |    32
 GACAG |    32
 CTAGG |    32
 GGGAC |    32
 CACTG |    32
 CTCAC |    32
 AGAAA |    32
 ACAGG |    32
 AGAGC |    32
 CCCCG |    32
 CGCCC |    32
 GCCTG |    32
 CTCTG |    32
 CAAGT |    30
 TCTGC |    30
 TCCAG |    30
 TCCAC |    30
 AAAGC |    30
 AACTA |    30
 GTGCC |    30
 AGCCA |    30
 CTGCC |    30
 GCTGT |    30
 GAAGA |    30
 CAGAC |    30
 GGCCA |    30
 CCTCA |    30
 GTGAA |    30
 ACTTT |    30
 CCTGG |    30
 CCGGC |    30
 GCCTC |    30
 ACAAC |    30
 AAGAG |    30
 GCTTC |    28
 CAAGA |    28
 CCCGG |    28
 GCCCG |    28
 CTCCA |    28
 GCAGC |    28
 TTTCA |    28
 AGGCC |    28
 GTCCC |    28
 TAAAA |    28
 CCCTC |    28
 ACGCT |    28
 TGGCC |    28
 TCCCA |    28
 CCCGC |    28
 GAGAG |    28
 CCTCT |    28
 GACGG |    28
 AGAGA |    28
 TTCCA |    28
 CTGTC |    28
 CAAAG |    28
 TCAGG |    28
 CCTGT |    28
 CCCCC |    28
 CCGTG |    28
 CCAAC |    28
 GGAAG |    28
 CCGGG |    26
 AAGCC |    26
 GAACG |    26
 TCTGA |    26
 CAAGG |    26
 GCTGC |    26
 CGGAC |    26
 CCCCT |    26
 TAATC |    26
 AGTCA |    26
 GGAGG |    26
 TTCTT |    26
 TGCCC |    26
 AACAG |    26
 GCCAG |    26
 TGAGG |    26
 CCTAC |    26
 GCTCC |    26
 CATTT |    26
 TCCAA |    26
 GGGAA |    26
 GCCCT |    26
 GGCTG |    26
 CACGG |    26
 CCAGC |    26
 GCTGG |    26
 CTGGG |    26
 GGCAA |    26
 CAGTA |    26
 TTTAA |    24
 CAGTC |    24
 AGCGG |    24
 GCCGC |    24
 CTGGA |    24
 GAGCG |    24
 TTTTC |    24
 CGCTC |    24
 GAGGA |    24
 CTACA |    24
 CAGAT |    24
 CTGAG |    24
 TGTCC |    24
 GAACT |    24
 CCCTA |    24
 AGCTG |    24
 AGGCG |    24
 CGCGC |    24
 AGGAG |    24
 TTCAC |    24
 CTTTG |    24
 ACCAG |    24
 GCAAA |    24
 GCTCA |    24
 TAGGT |    24
 CTCAG |    24
 CGGCT |    24
 CCCAA |    24
 ATTCT |    24
 GTGCT |    24
 CTTTC |    24
 GGTGC |    24
 CTGAC |    24
 AGTCC |    24
 CTGCT |    24
 GAAGG |    24
 GGCAC |    24
 AGGTG |    24
 GGACG |    24
 AAAAA |    24
 TGAAA |    24
 GCCAC |    24
 AAGAC |    24
 GAGAC |    24
 AGATT |    24
 ACAGA |    24
 TAGGC |    24
 CCCTG |    24
 CCAGT |    24
 GGCTC |    24
 AATCA |    24
 TAGCC |    22
 CGCAC |    22
 CTCGA |    22
 CTCGG |    22
 CTACT |    22
 CACAT |    22
 GTCAA |    22
 GCCAA |    22
 CACCC |    22
 ACACC |    22
 CCTCG |    22
 ATGGA |    22
 ACCCC |    22
 GAGCC |    22
 CGCTG |    22
 CGGCA |    22
 GAGGC |    22
 TGCTG |    22
 ACCAC |    22
 CTCCG |    22
 GCCGG |    22
 CAACC |    22
 AAAAT |    22
 CAACT |    22
 CCACT |    22
 CGGAG |    22
 TTTTA |    22
 TGGGA |    22
 ACACT |    22
 ATCCT |    22
 ACTCC |    22
 AAGTC |    22
 TGAAG |    22
 CAAGC |    20
 GGAGC |    20
 AGGGC |    20
 GCTTA |    20
 CGCAG |    20
 AATAA |    20
 TGCAG |    20
 AGATG |    20
 AACCC |    20
 TCAGT |    20
 GACTT |    20
 TGACT |    20
 CCGTT |    20
 ATCAC |    20
 TTTAC |    20
 CGCCT |    20
 ACCTC |    20
 GTCCA |    20
 AACTC |    20
 TACAG |    20
 TTTGA |    20
 CGGGG |    20
 CAACG |    20
 CGCCG |    20
 ACCCT |    20
 CACCG |    20
 TGTGA |    20
 AGAAC |    20
 GTGTC |    20
 TTGGA |    20
 TTCAG |    20
 GACCC |    20
 TGCCT |    20
 GAGTC |    20
 GCTTT |    20
 TGTCT |    20
 GACGC |    20
 TTAAA |    20
 CTACG |    20
 TTCTC |    20
 CTGGC |    20
 CAGGT |    20
 TGCTT |    20
 CTTGC |    20
 CCTGA |    20
 CAGTG |    20
 AGTCT |    20
 GCGCC |    20
 ACGCC |    20
 TTGAA |    20
 TCTCT |    20
 GCGCG |    20
 CACTC |    20
 TTTTT |    20
 TGTGC |    20
 CCCGT |    20
 GGCGG |    20
 ACATC |    20
 GGAAC |    20
 CTTAG |    20
 AGATC |    20
 TGCCA |    20
 ACAGT |    20
 GACTG |    20
 ACCTG |    20
 TGGAG |    20
 AGTGT |    20
 CAAAC |    20
 GTAAT |    18
 CAGCA |    18
 CTGAA |    18
 ACTCT |    18
 TGTGG |    18
 AGGAC |    18
 TCAAA |    18
 ATTAG |    18
 AACGC |    18
 TCACC |    18
 AGCAC |    18
 GCATT |    18
 CGGGA |    18
 TCCGC |    18
 ACTAA |    18
 AATCC |    18
 AAAGT |    18
 GCACT |    18
 AAACT |    18
 AGAAG |    18
 CCATT |    18
 TCCGT |    18
 ACGGC |    18
 TATTC |    18
 CCTAA |    18
 GGACT |    18
 CGGAA |    18
 AACGG |    18
 ATGCT |    18
 ATCCA |    18
 CACGA |    18
 GAAAT |    18
 CATCC |    18
 TCAAG |    18
 AATGG |    18
 CCATA |    18
 CCGCT |    18
 TACCA |    18
 ATAAA |    18
 AAGAT |    18
 AGCTC |    18
 CTCTA |    18
 GAGCA |    18
 ATGAC |    18
 TGGAC |    18
 GCTAC |    16
 GGTTT |    16
 GTGTA |    16
 GCGGA |    16
 CCTTT |    16
 AGGTC |    16
 TTATT |    16
 GTCCT |    16
 AGGGG |    16
 TCGAA |    16
 GTCTC |    16
 TAACA |    16
 AGAAT |    16
 GTATG |    16
 TTCAA |    16
 GACAT |    16
 CTTCC |    16
 CTTTA |    16
 GCTCG |    16
 GAATC |    16
 ATCAG |    16
 ACTAC |    16
 GGCCT |    16
 CAAAT |    16
 TAGAT |    16
 GGGGA |    16
 GTAGG |    16
 GAAAC |    16
 ATCAA |    16
 GACCA |    16
 CGAAA |    16
 CCCAT |    16
 AATGC |    16
 GGGTG |    16
 GGTGA |    16
 CATCA |    16
 GCCAT |    16
 TCCCG |    16
 GAATG |    16
 TTCTA |    16
 AGAGT |    16
 CGGGC |    16
 ATTCC |    16
 ACGGG |    16
 CCGCA |    16
 GCGTC |    16
 TCTCG |    16
 GTCAG |    16
 TAACC |    16
 TCGGC |    16
 TTACC |    16
 TTAGC |    16
 CTTCA |    16
 TCTGT |    16
 AGACT |    16
 AAGTT |    16
 CGTGA |    16
 GGGGC |    16
 TACTT |    16
 GGCCG |    16
 TTGCC |    16
 AACTG |    16
 GCAAC |    16
 ATCCC |    16
 ACTAT |    16
 AACCT |    16
 TTTGT |    16
 GGTCC |    16
 ACGTC |    16
 TACGC |    16
 CCGAC |    16
 CGGCG |    16
 CCTAG |    16
 TCCTG |    16
 GGCTA |    16
 AAGGT |    16
 AGACG |    16
 CGCGG |    16
 CCGCG |    16
 AGGTA |    16
 GTTTC |    16
 CGTCT |    14
 AAATG |    14
 GAAGC |    14
 GGGGG |    14
 GATAA |    14
 ATTTC |    14
 AGCAA |    14
 CCACC |    14
 CACCT |    14
 ACATG |    14
 TCGGG |    14
 TGTTT |    14
 GTACC |    14
 TCTAA |    14
 TGCAA |    14
 GTCAC |    14
 TAATT |    14
 CATTA |    14
 GAGAA |    14
 GTTAC |    14
 TCTAC |    14
 TTAGA |    14
 CAATG |    14
 AGTAG |    14
 GTGTG |    14
 GTAGA |    14
 ACTTG |    14
 ATTTG |    14
 TATTA |    14
 AAGTG |    14
 ATCAT |    14
 TTAGT |    14
 TGAAC |    14
 AGGTT |    14
 CCTGC |    14
 TACCT |    14
 ACATA |    14
 TTAAC |    14
 TATCA |    14
 AAGTA |    14
 TGTAT |    14
 GATCC |    14
 GTTTT |    14
 CTGTT |    14
 TTATG |    14
 TATCC |    14
 TTTCC |    14
 ATAAT |    14
 AATAC |    14
 TCAGC |    14
 ATTAA |    14
 GGAAT |    14
 ATAAG |    14
 TCAGA |    14
 AGCAT |    14
 ACCAT |    14
 GTGGA |    14
 CTCAA |    14
 AGACA |    14
 ATTTA |    14
 CGTGC |    12
 TACGT |    12
 TGGCT |    12
 CGACG |    12
 TTACG |    12
 ACTAG |    12
 AGCCG |    12
 AGTTG |    12
 ACTGT |    12
 CACGT |    12
 TCCTT |    12
 GCTGA |    12
 TGTTA |    12
 GACTC |    12
 TATGG |    12
 CGTGT |    12
 TCTAG |    12
 CGTTC |    12
 CATTC |    12
 GATCA |    12
 CATGC |    12
 AACGT |    12
 CCGGA |    12
 TGAAT |    12
 TTCTG |    12
 ACGCG |    12
 AAGGG |    12
 CTTCG |    12
 TACAT |    12
 CAGGA |    12
 TAACT |    12
 ACGTG |    12
 TGCGG |    12
 TATGT |    12
 ACCCA |    12
 GGTCT |    12
 ACTCA |    12
 ATTAT |    12
 CGAGC |    12
 CGCTT |    12
 AGTAA |    12
 AAATC |    12
 TCACT |    12
 GTGAC |    12
 TTCCC |    12
 ACGAA |    12
 GGATG |    12
 GTTTA |    12
 ATACA |    12
 CTATT |    12
 GTGAG |    12
 GTCTT |    12
 ACCGT |    12
 AGCGC |    12
 TCGAG |    12
 TACGG |    12
 TCCCT |    12
 GATGG |    12
 CGGAT |    12
 GGCGC |    12
 TTGAC |    12
 CGTGG |    12
 CTAAG |    12
 TGGTG |    12
 AATAT |    12
 TTGCA |    12
 ACCGC |    12
 TTTGG |    12
 ACTGG |    12
 TTGCT |    12
 AATCT |    12
 CGCAT |    12
 GATTC |    12
 GCCTT |    12
 ATGTG |    12
 ACAAT |    12
 TTTTG |    12
 GGGCC |    12
 ATGGC |    12
 TGGGC |    12
 TACTA |    12
 TCTGG |    12
 CCTTG |    12
 CATAG |    12
 GGCGT |    12
 CATAA |    12
 TATTT |    12
 CACTT |    12
 TGTGT |    12
 TGTAG |    12
 GCGCT |    12
 ATATC |    12
 ATGTA |    12
 CTCGC |    12
 TTTAT |    12
 TACAC |    12
 ACCGG |    12
 GCACG |    12
 CTCTT |    12
 GTTGG |    10
 ACTTC |    10
 GACGT |    10
 GTTCA |    10
 CGTAC |    10
 GCAAT |    10
 TGAGC |    10
 TGGGT |    10
 CTGGT |    10
 GAGGT |    10
 CACTA |    10
 CCATG |    10
 CATAT |    10
 TCCGG |    10
 GGTCA |    10
 GACCT |    10
 TAGTT |    10
 TTACA |    10
 GGGGT |    10
 GATGA |    10
 TAAGT |    10
 TGGTC |    10
 AACTT |    10
 GACTA |    10
 GTGGG |    10
 AATTA |    10
 TAAAC |    10
 GGAGT |    10
 TGACG |    10
 CGGGT |    10
 GAGCT |    10
 AGTAT |    10
 CTATC |    10
 GGACC |    10
 ATGCA |    10
 ATCTC |    10
 GTGGT |    10
 GGTGT |    10
 TCTCA |    10
 TCATT |    10
 CAATA |    10
 CCAAT |    10
 AATGT |    10
 GATGT |    10
 GATCT |    10
 GACAA |    10
 CTTGG |    10
 TGCCG |    10
 ACGTA |    10
 GCAGT |    10
 CTAGC |    10
 GATTG |    10
 AGTTT |    10
 TGTAA |    10
 AGTGA |    10
 TATGA |    10
 GCATC |    10
 ATACT |     8
 GGTAA |     8
 CTTCT |     8
 TAAAG |     8
 CCATC |     8
 TTGTG |     8
 ACCCG |     8
 GTTCC |     8
 AACCG |     8
 CCGTA |     8
 ACTGA |     8
 TCTTG |     8
 CGACT |     8
 TCGCC |     8
 GAAGT |     8
 CTAAA |     8
 ATATT |     8
 CCCTT |     8
 CCTAT |     8
 GTCGT |     8
 TCGAC |     8
 CGTTA |     8
 TTTGC |     8
 AGTTC |     8
 GTGAT |     8
 CGTTT |     8
 TCCAT |     8
 GTTAT |     8
 TGATC |     8
 AGTAC |     8
 AGCTA |     8
 GTAGC |     8
 CTGCG |     8
 CGTAG |     8
 ACGTT |     8
 CGCCA |     8
 GAGAT |     8
 ATTTT |     8
 GACCG |     8
 ATTGA |     8
 TGGAT |     8
 CGCGT |     8
 ATCTG |     8
 GGCAT |     8
 TACCG |     8
 GTTCT |     8
 GGGTC |     8
 CCCGA |     8
 GTCCG |     8
 GCAAG |     8
 TATAT |     8
 TGTCA |     8
 GCTAA |     8
 GGGAT |     8
 GTGGC |     8
 TCTTC |     8
 ATGTC |     8
 TAGCA |     8
 AGCTT |     8
 TGCGC |     8
 TTTAG |     8
 GTAAA |     8
 TTAAT |     8
 GCGGG |     8
 TAGAA |     8
 GGATA |     8
 GGGCT |     8
 GCCGT |     8
 GTACG |     8
 GGGTT |     8
 TAAGC |     8
 AATTG |     8
 TAGTC |     8
 ACCGA |     8
 GTATT |     8
 CGTCG |     8
 CGTCA |     8
 ATGCG |     8
 CGAAC |     8
 GTCGA |     8
 GATTA |     8
 GGTAC |     8
 CTTGA |     8
 TCACG |     8
 CAGCG |     8
 CATGA |     8
 ATATA |     8
 CATAC |     8
 CGTCC |     8
 ATTGC |     8
 TGAGT |     8
 TTCCG |     8
 ATCGG |     8
 TAAAT |     8
 CGAAG |     8
 TAAGA |     8
 CGGTC |     8
 GCGTG |     8
 TTGGG |     8
 GGTGG |     8
 GATTT |     8
 ATCCG |     8
 CTGTA |     8
 GCGGT |     8
 AGGGT |     6
 TGGGG |     6
 CTAAT |     6
 ACGAT |     6
 AACGA |     6
 GCTAG |     6
 ATGGT |     6
 GTCTA |     6
 CGACA |     6
 GGTTC |     6
 TTCCT |     6
 AATTC |     6
 ATGAT |     6
 TTATC |     6
 ATTCA |     6
 ACATT |     6
 ACGGT |     6
 TTCGG |     6
 TACTG |     6
 ATGAG |     6
 ATAGA |     6
 TACAA |     6
 GAGTG |     6
 TAACG |     6
 AAGCT |     6
 CGGTG |     6
 CTACC |     6
 ACGAC |     6
 ACCTA |     6
 AGTGC |     6
 AATGA |     6
 TAATG |     6
 TAGAG |     6
 CATGT |     6
 CCTTC |     6
 GTTTG |     6
 TCATA |     6
 ACCTT |     6
 GCATG |     6
 GAACC |     6
 GGTAT |     6
 CTATG |     6
 TGGTA |     6
 GAACA |     6
 ATGGG |     6
 TCCTA |     6
 GAATT |     6
 GGATT |     6
 CTCAT |     6
 TCGGA |     6
 ATGTT |     6
 ATGAA |     4
 ACTTA |     4
 CAATC |     4
 CTTAC |     4
 GAGTA |     4
 GCGAT |     4
 CATCT |     4
 CGGTT |     4
 CCGAA |     4
 TAGGA |     4
 GATGC |     4
 CGCTA |     4
 GTTAA |     4
 TATGC |     4
 ATCGA |     4
 CCTTA |     4
 TAGGG |     4
 AAATT |     4
 GTTGA |     4
 TAAGG |     4
 ATAGG |     4
 ATCTT |     4
 CTTAA |     4
 CGACC |     4
 TTCGT |     4
 CTAGT |     4
 TTAAG |     4
 CGCGA |     4
 GCGCA |     4
 GCATA |     4
 TGACC |     4
 CAATT |     4
 GGTCG |     4
 CGCAA |     4
 GGATC |     4
 TCGCT |     4
 CATCG |     4
 TATCG |     4
 GACGA |     4
 CGATC |     4
 GTACA |     4
 TCGCG |     4
 AGCGT |     4
 TAGCT |     4
 GTAAC |     4
 CAGTT |     4
 CGAGG |     4
 TCGTC |     4
 TGGCA |     4
 TCGTG |     4
 GGGTA |     4
 CATGG |     4
 ACGAG |     4
 GGTTA |     4
 TCATC |     4
 CCGGT |     4
 GTGCG |     4
 TTAGG |     4
 ATCTA |     4
 AGTTA |     4
 AACAT |     4
 GTGCA |     4
 TGTAC |     4
 TGTCG |     4
 TAGAC |     4
 GTGTT |     4
 CTTAT |     4
 TCTTA |     4
 TTGTA |     4
 TCGCA |     4
 TTGAT |     4
 TGCAT |     4
 TTGGC |     4
 AAGCG |     4
 TTGTT |     4
 TGATT |     4
 TTGAG |     4
 GGGCG |     4
 TCTAT |     4
 GTTGC |     4
 CGTTG |     4
 GCCGA |     4
 TGATA |     4
 GAATA |     4
 GTCGC |     4
 CGATT |     4
 AATTT |     4
 GGTAG |     4
 AGTCG |     4
 GTACT |     4
 TTCGC |     4
 AATCG |     4
 GTATC |     4
 TAGCG |     4
 GCTTG |     4
 GAGTT |     4
 AGTGG |     4
 ATAGC |     4
 TCGTT |     4
 ATACC |     4
 AATAG |     2
 ATTCG |     2
 AGATA |     2
 GTTAG |     2
 TTTCG |     2
 ATATG |     2
 TGATG |     2
 TTGGT |     2
 AAACG |     2
 TGTTG |     2
 CCGTC |     2
 ATTAC |     2
 TGAGA |     2
 GTATA |     2
 TATAC |     2
 ATTGG |     2
 AGGAT |     2
 CGATG |     2
 TTACT |     2
 TACTC |     2
 TTCGA |     2
 ACTCG |     2
 TGCTA |     2
(959 rows)

 kmer  | count 
-------+-------
 CACAA |    31
 CAGGC |    30
 CCCCA |    30
 ACACA |    28
 CACAC |    27
 AGGCT |    27
 CAGCC |    27
 TCCTC |    26
 TCACA |    26
 GCCCC |    26
 CCCAG |    26
 GAAAG |    25
 CCTCC |    25
 ACAGC |    25
 CTGCA |    25
 AGCCT |    25
 CACAG |    24
 GGCCC |    24
 GGAAA |    24
 CAAAA |    24
 GCAGA |    24
 CCAGA |    23
 CAGAG |    23
 AAAGG |    23
 AAAAC |    23
 GGCAG |    22
 TCCCC |    22
 GGAGA |    22
 AAAAG |    22
 CTCCC |    22
 ACGGA |    22
 AGGGA |    22
 GGACA |    21
 CCAAG |    21
 CTCCT |    21
 ACTGC |    21
 CAACA |    21
 CGGCC |    21
 CCCAC |    20
 CCACG |    20
 GGGCA |    20
 ACCAA |    20
 CACGC |    20
 GCGGC |    20
 CCACA |    20
 AAAGA |    19
 TCTCC |    19
 CAGCT |    19
 AAACA |    19
 TGCAC |    19
 ACAAA |    19
 CTCTC |    19
 GCACA |    19
 AACAA |    19
 GACAC |    18
 CCAGG |    18
 GAAAA |    18
 AGGCA |    18
 AAGGA |    18
 ACACG |    18
 ACAAG |    18
 AAGGC |    18
 CTTTT |    18
 CAGGG |    18
 AAGCA |    18
 AGACC |    18
 CTGTG |    18
 TGCTC |    17
 TGGAA |    17
 GCACC |    17
 GCTCT |    17
 AACCA |    17
 TTTCT |    17
 AGAGG |    17
 GGGAG |    17
 AAACC |    17
 AACAC |    17
 TCTTT |    17
 ACGCA |    17
 AGCAG |    17
 GAGGG |    17
 AAATA |    17
 GCCTA |    16
 GCCCA |    16
 AAGAA |    16
 CTAAC |    16
 CACCA |    16
 CCGCC |    16
 TCAAC |    16
 CCAAA |    16
 GGCTT |    16
 AGCCC |    16
 AGGAA |    16
 CAGAA |    16
 TGACA |    16
 GCAGG |    16
 GTCTG |    16
 GACAG |    16
 CTAGG |    16
 GGGAC |    16
 CACTG |    16
 CTCAC |    16
 AGAAA |    16
 ACAGG |    16
 AGAGC |    16
 CCCCG |    16
 CGCCC |    16
 GCCTG |    16
 CTCTG |    16
 CAAGT |    15
 TCTGC |    15
 TCCAG |    15
 TCCAC |    15
 AAAGC |    15
 AACTA |    15
 GTGCC |    15
 AGCCA |    15
 CTGCC |    15
 GCTGT |    15
 GAAGA |    15
 CAGAC |    15
 GGCCA |    15
 CCTCA |    15
 GTGAA |    15
 ACTTT |    15
 CCTGG |    15
 CCGGC |    15
 GCCTC |    15
 ACAAC |    15
 AAGAG |    15
 GCTTC |    14
 CAAGA |    14
 CCCGG |    14
 GCCCG |    14
 CTCCA |    14
 GCAGC |    14
 TTTCA |    14
 AGGCC |    14
 GTCCC |    14
 TAAAA |    14
 CCCTC |    14
 ACGCT |    14
 TGGCC |    14
 TCCCA |    14
 CCCGC |    14
 GAGAG |    14
 CCTCT |    14
 GACGG |    14
 AGAGA |    14
 TTCCA |    14
 CTGTC |    14
 CAAAG |    14
 TCAGG |    14
 CCTGT |    14
 CCCCC |    14
 CCGTG |    14
 CCAAC |    14
 GGAAG |    14
 CCGGG |    13
 AAGCC |    13
 GAACG |    13
 TCTGA |    13
 CAAGG |    13
 GCTGC |    13
 CGGAC |    13
 CCCCT |    13
 TAATC |    13
 AGTCA |    13
 GGAGG |    13
 TTCTT |    13
 TGCCC |    13
 AACAG |    13
 GCCAG |    13
 TGAGG |    13
 CCTAC |    13
 GCTCC |    13
 CATTT |    13
 TCCAA |    13
 GGGAA |    13
 GCCCT |    13
 GGCTG |    13
 CACGG |    13
 CCAGC |    13
 GCTGG |    13
 CTGGG |    13
 GGCAA |    13
 CAGTA |    13
 TTTAA |    12
 CAGTC |    12
 AGCGG |    12
 GCCGC |    12
 CTGGA |    12
 GAGCG |    12
 TTTTC |    12
 CGCTC |    12
 GAGGA |    12
 CTACA |    12
 CAGAT |    12
 CTGAG |    12
 TGTCC |    12
 GAACT |    12
 CCCTA |    12
 AGCTG |    12
 AGGCG |    12
 CGCGC |    12
 AGGAG |    12
 TTCAC |    12
 CTTTG |    12
 ACCAG |    12
 GCAAA |    12
 GCTCA |    12
 TAGGT |    12
 CTCAG |    12
 CGGCT |    12
 CCCAA |    12
 ATTCT |    12
 GTGCT |    12
 CTTTC |    12
 GGTGC |    12
 CTGAC |    12
 AGTCC |    12
 CTGCT |    12
 GAAGG |    12
 GGCAC |    12
 AGGTG |    12
 GGACG |    12
 AAAAA |    12
 TGAAA |    12
 GCCAC |    12
 AAGAC |    12
 GAGAC |    12
 AGATT |    12
 ACAGA |    12
 TAGGC |    12
 CCCTG |    12
 CCAGT |    12
 GGCTC |    12
 AATCA |    12
 TAGCC |    11
 CGCAC |    11
 CTCGA |    11
 CTCGG |    11
 CTACT |    11
 CACAT |    11
 GTCAA |    11
 GCCAA |    11
 CACCC |    11
 ACACC |    11
 CCTCG |    11
 ATGGA |    11
 ACCCC |    11
 GAGCC |    11
 CGCTG |    11
 CGGCA |    11
 GAGGC |    11
 TGCTG |    11
 ACCAC |    11
 CTCCG |    11
 GCCGG |    11
 CAACC |    11
 AAAAT |    11
 CAACT |    11
 CCACT |    11
 CGGAG |    11
 TTTTA |    11
 TGGGA |    11
 ACACT |    11
 ATCCT |    11
 ACTCC |    11
 AAGTC |    11
 TGAAG |    11
 CAAGC |    10
 GGAGC |    10
 AGGGC |    10
 GCTTA |    10
 CGCAG |    10
 AATAA |    10
 TGCAG |    10
 AGATG |    10
 AACCC |    10
 TCAGT |    10
 GACTT |    10
 TGACT |    10
 CCGTT |    10
 ATCAC |    10
 TTTAC |    10
 CGCCT |    10
 ACCTC |    10
 GTCCA |    10
 AACTC |    10
 TACAG |    10
 TTTGA |    10
 CGGGG |    10
 CAACG |    10
 CGCCG |    10
 ACCCT |    10
 CACCG |    10
 TGTGA |    10
 AGAAC |    10
 GTGTC |    10
 TTGGA |    10
 TTCAG |    10
 GACCC |    10
 TGCCT |    10
 GAGTC |    10
 GCTTT |    10
 TGTCT |    10
 GACGC |    10
 TTAAA |    10
 CTACG |    10
 TTCTC |    10
 CTGGC |    10
 CAGGT |    10
 TGCTT |    10
 CTTGC |    10
 CCTGA |    10
 CAGTG |    10
 AGTCT |    10
 GCGCC |    10
 ACGCC |    10
 TTGAA |    10
 TCTCT |    10
 GCGCG |    10
 CACTC |    10
 TTTTT |    10
 TGTGC |    10
 CCCGT |    10
 GGCGG |    10
 ACATC |    10
 GGAAC |    10
 CTTAG |    10
 AGATC |    10
 TGCCA |    10
 ACAGT |    10
 GACTG |    10
 ACCTG |    10
 TGGAG |    10
 AGTGT |    10
 CAAAC |    10
 GTAAT |     9
 CAGCA |     9
 CTGAA |     9
 ACTCT |     9
 TGTGG |     9
 AGGAC |     9
 TCAAA |     9
 ATTAG |     9
 AACGC |     9
 TCACC |     9
 AGCAC |     9
 GCATT |     9
 CGGGA |     9
 TCCGC |     9
 ACTAA |     9
 AATCC |     9
 AAAGT |     9
 GCACT |     9
 AAACT |     9
 AGAAG |     9
 CCATT |     9
 TCCGT |     9
 ACGGC |     9
 TATTC |     9
 CCTAA |     9
 GGACT |     9
 CGGAA |     9
 AACGG |     9
 ATGCT |     9
 ATCCA |     9
 CACGA |     9
 GAAAT |     9
 CATCC |     9
 TCAAG |     9
 AATGG |     9
 CCATA |     9
 CCGCT |     9
 TACCA |     9
 ATAAA |     9
 AAGAT |     9
 AGCTC |     9
 CTCTA |     9
 GAGCA |     9
 ATGAC |     9
 TGGAC |     9
 GCTAC |     8
 GGTTT |     8
 GTGTA |     8
 GCGGA |     8
 CCTTT |     8
 AGGTC |     8
 TTATT |     8
 GTCCT |     8
 AGGGG |     8
 TCGAA |     8
 GTCTC |     8
 TAACA |     8
 AGAAT |     8
 GTATG |     8
 TTCAA |     8
 GACAT |     8
 CTTCC |     8
 CTTTA |     8
 GCTCG |     8
 GAATC |     8
 ATCAG |     8
 ACTAC |     8
 GGCCT |     8
 CAAAT |     8
 TAGAT |     8
 GGGGA |     8
 GTAGG |     8
 GAAAC |     8
 ATCAA |     8
 GACCA |     8
 CGAAA |     8
 CCCAT |     8
 AATGC |     8
 GGGTG |     8
 GGTGA |     8
 CATCA |     8
 GCCAT |     8
 TCCCG |     8
 GAATG |     8
 TTCTA |     8
 AGAGT |     8
 CGGGC |     8
 ATTCC |     8
 ACGGG |     8
 CCGCA |     8
 GCGTC |     8
 TCTCG |     8
 GTCAG |     8
 TAACC |     8
 TCGGC |     8
 TTACC |     8
 TTAGC |     8
 CTTCA |     8
 TCTGT |     8
 AGACT |     8
 AAGTT |     8
 CGTGA |     8
 GGGGC |     8
 TACTT |     8
 GGCCG |     8
 TTGCC |     8
 AACTG |     8
 GCAAC |     8
 ATCCC |     8
 ACTAT |     8
 AACCT |     8
 TTTGT |     8
 GGTCC |     8
 ACGTC |     8
 TACGC |     8
 CCGAC |     8
 CGGCG |     8
 CCTAG |     8
 TCCTG |     8
 GGCTA |     8
 AAGGT |     8
 AGACG |     8
 CGCGG |     8
 CCGCG |     8
 AGGTA |     8
 GTTTC |     8
 CGTCT |     7
 AAATG |     7
 GAAGC |     7
 GGGGG |     7
 GATAA |     7
 ATTTC |     7
 AGCAA |     7
 CCACC |     7
 CACCT |     7
 ACATG |     7
 TCGGG |     7
 TGTTT |     7
 GTACC |     7
 TCTAA |     7
 TGCAA |     7
 GTCAC |     7
 TAATT |     7
 CATTA |     7
 GAGAA |     7
 GTTAC |     7
 TCTAC |     7
 TTAGA |     7
 CAATG |     7
 AGTAG |     7
 GTGTG |     7
 GTAGA |     7
 ACTTG |     7
 ATTTG |     7
 TATTA |     7
 AAGTG |     7
 ATCAT |     7
 TTAGT |     7
 TGAAC |     7
 AGGTT |     7
 CCTGC |     7
 TACCT |     7
 ACATA |     7
 TTAAC |     7
 TATCA |     7
 AAGTA |     7
 TGTAT |     7
 GATCC |     7
 GTTTT |     7
 CTGTT |     7
 TTATG |     7
 TATCC |     7
 TTTCC |     7
 ATAAT |     7
 AATAC |     7
 TCAGC |     7
 ATTAA |     7
 GGAAT |     7
 ATAAG |     7
 TCAGA |     7
 AGCAT |     7
 ACCAT |     7
 GTGGA |     7
 CTCAA |     7
 AGACA |     7
 ATTTA |     7
 CGTGC |     6
 TACGT |     6
 TGGCT |     6
 CGACG |     6
 TTACG |     6
 ACTAG |     6
 AGCCG |     6
 AGTTG |     6
 ACTGT |     6
 CACGT |     6
 TCCTT |     6
 GCTGA |     6
 TGTTA |     6
 GACTC |     6
 TATGG |     6
 CGTGT |     6
 TCTAG |     6
 CGTTC |     6
 CATTC |     6
 GATCA |     6
 CATGC |     6
 AACGT |     6
 CCGGA |     6
 TGAAT |     6
 TTCTG |     6
 ACGCG |     6
 AAGGG |     6
 CTTCG |     6
 TACAT |     6
 CAGGA |     6
 TAACT |     6
 ACGTG |     6
 TGCGG |     6
 TATGT |     6
 ACCCA |     6
 GGTCT |     6
 ACTCA |     6
 ATTAT |     6
 CGAGC |     6
 CGCTT |     6
 AGTAA |     6
 AAATC |     6
 TCACT |     6
 GTGAC |     6
 TTCCC |     6
 ACGAA |     6
 GGATG |     6
 GTTTA |     6
 ATACA |     6
 CTATT |     6
 GTGAG |     6
 GTCTT |     6
 ACCGT |     6
 AGCGC |     6
 TCGAG |     6
 TACGG |     6
 TCCCT |     6
 GATGG |     6
 CGGAT |     6
 GGCGC |     6
 TTGAC |     6
 CGTGG |     6
 CTAAG |     6
 TGGTG |     6
 AATAT |     6
 TTGCA |     6
 ACCGC |     6
 TTTGG |     6
 ACTGG |     6
 TTGCT |     6
 AATCT |     6
 CGCAT |     6
 GATTC |     6
 GCCTT |     6
 ATGTG |     6
 ACAAT |     6
 TTTTG |     6
 GGGCC |     6
 ATGGC |     6
 TGGGC |     6
 TACTA |     6
 TCTGG |     6
 CCTTG |     6
 CATAG |     6
 GGCGT |     6
 CATAA |     6
 TATTT |     6
 CACTT |     6
 TGTGT |     6
 TGTAG |     6
 GCGCT |     6
 ATATC |     6
 ATGTA |     6
 CTCGC |     6
 TTTAT |     6
 TACAC |     6
 ACCGG |     6
 GCACG |     6
 CTCTT |     6
 GTTGG |     5
 ACTTC |     5
 GACGT |     5
 GTTCA |     5
 CGTAC |     5
 GCAAT |     5
 TGAGC |     5
 TGGGT |     5
 CTGGT |     5
 GAGGT |     5
 CACTA |     5
 CCATG |     5
 CATAT |     5
 TCCGG |     5
 GGTCA |     5
 GACCT |     5
 TAGTT |     5
 TTACA |     5
 GGGGT |     5
 GATGA |     5
 TAAGT |     5
 TGGTC |     5
 AACTT |     5
 GACTA |     5
 GTGGG |     5
 AATTA |     5
 TAAAC |     5
 GGAGT |     5
 TGACG |     5
 CGGGT |     5
 GAGCT |     5
 AGTAT |     5
 CTATC |     5
 GGACC |     5
 ATGCA |     5
 ATCTC |     5
 GTGGT |     5
 GGTGT |     5
 TCTCA |     5
 TCATT |     5
 CAATA |     5
 CCAAT |     5
 AATGT |     5
 GATGT |     5
 GATCT |     5
 GACAA |     5
 CTTGG |     5
 TGCCG |     5
 ACGTA |     5
 GCAGT |     5
 CTAGC |     5
 GATTG |     5
 AGTTT |     5
 TGTAA |     5
 AGTGA |     5
 TATGA |     5
 GCATC |     5
 ATACT |     4
 GGTAA |     4
 CTTCT |     4
 TAAAG |     4
 CCATC |     4
 TTGTG |     4
 ACCCG |     4
 GTTCC |     4
 AACCG |     4
 CCGTA |     4
 ACTGA |     4
 TCTTG |     4
 CGACT |     4
 TCGCC |     4
 GAAGT |     4
 CTAAA |     4
 ATATT |     4
 CCCTT |     4
 CCTAT |     4
 GTCGT |     4
 TCGAC |     4
 CGTTA |     4
 TTTGC |     4
 AGTTC |     4
 GTGAT |     4
 CGTTT |     4
 TCCAT |     4
 GTTAT |     4
 TGATC |     4
 AGTAC |     4
 AGCTA |     4
 GTAGC |     4
 CTGCG |     4
 CGTAG |     4
 ACGTT |     4
 CGCCA |     4
 GAGAT |     4
 ATTTT |     4
 GACCG |     4
 ATTGA |     4
 TGGAT |     4
 CGCGT |     4
 ATCTG |     4
 GGCAT |     4
 TACCG |     4
 GTTCT |     4
 GGGTC |     4
 CCCGA |     4
 GTCCG |     4
 GCAAG |     4
 TATAT |     4
 TGTCA |     4
 GCTAA |     4
 GGGAT |     4
 GTGGC |     4
 TCTTC |     4
 ATGTC |     4
 TAGCA |     4
 AGCTT |     4
 TGCGC |     4
 TTTAG |     4
 GTAAA |     4
 TTAAT |     4
 GCGGG |     4
 TAGAA |     4
 GGATA |     4
 GGGCT |     4
 GCCGT |     4
 GTACG |     4
 GGGTT |     4
 TAAGC |     4
 AATTG |     4
 TAGTC |     4
 ACCGA |     4
 GTATT |     4
 CGTCG |     4
 CGTCA |     4
 ATGCG |     4
 CGAAC |     4
 GTCGA |     4
 GATTA |     4
 GGTAC |     4
 CTTGA |     4
 TCACG |     4
 CAGCG |     4
 CATGA |     4
 ATATA |     4
 CATAC |     4
 CGTCC |     4
 ATTGC |     4
 TGAGT |     4
 TTCCG |     4
 ATCGG |     4
 TAAAT |     4
 CGAAG |     4
 TAAGA |     4
 CGGTC |     4
 GCGTG |     4
 TTGGG |     4
 GGTGG |     4
 GATTT |     4
 ATCCG |     4
 CTGTA |     4
 GCGGT |     4
 AGGGT |     3
 TGGGG |     3
 CTAAT |     3
 ACGAT |     3
 AACGA |     3
 GCTAG |     3
 ATGGT |     3
 GTCTA |     3
 CGACA |     3
 GGTTC |     3
 TTCCT |     3
 AATTC |     3
 ATGAT |     3
 TTATC |     3
 ATTCA |     3
 ACATT |     3
 ACGGT |     3
 TTCGG |     3
 TACTG |     3
 ATGAG |     3
 ATAGA |     3
 TACAA |     3
 GAGTG |     3
 TAACG |     3
 AAGCT |     3
 CGGTG |     3
 CTACC |     3
 ACGAC |     3
 ACCTA |     3
 AGTGC |     3
 AATGA |     3
 TAATG |     3
 TAGAG |     3
 CATGT |     3
 CCTTC |     3
 GTTTG |     3
 TCATA |     3
 ACCTT |     3
 GCATG |     3
 GAACC |     3
 GGTAT |     3
 CTATG |     3
 TGGTA |     3
 GAACA |     3
 ATGGG |     3
 TCCTA |     3
 GAATT |     3
 GGATT |     3
 CTCAT |     3
 TCGGA |     3
 ATGTT |     3
 ATGAA |     2
 ACTTA |     2
 CAATC |     2
 CTTAC |     2
 GAGTA |     2
 GCGAT |     2
 CATCT |     2
 CGGTT |     2
 CCGAA |     2
 TAGGA |     2
 GATGC |     2
 CGCTA |     2
 GTTAA |     2
 TATGC |     2
 ATCGA |     2
 CCTTA |     2
 TAGGG |     2
 AAATT |     2
 GTTGA |     2
 TAAGG |     2
 ATAGG |     2
 ATCTT |     2
 CTTAA |     2
 CGACC |     2
 TTCGT |     2
 CTAGT |     2
 TTAAG |     2
 CGCGA |     2
 GCGCA |     2
 GCATA |     2
 TGACC |     2
 CAATT |     2
 GGTCG |     2
 CGCAA |     2
 GGATC |     2
 TCGCT |     2
 CATCG |     2
 TATCG |     2
 GACGA |     2
 CGATC |     2
 GTACA |     2
 TCGCG |     2
 AGCGT |     2
 TAGCT |     2
 GTAAC |     2
 CAGTT |     2
 CGAGG |     2
 TCGTC |     2
 TGGCA |     2
 TCGTG |     2
 GGGTA |     2
 CATGG |     2
 ACGAG |     2
 GGTTA |     2
 TCATC |     2
 CCGGT |     2
 GTGCG |     2
 TTAGG |     2
 ATCTA |     2
 AGTTA |     2
 AACAT |     2
 GTGCA |     2
 TGTAC |     2
 TGTCG |     2
 TAGAC |     2
 GTGTT |     2
 CTTAT |     2
 TCTTA |     2
 TTGTA |     2
 TCGCA |     2
 TTGAT |     2
 TGCAT |     2
 TTGGC |     2
 AAGCG |     2
 TTGTT |     2
 TGATT |     2
 TTGAG |     2
 GGGCG |     2
 TCTAT |     2
 GTTGC |     2
 CGTTG |     2
 GCCGA |     2
 TGATA |     2
 GAATA |     2
 GTCGC |     2
 CGATT |     2
 AATTT |     2
 GGTAG |     2
 AGTCG |     2
 GTACT |     2
 TTCGC |     2
 AATCG |     2
 GTATC |     2
 TAGCG |     2
 GCTTG |     2
 GAGTT |     2
 AGTGG |     2
 ATAGC |     2
 TCGTT |     2
 ATACC |     2
 AATAG |     1
 ATTCG |     1
 AGATA |     1
 GTTAG |     1
 TTTCG |     1
 ATATG |     1
 TGATG |     1
 TTGGT |     1
 AAACG |     1
 TGTTG |     1
 CCGTC |     1
 ATTAC |     1
 TGAGA |     1
 GTATA |     1
 TATAC |     1
 ATTGG |     1
 AGGAT |     1
 CGATG |     1
 TTACT |     1
 TACTC |     1
 TTCGA |     1
 ACTCG |     1
 TGCTA |     1
(959 rows)

                      QUERY PLAN                      
------------------------------------------------------
 Seq Scan on kmers  (cost=0.00..1.06 rows=6 width=36)
(1 row)

                      QUERY PLAN                      
------------------------------------------------------
 Seq Scan on kmers  (cost=0.00..1.07 rows=3 width=36)
   Filter: (kmer = 'ACGGTTA'::kmer)
(2 rows)

                      QUERY PLAN                      
------------------------------------------------------
 Seq Scan on kmers  (cost=0.00..1.07 rows=3 width=36)
   Filter: (kmer < 'ACGGTTA'::kmer)
(2 rows)

                      QUERY PLAN                      
------------------------------------------------------
 Seq Scan on kmers  (cost=0.00..1.07 rows=2 width=36)
   Filter: equals('ACGGTTA'::kmer, kmer)
(2 rows)

                      QUERY PLAN                      
------------------------------------------------------
 Seq Scan on kmers  (cost=0.00..1.07 rows=2 width=36)
   Filter: starts_with('GAT'::kmer, kmer)
(2 rows)

                      QUERY PLAN                      
------------------------------------------------------
 Seq Scan on kmers  (cost=0.00..1.07 rows=2 width=36)
   Filter: starts_with('ACG'::kmer, kmer)
(2 rows)

                     QUERY PLAN                      
-----------------------------------------------------
 Seq Scan on kmers  (cost=0.00..1.07 rows=6 width=4)
(1 row)

                                QUERY PLAN                                
--------------------------------------------------------------------------
 Function Scan on generate_kmers k  (cost=0.00..10.00 rows=1000 width=32)
(1 row)

                      QUERY PLAN                      
------------------------------------------------------
 Seq Scan on kmers  (cost=0.00..1.07 rows=2 width=36)
   Filter: contains('ANGTA'::qkmer, kmer)
(2 rows)

                QUERY PLAN                 
-------------------------------------------
 Result  (cost=0.00..0.01 rows=1 width=32)
(1 row)

                QUERY PLAN                 
-------------------------------------------
 Result  (cost=0.00..0.01 rows=1 width=36)
(1 row)

                QUERY PLAN                 
-------------------------------------------
 Result  (cost=0.00..0.01 rows=1 width=64)
(1 row)

                      QUERY PLAN                      
------------------------------------------------------
 Seq Scan on kmers  (cost=0.00..1.07 rows=6 width=36)
(1 row)

                      QUERY PLAN                      
------------------------------------------------------
 Seq Scan on kmers  (cost=0.00..1.07 rows=6 width=33)
(1 row)

                      QUERY PLAN                      
------------------------------------------------------
 Seq Scan on kmers  (cost=0.00..1.07 rows=6 width=33)
(1 row)

                             QUERY PLAN                              
---------------------------------------------------------------------
 Nested Loop  (cost=0.00..2.68 rows=12 width=72)
   Join Filter: equals(k1.kmer, k2.kmer)
   ->  Seq Scan on kmers k1  (cost=0.00..1.06 rows=6 width=36)
   ->  Materialize  (cost=0.00..1.09 rows=6 width=36)
         ->  Seq Scan on kmers k2  (cost=0.00..1.06 rows=6 width=36)
(5 rows)

                QUERY PLAN                 
-------------------------------------------
 Result  (cost=0.00..0.01 rows=1 width=32)
(1 row)

                QUERY PLAN                 
-------------------------------------------
 Result  (cost=0.00..0.01 rows=1 width=32)
(1 row)

SET
               kmer               
----------------------------------
 AAAGAGGCTAACAGGCTTTTGAAAAGTTATTC
(1 row)

 kmer  
-------
 AAAGA
 AAAGA
 AAAGA
 AAAGA
 AAAGA
 AAAGA
 AAAGA
 AAAGA
 AAAGA
 AAAGA
 AAAGA
 AAAGA
 AAAGA
 AAAGA
 AAAGA
 AAAGA
 AAAGA
 AAAGA
 AAAGA
(19 rows)

               kmer               
----------------------------------
 ATGCAAACAAAACACAAAAGGAACAAATGGGA
 ATGGAAAGGTGCTCAACATCATTAGCCATCAG
 ATGGCCAACAGGCAAATGGAAAGGTGCTCAAC
 ATGCGGATGGCCAACAGGCAAATGGAAAGGTG
 ATGGGACTACGTCAAAGTAAAAGAAATCTTCT
(5 rows)

                                                                QUERY PLAN                                                                
------------------------------------------------------------------------------------------------------------------------------------------
 Index Only Scan using kmer_spgist_idx on sample_32mers  (cost=0.15..238.22 rows=4004 width=41) (actual time=0.011..0.012 rows=1 loops=1)
   Index Cond: (kmer = 'AAAGAGGCTAACAGGCTTTTGAAAAGTTATTC'::kmer)
   Heap Fetches: 0
 Planning Time: 0.024 ms
 Execution Time: 0.019 ms
(5 rows)

                                                                 QUERY PLAN                                                                 
--------------------------------------------------------------------------------------------------------------------------------------------
 Index Only Scan using kmer_spgist_idx on sample_32mers  (cost=0.15..476.31 rows=2670 width=41) (actual time=1.624..1.917 rows=126 loops=1)
   Filter: starts_with('ACG'::kmer, kmer)
   Rows Removed by Filter: 7883
   Heap Fetches: 0
 Planning Time: 0.036 ms
 Execution Time: 1.931 ms
(6 rows)

                                                                QUERY PLAN                                                                
------------------------------------------------------------------------------------------------------------------------------------------
 Index Only Scan using kmer_spgist_idx on sample_32mers  (cost=0.15..476.31 rows=4004 width=41) (actual time=0.926..0.926 rows=0 loops=1)
   Filter: ('ANGTA'::qkmer @> kmer)
   Rows Removed by Filter: 8009
   Heap Fetches: 0
 Planning Time: 0.028 ms
 Execution Time: 0.934 ms
(6 rows)

